Archive member included to satisfy reference by file (symbol)

/usr/lib/gcc/arm-none-eabi/13.2.1/thumb/v6-m/nofp/libgcc.a(_dvmd_tls.o)
                              CMakeFiles/adc.dir/home/kwon/pico-sdk/src/rp2_common/pico_divider/divider_hardware.S.o (__aeabi_idiv0)
/usr/lib/gcc/arm-none-eabi/13.2.1/../../../arm-none-eabi/lib/thumb/v6-m/nofp/libg.a(libc_a-atof.o)
                              CMakeFiles/adc.dir/src/main.c.o (atof)
/usr/lib/gcc/arm-none-eabi/13.2.1/../../../arm-none-eabi/lib/thumb/v6-m/nofp/libg.a(libc_a-strtod.o)
                              /usr/lib/gcc/arm-none-eabi/13.2.1/../../../arm-none-eabi/lib/thumb/v6-m/nofp/libg.a(libc_a-atof.o) (strtod)
/usr/lib/gcc/arm-none-eabi/13.2.1/../../../arm-none-eabi/lib/thumb/v6-m/nofp/libg.a(libc_a-locale.o)
                              /usr/lib/gcc/arm-none-eabi/13.2.1/../../../arm-none-eabi/lib/thumb/v6-m/nofp/libg.a(libc_a-strtod.o) (__global_locale)
/usr/lib/gcc/arm-none-eabi/13.2.1/../../../arm-none-eabi/lib/thumb/v6-m/nofp/libg.a(libc_a-strcmp.o)
                              /usr/lib/gcc/arm-none-eabi/13.2.1/../../../arm-none-eabi/lib/thumb/v6-m/nofp/libg.a(libc_a-locale.o) (strcmp)
/usr/lib/gcc/arm-none-eabi/13.2.1/../../../arm-none-eabi/lib/thumb/v6-m/nofp/libg.a(libc_a-gdtoa-gethex.o)
                              /usr/lib/gcc/arm-none-eabi/13.2.1/../../../arm-none-eabi/lib/thumb/v6-m/nofp/libg.a(libc_a-strtod.o) (__gethex)
/usr/lib/gcc/arm-none-eabi/13.2.1/../../../arm-none-eabi/lib/thumb/v6-m/nofp/libg.a(libc_a-mbtowc_r.o)
                              /usr/lib/gcc/arm-none-eabi/13.2.1/../../../arm-none-eabi/lib/thumb/v6-m/nofp/libg.a(libc_a-locale.o) (__ascii_mbtowc)
/usr/lib/gcc/arm-none-eabi/13.2.1/../../../arm-none-eabi/lib/thumb/v6-m/nofp/libg.a(libc_a-strncmp.o)
                              /usr/lib/gcc/arm-none-eabi/13.2.1/../../../arm-none-eabi/lib/thumb/v6-m/nofp/libg.a(libc_a-strtod.o) (strncmp)
/usr/lib/gcc/arm-none-eabi/13.2.1/../../../arm-none-eabi/lib/thumb/v6-m/nofp/libg.a(libc_a-calloc.o)
                              CMakeFiles/adc.dir/home/kwon/pico-sdk/src/rp2_common/pico_malloc/malloc.c.o (calloc)
/usr/lib/gcc/arm-none-eabi/13.2.1/../../../arm-none-eabi/lib/thumb/v6-m/nofp/libg.a(libc_a-errno.o)
                              /usr/lib/gcc/arm-none-eabi/13.2.1/../../../arm-none-eabi/lib/thumb/v6-m/nofp/libg.a(libc_a-strtod.o) (__errno)
/usr/lib/gcc/arm-none-eabi/13.2.1/../../../arm-none-eabi/lib/thumb/v6-m/nofp/libg.a(libc_a-impure.o)
                              /usr/lib/gcc/arm-none-eabi/13.2.1/../../../arm-none-eabi/lib/thumb/v6-m/nofp/libg.a(libc_a-strtod.o) (_impure_ptr)
/usr/lib/gcc/arm-none-eabi/13.2.1/../../../arm-none-eabi/lib/thumb/v6-m/nofp/libg.a(libc_a-callocr.o)
                              /usr/lib/gcc/arm-none-eabi/13.2.1/../../../arm-none-eabi/lib/thumb/v6-m/nofp/libg.a(libc_a-calloc.o) (_calloc_r)
/usr/lib/gcc/arm-none-eabi/13.2.1/../../../arm-none-eabi/lib/thumb/v6-m/nofp/libg.a(libc_a-realloc.o)
                              CMakeFiles/adc.dir/home/kwon/pico-sdk/src/rp2_common/pico_malloc/malloc.c.o (realloc)
/usr/lib/gcc/arm-none-eabi/13.2.1/../../../arm-none-eabi/lib/thumb/v6-m/nofp/libg.a(libc_a-mallocr.o)
                              /usr/lib/gcc/arm-none-eabi/13.2.1/../../../arm-none-eabi/lib/thumb/v6-m/nofp/libg.a(libc_a-callocr.o) (_malloc_r)
/usr/lib/gcc/arm-none-eabi/13.2.1/../../../arm-none-eabi/lib/thumb/v6-m/nofp/libg.a(libc_a-freer.o)
                              /usr/lib/gcc/arm-none-eabi/13.2.1/../../../arm-none-eabi/lib/thumb/v6-m/nofp/libg.a(libc_a-mallocr.o) (_free_r)
/usr/lib/gcc/arm-none-eabi/13.2.1/../../../arm-none-eabi/lib/thumb/v6-m/nofp/libg.a(libc_a-memcmp.o)
                              CMakeFiles/adc.dir/home/kwon/pico-sdk/src/rp2_common/pico_atomic/atomic.c.o (memcmp)
/usr/lib/gcc/arm-none-eabi/13.2.1/../../../arm-none-eabi/lib/thumb/v6-m/nofp/libg.a(libc_a-wctomb_r.o)
                              /usr/lib/gcc/arm-none-eabi/13.2.1/../../../arm-none-eabi/lib/thumb/v6-m/nofp/libg.a(libc_a-locale.o) (__ascii_wctomb)
/usr/lib/gcc/arm-none-eabi/13.2.1/../../../arm-none-eabi/lib/thumb/v6-m/nofp/libg.a(libc_a-malloc.o)
                              CMakeFiles/adc.dir/home/kwon/pico-sdk/src/rp2_common/pico_malloc/malloc.c.o (malloc)
/usr/lib/gcc/arm-none-eabi/13.2.1/../../../arm-none-eabi/lib/thumb/v6-m/nofp/libg.a(libc_a-sysconf.o)
                              /usr/lib/gcc/arm-none-eabi/13.2.1/../../../arm-none-eabi/lib/thumb/v6-m/nofp/libg.a(libc_a-mallocr.o) (sysconf)
/usr/lib/gcc/arm-none-eabi/13.2.1/../../../arm-none-eabi/lib/thumb/v6-m/nofp/libg.a(libc_a-init.o)
                              /usr/lib/gcc/arm-none-eabi/13.2.1/../../../arm-none-eabi/lib/thumb/v6-m/nofp/crt0.o (__libc_init_array)
/usr/lib/gcc/arm-none-eabi/13.2.1/../../../arm-none-eabi/lib/thumb/v6-m/nofp/libg.a(libc_a-reallocr.o)
                              /usr/lib/gcc/arm-none-eabi/13.2.1/../../../arm-none-eabi/lib/thumb/v6-m/nofp/libg.a(libc_a-realloc.o) (_realloc_r)
[...]
Memory Configuration

Name             Origin             Length             Attributes
FLASH            0x10000000         0x00200000         xr
RAM              0x20000000         0x00040000         xrw
SCRATCH_X        0x20040000         0x00001000         xrw
SCRATCH_Y        0x20041000         0x00001000         xrw
*default*        0x00000000         0xffffffff

Linker script and memory map

LOAD /usr/lib/gcc/arm-none-eabi/13.2.1/thumb/v6-m/nofp/crti.o
LOAD /usr/lib/gcc/arm-none-eabi/13.2.1/thumb/v6-m/nofp/crtbegin.o
LOAD /usr/lib/gcc/arm-none-eabi/13.2.1/../../../arm-none-eabi/lib/thumb/v6-m/nofp/crt0.o

.flash_begin    0x10000000        0x0
                0x10000000                        __flash_binary_start = .

.boot2          0x10000000      0x100
                0x10000000                        __boot2_start__ = .
 *(.boot2)
 .boot2         0x10000000      0x100 pico-sdk/src/rp2040/boot_stage2/CMakeFiles/bs2_default_library.dir/bs2_default_padded_checksummed.S.o
                0x10000100                        __boot2_end__ = .
                0x00000001                        ASSERT (((__boot2_end__ - __boot2_start__) == 0x100), ERROR: Pico second stage bootloader must be 256 bytes in size)

.text           0x10000100     0x9ff8
                0x10000100                        __logical_binary_start = .
 *(.vectors)
 .vectors       0x10000100       0xd4 CMakeFiles/adc.dir/home/kwon/pico-sdk/src/rp2_common/pico_crt0/crt0.S.o
                0x10000100                __vectors
                0x10000100                __VECTOR_TABLE
                0x100001c0                isr_irq30
                0x100001c0                __unhandled_user_irq
                0x100001c0                isr_irq13
                0x100001c0                isr_irq27
                0x100001c0                isr_irq31
                0x100001c0                isr_irq5
                0x100001c0                isr_irq11
                0x100001c0                isr_irq23
                0x100001c0                isr_irq18
                0x100001c0                isr_irq28
                0x100001c0                isr_irq19
                0x100001c0                isr_irq0
                0x100001c0                isr_irq6
                0x100001c0                isr_irq22
                0x100001c0                isr_irq17
                0x100001c0                isr_irq14
                0x100001c0                __vectors_end
                0x100001c0                __default_isrs_start
                0x100001c0                isr_irq2
                0x100001c0                isr_irq10
                0x100001c0                isr_irq8
                0x100001c0                isr_irq24
                0x100001c0                isr_irq1
                0x100001c0                isr_irq7
                0x100001c0                isr_irq21
                0x100001c0                isr_irq20
                0x100001c0                isr_irq15
                0x100001c0                isr_irq25
                0x100001c0                isr_irq4
                0x100001c0                isr_irq16
                0x100001c0                isr_irq29
                0x100001c0                isr_irq26
                0x100001c0                isr_irq3
                0x100001c0                isr_irq12
                0x100001c0                isr_irq9
                0x100001c6                unhandled_user_irq_num_in_r0
                0x100001c8                isr_invalid
                0x100001ca                isr_nmi
                0x100001cc                isr_hardfault
                0x100001ce                isr_svcall
                0x100001d0                isr_pendsv
                0x100001d2                isr_systick
                0x100001d4                __default_isrs_end
 *(.binary_info_header)
 .binary_info_header
                0x100001d4       0x14 CMakeFiles/adc.dir/home/kwon/pico-sdk/src/rp2_common/pico_crt0/crt0.S.o
                0x100001e8                        __binary_info_header_end = .
 *(.embedded_block)
                0x100001e8                        __embedded_block_end = .
 *(.reset)
 .reset         0x100001e8       0x9c CMakeFiles/adc.dir/home/kwon/pico-sdk/src/rp2_common/pico_crt0/crt0.S.o
                0x100001e8                _entry_point
 *(.init)
 .init          0x10000284        0x4 /usr/lib/gcc/arm-none-eabi/13.2.1/thumb/v6-m/nofp/crti.o
                0x10000284                _init
 *(EXCLUDE_FILE(*libm.a: *libc.a:*lib_a-mem*.o *libgcc.a:) .text*)
 .text          0x10000288       0x98 /usr/lib/gcc/arm-none-eabi/13.2.1/thumb/v6-m/nofp/crtbegin.o
 .text.startup.main
                0x10000320      0x1d4 CMakeFiles/adc.dir/src/main.c.o
                0x10000320                main
 .text.gpio_set_function
                0x100004f4       0x34 CMakeFiles/adc.dir/home/kwon/pico-sdk/src/rp2_common/hardware_gpio/gpio.c.o
                0x100004f4                gpio_set_function
 .text.gpio_set_pulls
                0x10000528       0x28 CMakeFiles/adc.dir/home/kwon/pico-sdk/src/rp2_common/hardware_gpio/gpio.c.o
                0x10000528                gpio_set_pulls
 .text.gpio_set_input_enabled
                0x10000550       0x28 CMakeFiles/adc.dir/home/kwon/pico-sdk/src/rp2_common/hardware_gpio/gpio.c.o
                0x10000550                gpio_set_input_enabled
 .text.gpio_init
                0x10000578       0x40 CMakeFiles/adc.dir/home/kwon/pico-sdk/src/rp2_common/hardware_gpio/gpio.c.o
                0x10000578                gpio_init
 .text.rp2040_chip_version
                0x100005b8        0xc CMakeFiles/adc.dir/home/kwon/pico-sdk/src/rp2040/pico_platform/platform.c.o
                0x100005b8                rp2040_chip_version
 .text.panic    0x100005c4       0x30 CMakeFiles/adc.dir/home/kwon/pico-sdk/src/rp2_common/pico_platform_panic/panic.c.o
                0x100005c4                panic
 .text.hw_claim_or_assert
                0x100005f4       0x44 CMakeFiles/adc.dir/home/kwon/pico-sdk/src/common/hardware_claim/claim.c.o
                0x100005f4                hw_claim_or_assert
 .text.hw_claim_unused_from_range
                0x10000638       0x9c CMakeFiles/adc.dir/home/kwon/pico-sdk/src/common/hardware_claim/claim.c.o
                0x10000638                hw_claim_unused_from_range
 .text.next_striped_spin_lock_num
                0x100006d4       0x18 CMakeFiles/adc.dir/home/kwon/pico-sdk/src/rp2_common/hardware_sync/sync.c.o
                0x100006d4                next_striped_spin_lock_num
 .text.spin_lock_claim_unused
                0x100006ec       0x24 CMakeFiles/adc.dir/home/kwon/pico-sdk/src/rp2_common/hardware_sync/sync.c.o
                0x100006ec                spin_lock_claim_unused
 .text.spin_locks_reset
                0x10000710       0x1c CMakeFiles/adc.dir/home/kwon/pico-sdk/src/rp2_common/hardware_sync_spin_lock/sync_spin_lock.c.o
                0x10000710                spin_locks_reset
 .text.runtime_init_per_core_irq_priorities
                0x1000072c       0x24 CMakeFiles/adc.dir/home/kwon/pico-sdk/src/rp2_common/hardware_irq/irq.c.o
                0x1000072c                runtime_init_per_core_irq_priorities
 .text.irq_set_enabled
                0x10000750       0x24 CMakeFiles/adc.dir/home/kwon/pico-sdk/src/rp2_common/hardware_irq/irq.c.o
                0x10000750                irq_set_enabled
 .text.irq_is_enabled
                0x10000774       0x18 CMakeFiles/adc.dir/home/kwon/pico-sdk/src/rp2_common/hardware_irq/irq.c.o
                0x10000774                irq_is_enabled
 .text.irq_set_pending
                0x1000078c       0x10 CMakeFiles/adc.dir/home/kwon/pico-sdk/src/rp2_common/hardware_irq/irq.c.o
                0x1000078c                irq_set_pending
 .text.irq_has_shared_handler
                0x1000079c       0x24 CMakeFiles/adc.dir/home/kwon/pico-sdk/src/rp2_common/hardware_irq/irq.c.o
                0x1000079c                irq_has_shared_handler
 .text.irq_set_exclusive_handler
                0x100007c0       0x54 CMakeFiles/adc.dir/home/kwon/pico-sdk/src/rp2_common/hardware_irq/irq.c.o
                0x100007c0                irq_set_exclusive_handler
 .text.irq_add_shared_handler
                0x10000814      0x1f4 CMakeFiles/adc.dir/home/kwon/pico-sdk/src/rp2_common/hardware_irq/irq.c.o
                0x10000814                irq_add_shared_handler
 .text.irq_add_tail_to_free_list
                0x10000a08       0xb4 CMakeFiles/adc.dir/home/kwon/pico-sdk/src/rp2_common/hardware_irq/irq.c.o
                0x10000a08                irq_add_tail_to_free_list
 .text.user_irq_claim_unused
                0x10000abc       0x2c CMakeFiles/adc.dir/home/kwon/pico-sdk/src/rp2_common/hardware_irq/irq.c.o
                0x10000abc                user_irq_claim_unused
 .text.lock_init
                0x10000ae8       0x10 CMakeFiles/adc.dir/home/kwon/pico-sdk/src/common/pico_sync/lock_core.c.o
                0x10000ae8                lock_init
 .text.runtime_init_mutex
                0x10000af8       0x50 CMakeFiles/adc.dir/home/kwon/pico-sdk/src/common/pico_sync/mutex.c.o
                0x10000af8                runtime_init_mutex
 .text.mutex_init
                0x10000b48       0x1c CMakeFiles/adc.dir/home/kwon/pico-sdk/src/common/pico_sync/mutex.c.o
                0x10000b48                mutex_init
 .text.critical_section_init
                0x10000b64       0x1c CMakeFiles/adc.dir/home/kwon/pico-sdk/src/common/pico_sync/critical_section.c.o
                0x10000b64                critical_section_init
 .text.critical_section_init_with_lock_num
                0x10000b80       0x14 CMakeFiles/adc.dir/home/kwon/pico-sdk/src/common/pico_sync/critical_section.c.o
                0x10000b80                critical_section_init_with_lock_num
 .text.sleep_until_callback
                0x10000b94       0x30 CMakeFiles/adc.dir/home/kwon/pico-sdk/src/common/pico_time/time.c.o
 .text.alarm_pool_irq_handler
                0x10000bc4      0x2fc CMakeFiles/adc.dir/home/kwon/pico-sdk/src/common/pico_time/time.c.o
 .text.runtime_init_default_alarm_pool
                0x10000ec0       0xdc CMakeFiles/adc.dir/home/kwon/pico-sdk/src/common/pico_time/time.c.o
                0x10000ec0                runtime_init_default_alarm_pool
 .text.alarm_pool_get_default
                0x10000f9c        0x8 CMakeFiles/adc.dir/home/kwon/pico-sdk/src/common/pico_time/time.c.o
                0x10000f9c                alarm_pool_get_default
 .text.alarm_pool_add_alarm_at
                0x10000fa4       0xd4 CMakeFiles/adc.dir/home/kwon/pico-sdk/src/common/pico_time/time.c.o
                0x10000fa4                alarm_pool_add_alarm_at
 .text.alarm_pool_add_alarm_at_force_in_context
                0x10001078       0xb0 CMakeFiles/adc.dir/home/kwon/pico-sdk/src/common/pico_time/time.c.o
                0x10001078                alarm_pool_add_alarm_at_force_in_context
 .text.alarm_pool_cancel_alarm
                0x10001128       0x74 CMakeFiles/adc.dir/home/kwon/pico-sdk/src/common/pico_time/time.c.o
                0x10001128                alarm_pool_cancel_alarm
 .text.alarm_pool_core_num
                0x1000119c        0x4 CMakeFiles/adc.dir/home/kwon/pico-sdk/src/common/pico_time/time.c.o
                0x1000119c                alarm_pool_core_num
 .text.sleep_until
                0x100011a0       0xd8 CMakeFiles/adc.dir/home/kwon/pico-sdk/src/common/pico_time/time.c.o
                0x100011a0                sleep_until
 .text.sleep_ms
                0x10001278       0x38 CMakeFiles/adc.dir/home/kwon/pico-sdk/src/common/pico_time/time.c.o
                0x10001278                sleep_ms
 .text.best_effort_wfe_or_timeout
                0x100012b0       0xf8 CMakeFiles/adc.dir/home/kwon/pico-sdk/src/common/pico_time/time.c.o
                0x100012b0                best_effort_wfe_or_timeout
 .text.timer_hardware_alarm_claim
                0x100013a8       0x14 CMakeFiles/adc.dir/home/kwon/pico-sdk/src/rp2_common/hardware_timer/timer.c.o
                0x100013a8                timer_hardware_alarm_claim
 .text.timer_time_us_64
                0x100013bc       0x10 CMakeFiles/adc.dir/home/kwon/pico-sdk/src/rp2_common/hardware_timer/timer.c.o
                0x100013bc                timer_time_us_64
 .text.time_us_64
                0x100013cc       0x14 CMakeFiles/adc.dir/home/kwon/pico-sdk/src/rp2_common/hardware_timer/timer.c.o
                0x100013cc                time_us_64
 .text.busy_wait_us
                0x100013e0       0x68 CMakeFiles/adc.dir/home/kwon/pico-sdk/src/rp2_common/hardware_timer/timer.c.o
                0x100013e0                busy_wait_us
 .text.busy_wait_until
                0x10001448       0x20 CMakeFiles/adc.dir/home/kwon/pico-sdk/src/rp2_common/hardware_timer/timer.c.o
                0x10001448                busy_wait_until
 .text.clock_configure_int_divider
                0x10001468       0xf4 CMakeFiles/adc.dir/home/kwon/pico-sdk/src/rp2_common/hardware_clocks/clocks.c.o
                0x10001468                clock_configure_int_divider
 .text.clock_configure_undivided
                0x1000155c       0xe8 CMakeFiles/adc.dir/home/kwon/pico-sdk/src/rp2_common/hardware_clocks/clocks.c.o
                0x1000155c                clock_configure_undivided
 .text.clock_get_hz
                0x10001644        0xc CMakeFiles/adc.dir/home/kwon/pico-sdk/src/rp2_common/hardware_clocks/clocks.c.o
                0x10001644                clock_get_hz
 .text.pll_init
                0x10001650       0xa4 CMakeFiles/adc.dir/home/kwon/pico-sdk/src/rp2_common/hardware_pll/pll.c.o
                0x10001650                pll_init
 .text.watchdog_reboot
                0x100016f4       0x9c CMakeFiles/adc.dir/home/kwon/pico-sdk/src/rp2_common/hardware_watchdog/watchdog.c.o
                0x100016f4                watchdog_reboot
 .text.tick_start
                0x10001790       0x10 CMakeFiles/adc.dir/home/kwon/pico-sdk/src/rp2_common/hardware_ticks/ticks.c.o
                0x10001790                tick_start
 .text.rom_func_lookup
                0x100017a0       0x10 CMakeFiles/adc.dir/home/kwon/pico-sdk/src/rp2_common/pico_bootrom/bootrom.c.o
                0x100017a0                rom_func_lookup
 .text.rom_data_lookup
                0x100017b0       0x10 CMakeFiles/adc.dir/home/kwon/pico-sdk/src/rp2_common/pico_bootrom/bootrom.c.o
                0x100017b0                rom_data_lookup
 .text.rom_funcs_lookup
                0x100017c0       0x44 CMakeFiles/adc.dir/home/kwon/pico-sdk/src/rp2_common/pico_bootrom/bootrom.c.o
                0x100017c0                rom_funcs_lookup
 .text.rom_reset_usb_boot_extra
                0x10001804       0x28 CMakeFiles/adc.dir/home/kwon/pico-sdk/src/rp2_common/pico_bootrom/bootrom.c.o
                0x10001804                rom_reset_usb_boot_extra
 .text.xosc_init
                0x1000182c       0x28 CMakeFiles/adc.dir/home/kwon/pico-sdk/src/rp2_common/hardware_xosc/xosc.c.o
                0x1000182c                xosc_init
 .text.first_per_core_initializer
                0x10001854        0x4 CMakeFiles/adc.dir/home/kwon/pico-sdk/src/rp2_common/pico_runtime/runtime.c.o
 .text.hard_assertion_failure
                0x10001858        0xc CMakeFiles/adc.dir/home/kwon/pico-sdk/src/rp2_common/pico_runtime/runtime.c.o
                0x10001858                hard_assertion_failure
 .text.runtime_run_initializers
                0x10001864       0x28 CMakeFiles/adc.dir/home/kwon/pico-sdk/src/rp2_common/pico_runtime/runtime.c.o
                0x10001864                runtime_run_initializers
 .text.runtime_init_early_resets
                0x1000188c       0x2c CMakeFiles/adc.dir/home/kwon/pico-sdk/src/rp2_common/pico_runtime_init/runtime_init.c.o
                0x1000188c                runtime_init_early_resets
 .text.runtime_init_usb_power_down
                0x100018b8       0x1c CMakeFiles/adc.dir/home/kwon/pico-sdk/src/rp2_common/pico_runtime_init/runtime_init.c.o
                0x100018b8                runtime_init_usb_power_down
 .text.runtime_init_post_clock_resets
                0x100018d4       0x20 CMakeFiles/adc.dir/home/kwon/pico-sdk/src/rp2_common/pico_runtime_init/runtime_init.c.o
                0x100018d4                runtime_init_post_clock_resets
 .text.runtime_init_rp2040_gpio_ie_disable
                0x100018f4       0x14 CMakeFiles/adc.dir/home/kwon/pico-sdk/src/rp2_common/pico_runtime_init/runtime_init.c.o
                0x100018f4                runtime_init_rp2040_gpio_ie_disable
 .text.runtime_init_spin_locks_reset
                0x10001908        0x8 CMakeFiles/adc.dir/home/kwon/pico-sdk/src/rp2_common/pico_runtime_init/runtime_init.c.o
                0x10001908                runtime_init_spin_locks_reset
 .text.runtime_init_install_ram_vector_table
                0x10001910       0xb4 CMakeFiles/adc.dir/home/kwon/pico-sdk/src/rp2_common/pico_runtime_init/runtime_init.c.o
                0x10001910                runtime_init_install_ram_vector_table
 .text.runtime_init_clocks
                0x100019c4       0xd8 CMakeFiles/adc.dir/home/kwon/pico-sdk/src/rp2_common/pico_runtime_init/runtime_init_clocks.c.o
                0x100019c4                runtime_init_clocks
 .text          0x10001a9c       0x10 CMakeFiles/adc.dir/home/kwon/pico-sdk/src/rp2_common/pico_bit_ops/bit_ops_aeabi.S.o
 .text.__wrap___aeabi_idiv
                0x10001aac       0x50 CMakeFiles/adc.dir/home/kwon/pico-sdk/src/rp2_common/pico_divider/divider_hardware.S.o
                0x10001aac                __wrap___aeabi_idivmod
                0x10001aac                divmod_s32s32
                0x10001aac                div_s32s32
                0x10001aac                __wrap___aeabi_idiv
                0x10001ab4                divmod_s32s32_unsafe
                0x10001ae0                divmod_s32s32_savestate
 .text.__wrap___aeabi_uidiv
                0x10001afc       0x4c CMakeFiles/adc.dir/home/kwon/pico-sdk/src/rp2_common/pico_divider/divider_hardware.S.o
                0x10001afc                __wrap___aeabi_uidiv
                0x10001afc                __wrap___aeabi_uidivmod
                0x10001afc                div_u32u32
                0x10001afc                divmod_u32u32
                0x10001b04                divmod_u32u32_unsafe
                0x10001b2c                divmod_u32u32_savestate
 .text.__wrap___aeabi_ldiv
                0x10001b48      0x424 CMakeFiles/adc.dir/home/kwon/pico-sdk/src/rp2_common/pico_divider/divider_hardware.S.o
                0x10001b48                div_s64s64
                0x10001b48                divmod_s64s64
                0x10001b48                __wrap___aeabi_ldivmod
                0x10001b78                div_u64u64
                0x10001b78                divmod_u64u64
                0x10001b78                __wrap___aeabi_uldivmod
                0x10001b88                divmod_u64u64_savestate
                0x10001ba8                divmod_s64s64_unsafe
                0x10001c30                divmod_u64u64_unsafe
 .text.__wrap___aeabi_darithmetic
                0x10001f6c       0x80 CMakeFiles/adc.dir/home/kwon/pico-sdk/src/rp2_common/pico_double/double_aeabi_rp2040.S.o
                0x10001f6c                __wrap___aeabi_drsub
                0x10001f72                __wrap___aeabi_dsub
                0x10001f84                __wrap___aeabi_dadd
                0x10001f96                __wrap___aeabi_ddiv
                0x10001fd2                __wrap___aeabi_dmul
 .text.__wrap___aeabi_cdcmple
                0x10001fec       0x6c CMakeFiles/adc.dir/home/kwon/pico-sdk/src/rp2_common/pico_double/double_aeabi_rp2040.S.o
                0x10001fec                __wrap___aeabi_cdrcmple
                0x10001ffc                __wrap___aeabi_cdcmple
                0x10001ffc                __wrap___aeabi_cdcmpeq
 .text.__wrap___aeabi_dcmpeq
                0x10002058       0x10 CMakeFiles/adc.dir/home/kwon/pico-sdk/src/rp2_common/pico_double/double_aeabi_rp2040.S.o
                0x10002058                __wrap___aeabi_dcmpeq
 .text.__wrap___aeabi_dcmplt
                0x10002068        0xc CMakeFiles/adc.dir/home/kwon/pico-sdk/src/rp2_common/pico_double/double_aeabi_rp2040.S.o
                0x10002068                __wrap___aeabi_dcmplt
 .text.__wrap___aeabi_dcmple
                0x10002074       0x10 CMakeFiles/adc.dir/home/kwon/pico-sdk/src/rp2_common/pico_double/double_aeabi_rp2040.S.o
                0x10002074                __wrap___aeabi_dcmple
 .text.__wrap___aeabi_dcmpge
                0x10002084       0x10 CMakeFiles/adc.dir/home/kwon/pico-sdk/src/rp2_common/pico_double/double_aeabi_rp2040.S.o
                0x10002084                __wrap___aeabi_dcmpge
 .text.__wrap___aeabi_dcmpgt
                0x10002094        0xa CMakeFiles/adc.dir/home/kwon/pico-sdk/src/rp2_common/pico_double/double_aeabi_rp2040.S.o
                0x10002094                __wrap___aeabi_dcmpgt
 .text.__wrap___aeabi_dcmpun
                0x1000209e       0x18 CMakeFiles/adc.dir/home/kwon/pico-sdk/src/rp2_common/pico_double/double_aeabi_rp2040.S.o
                0x1000209e                __wrap___aeabi_dcmpun
 *fill*         0x100020b6        0x2 
 .text.__wrap___aeabi_i2d
                0x100020b8       0x38 CMakeFiles/adc.dir/home/kwon/pico-sdk/src/rp2_common/pico_double/double_aeabi_rp2040.S.o
                0x100020b8                __wrap___aeabi_ui2d
                0x100020b8                uint2double
                0x100020c0                __wrap___aeabi_i2d
                0x100020c0                int2double
 .text.__wrap___aeabi_d2iz
                0x100020f0       0x48 CMakeFiles/adc.dir/home/kwon/pico-sdk/src/rp2_common/pico_double/double_aeabi_rp2040.S.o
                0x100020f0                __wrap___aeabi_d2iz
                0x100020f0                double2int_z
 .text.__wrap___aeabi_d2uiz
                0x10002138       0x18 CMakeFiles/adc.dir/home/kwon/pico-sdk/src/rp2_common/pico_double/double_aeabi_rp2040.S.o
                0x10002138                double2uint_z
                0x10002138                double2uint
                0x10002138                __wrap___aeabi_d2uiz
 .text.__wrap___aeabi_l2d
                0x10002150       0x18 CMakeFiles/adc.dir/home/kwon/pico-sdk/src/rp2_common/pico_double/double_aeabi_rp2040.S.o
                0x10002150                __wrap___aeabi_l2d
                0x10002150                int642double
 .text.__wrap___aeabi_d2lz
                0x10002168       0x26 CMakeFiles/adc.dir/home/kwon/pico-sdk/src/rp2_common/pico_double/double_aeabi_rp2040.S.o
                0x10002168                __wrap___aeabi_d2lz
                0x10002168                double2int64_z
 *fill*         0x1000218e        0x2 
 .text.double2int64
                0x10002190       0x18 CMakeFiles/adc.dir/home/kwon/pico-sdk/src/rp2_common/pico_double/double_aeabi_rp2040.S.o
                0x10002190                double2int64
 .text.double2ufix64
                0x100021a8       0x18 CMakeFiles/adc.dir/home/kwon/pico-sdk/src/rp2_common/pico_double/double_aeabi_rp2040.S.o
                0x100021a8                double2ufix64
                0x100021a8                double2ufix64_z
 .text.__wrap___aeabi_d2f
                0x100021c0       0x18 CMakeFiles/adc.dir/home/kwon/pico-sdk/src/rp2_common/pico_double/double_aeabi_rp2040.S.o
                0x100021c0                __wrap___aeabi_d2f
 .text.__aeabi_double_init
                0x100021d8       0xa4 CMakeFiles/adc.dir/home/kwon/pico-sdk/src/rp2_common/pico_double/double_init_rom_rp2040.c.o
                0x100021d8                __aeabi_double_init
 .text.double_table_shim_on_use_helper
                0x1000227c       0x2c CMakeFiles/adc.dir/home/kwon/pico-sdk/src/rp2_common/pico_double/double_v1_rom_shim_rp2040.S.o
                0x1000227c                double_table_shim_on_use_helper
 .text.__wrap___aeabi_dsub
                0x100022a8       0x10 CMakeFiles/adc.dir/home/kwon/pico-sdk/src/rp2_common/pico_double/double_v1_rom_shim_rp2040.S.o
                0x100022a8                drsub_shim
                0x100022ae                dsub_shim
 .text.dadd_shim
                0x100022b8      0x15c CMakeFiles/adc.dir/home/kwon/pico-sdk/src/rp2_common/pico_double/double_v1_rom_shim_rp2040.S.o
                0x100022b8                dadd_shim
 .text.dmul_shim
                0x10002414      0x15c CMakeFiles/adc.dir/home/kwon/pico-sdk/src/rp2_common/pico_double/double_v1_rom_shim_rp2040.S.o
                0x10002414                dmul_shim
 .text.ddiv_shim
                0x10002570      0x1b0 CMakeFiles/adc.dir/home/kwon/pico-sdk/src/rp2_common/pico_double/double_v1_rom_shim_rp2040.S.o
                0x10002570                ddiv_shim
 .text.double2uint_shim
                0x10002720        0xe CMakeFiles/adc.dir/home/kwon/pico-sdk/src/rp2_common/pico_double/double_v1_rom_shim_rp2040.S.o
                0x10002720                double2uint_shim
                0x10002722                double2ufix_shim
 .text.double2int64_shim
                0x1000272e       0x1a CMakeFiles/adc.dir/home/kwon/pico-sdk/src/rp2_common/pico_double/double_v1_rom_shim_rp2040.S.o
                0x1000272e                double2int64_shim
                0x10002730                double2fix64_shim
 .text.double2uint64_shim
                0x10002748       0x70 CMakeFiles/adc.dir/home/kwon/pico-sdk/src/rp2_common/pico_double/double_v1_rom_shim_rp2040.S.o
                0x10002748                double2uint64_shim
                0x1000274a                double2ufix64_shim
                0x1000276a                d2fix_a
 .text.double2float_shim
                0x100027b8       0x5c CMakeFiles/adc.dir/home/kwon/pico-sdk/src/rp2_common/pico_double/double_v1_rom_shim_rp2040.S.o
                0x100027b8                double2float_shim
 .text.x2double_shims
                0x10002814       0x90 CMakeFiles/adc.dir/home/kwon/pico-sdk/src/rp2_common/pico_double/double_v1_rom_shim_rp2040.S.o
                0x10002814                uint2double_shim
                0x10002816                ufix2double_shim
                0x1000281c                int2double_shim
                0x1000281e                fix2double_shim
                0x10002824                uint642double_shim
                0x10002826                ufix642double_shim
                0x1000282c                int642double_shim
                0x1000282e                fix642double_shim
 .text.dunpacks
                0x100028a4       0x3c CMakeFiles/adc.dir/home/kwon/pico-sdk/src/rp2_common/pico_double/double_v1_rom_shim_rp2040.S.o
                0x100028a4                dunpacks
 .text.__aeabi_lmul
                0x100028e0       0x32 CMakeFiles/adc.dir/home/kwon/pico-sdk/src/rp2_common/pico_int64_ops/pico_int64_ops_aeabi.S.o
                0x100028e0                __wrap___aeabi_lmul
 *fill*         0x10002912        0x2 
 .text.__wrap___aeabi_farithmetic
                0x10002914       0x48 CMakeFiles/adc.dir/home/kwon/pico-sdk/src/rp2_common/pico_float/float_aeabi_rp2040.S.o
                0x10002914                __wrap___aeabi_frsub
                0x1000291a                __wrap___aeabi_fsub
                0x10002920                __wrap___aeabi_fadd
                0x10002926                __wrap___aeabi_fdiv
                0x1000294e                __wrap___aeabi_fmul
 .text.__wrap___aeabi_cfcmple
                0x1000295c       0x50 CMakeFiles/adc.dir/home/kwon/pico-sdk/src/rp2_common/pico_float/float_aeabi_rp2040.S.o
                0x1000295c                __wrap___aeabi_cfrcmple
                0x10002968                __wrap___aeabi_cfcmpeq
                0x10002968                __wrap___aeabi_cfcmple
 .text.__wrap___aeabi_fcmplt
                0x100029ac        0xc CMakeFiles/adc.dir/home/kwon/pico-sdk/src/rp2_common/pico_float/float_aeabi_rp2040.S.o
                0x100029ac                __wrap___aeabi_fcmplt
 .text.__wrap___aeabi_fcmple
                0x100029b8       0x10 CMakeFiles/adc.dir/home/kwon/pico-sdk/src/rp2_common/pico_float/float_aeabi_rp2040.S.o
                0x100029b8                __wrap___aeabi_fcmple
 .text.__wrap___aeabi_fcmpgt
                0x100029c8        0xa CMakeFiles/adc.dir/home/kwon/pico-sdk/src/rp2_common/pico_float/float_aeabi_rp2040.S.o
                0x100029c8                __wrap___aeabi_fcmpgt
 .text.__wrap___aeabi_fcmpun
                0x100029d2       0x18 CMakeFiles/adc.dir/home/kwon/pico-sdk/src/rp2_common/pico_float/float_aeabi_rp2040.S.o
                0x100029d2                __wrap___aeabi_fcmpun
 .text.__wrap___aeabi_ui2f
                0x100029ea        0xa CMakeFiles/adc.dir/home/kwon/pico-sdk/src/rp2_common/pico_float/float_aeabi_rp2040.S.o
                0x100029ea                uint2float
                0x100029ea                __wrap___aeabi_ui2f
 .text.__wrap___aeabi_i2f
                0x100029f4       0x44 CMakeFiles/adc.dir/home/kwon/pico-sdk/src/rp2_common/pico_float/float_aeabi_rp2040.S.o
                0x100029f4                int2float
                0x100029f4                __wrap___aeabi_i2f
 .text.__wrap___aeabi_f2d
                0x10002a38       0x14 CMakeFiles/adc.dir/home/kwon/pico-sdk/src/rp2_common/pico_float/float_aeabi_rp2040.S.o
                0x10002a38                __wrap___aeabi_f2d
 .text.__aeabi_float_init
                0x10002a4c       0x64 CMakeFiles/adc.dir/home/kwon/pico-sdk/src/rp2_common/pico_float/float_init_rom_rp2040.c.o
                0x10002a4c                __aeabi_float_init
 .text.float_table_shim_on_use_helper
                0x10002ab0       0x2c CMakeFiles/adc.dir/home/kwon/pico-sdk/src/rp2_common/pico_float/float_v1_rom_shim_rp2040.S.o
                0x10002ab0                float_table_shim_on_use_helper
 .text.float2double_shim
                0x10002adc       0x30 CMakeFiles/adc.dir/home/kwon/pico-sdk/src/rp2_common/pico_float/float_v1_rom_shim_rp2040.S.o
                0x10002adc                float2double_shim
 .text          0x10002b0c       0x10 CMakeFiles/adc.dir/home/kwon/pico-sdk/src/rp2_common/pico_mem_ops/mem_ops_aeabi.S.o
                0x10002b0c                __aeabi_mem_init
 .text.memset   0x10002b1c        0xc CMakeFiles/adc.dir/home/kwon/pico-sdk/src/rp2_common/pico_mem_ops/mem_ops_aeabi.S.o
                0x10002b1c                __wrap_memset
 .text.memcpy   0x10002b28        0xc CMakeFiles/adc.dir/home/kwon/pico-sdk/src/rp2_common/pico_mem_ops/mem_ops_aeabi.S.o
                0x10002b28                __wrap___aeabi_memcpy
                0x10002b28                __wrap_memcpy
 .text._out_null
                0x10002b34        0x4 CMakeFiles/adc.dir/home/kwon/pico-sdk/src/rp2_common/pico_printf/printf.c.o
 .text._out_rev
                0x10002b38       0xac CMakeFiles/adc.dir/home/kwon/pico-sdk/src/rp2_common/pico_printf/printf.c.o
 .text._ntoa_format
                0x10002be4      0x250 CMakeFiles/adc.dir/home/kwon/pico-sdk/src/rp2_common/pico_printf/printf.c.o
 .text._out_char
                0x10002e34       0x10 CMakeFiles/adc.dir/home/kwon/pico-sdk/src/rp2_common/pico_printf/printf.c.o
 .text._out_fct
                0x10002e44       0x10 CMakeFiles/adc.dir/home/kwon/pico-sdk/src/rp2_common/pico_printf/printf.c.o
 .text._etoa    0x10002e54      0x464 CMakeFiles/adc.dir/home/kwon/pico-sdk/src/rp2_common/pico_printf/printf.c.o
 .text._ftoa    0x100032b8      0x3c0 CMakeFiles/adc.dir/home/kwon/pico-sdk/src/rp2_common/pico_printf/printf.c.o
 .text._vsnprintf
                0x10003678      0xbc8 CMakeFiles/adc.dir/home/kwon/pico-sdk/src/rp2_common/pico_printf/printf.c.o
 .text.vfctprintf
                0x10004240       0x20 CMakeFiles/adc.dir/home/kwon/pico-sdk/src/rp2_common/pico_printf/printf.c.o
                0x10004240                vfctprintf
 .text.weak_raw_printf
                0x10004260       0x40 CMakeFiles/adc.dir/home/kwon/pico-sdk/src/rp2_common/pico_printf/printf.c.o
                0x10004260                weak_raw_printf
 .text.weak_raw_vprintf
                0x100042a0       0x30 CMakeFiles/adc.dir/home/kwon/pico-sdk/src/rp2_common/pico_printf/printf.c.o
                0x100042a0                weak_raw_vprintf
 .text._exit    0x100042d0        0x4 CMakeFiles/adc.dir/home/kwon/pico-sdk/src/rp2_common/pico_clib_interface/newlib_interface.c.o
                0x100042d0                _exit
 .text._sbrk    0x100042d4       0x34 CMakeFiles/adc.dir/home/kwon/pico-sdk/src/rp2_common/pico_clib_interface/newlib_interface.c.o
                0x100042d4                _sbrk
 .text.exit     0x10004308        0x8 CMakeFiles/adc.dir/home/kwon/pico-sdk/src/rp2_common/pico_clib_interface/newlib_interface.c.o
                0x10004308                exit
 .text.__assert_func
                0x10004310       0x38 CMakeFiles/adc.dir/home/kwon/pico-sdk/src/rp2_common/pico_clib_interface/newlib_interface.c.o
                0x10004310                __assert_func
 .text.runtime_init
                0x10004348       0x2c CMakeFiles/adc.dir/home/kwon/pico-sdk/src/rp2_common/pico_clib_interface/newlib_interface.c.o
                0x10004348                runtime_init
 .text.stdio_out_chars_no_crlf
                0x10004374       0x10 CMakeFiles/adc.dir/home/kwon/pico-sdk/src/rp2_common/pico_stdio/stdio.c.o
 .text.stdio_out_chars_crlf
                0x10004384       0x94 CMakeFiles/adc.dir/home/kwon/pico-sdk/src/rp2_common/pico_stdio/stdio.c.o
 .text.stdio_buffered_printer
                0x10004418       0x64 CMakeFiles/adc.dir/home/kwon/pico-sdk/src/rp2_common/pico_stdio/stdio.c.o
 .text.stdio_put_string
                0x1000447c      0x100 CMakeFiles/adc.dir/home/kwon/pico-sdk/src/rp2_common/pico_stdio/stdio.c.o
                0x1000447c                stdio_put_string
 .text.stdio_set_driver_enabled
                0x1000457c       0x30 CMakeFiles/adc.dir/home/kwon/pico-sdk/src/rp2_common/pico_stdio/stdio.c.o
                0x1000457c                stdio_set_driver_enabled
 .text.stdio_init_all
                0x100045ac        0x8 CMakeFiles/adc.dir/home/kwon/pico-sdk/src/rp2_common/pico_stdio/stdio.c.o
                0x100045ac                stdio_init_all
 .text.stdio_getchar_timeout_us
                0x100045b4       0x98 CMakeFiles/adc.dir/home/kwon/pico-sdk/src/rp2_common/pico_stdio/stdio.c.o
                0x100045b4                stdio_getchar_timeout_us
 .text.__wrap_putchar
                0x1000464c       0x98 CMakeFiles/adc.dir/home/kwon/pico-sdk/src/rp2_common/pico_stdio/stdio.c.o
                0x1000464c                stdio_putchar
                0x1000464c                __wrap_putchar
 .text.__wrap_puts
                0x100046e4       0x3c CMakeFiles/adc.dir/home/kwon/pico-sdk/src/rp2_common/pico_stdio/stdio.c.o
                0x100046e4                __wrap_puts
                0x100046e4                stdio_puts
 .text.__wrap_vprintf
                0x10004720       0xd4 CMakeFiles/adc.dir/home/kwon/pico-sdk/src/rp2_common/pico_stdio/stdio.c.o
                0x10004720                __wrap_vprintf
                0x10004720                stdio_vprintf
 .text.__wrap_printf
                0x100047f4       0x18 CMakeFiles/adc.dir/home/kwon/pico-sdk/src/rp2_common/pico_stdio/stdio.c.o
                0x100047f4                stdio_printf
                0x100047f4                __wrap_printf
 .text.resetd_init
                0x1000480c        0x4 CMakeFiles/adc.dir/home/kwon/pico-sdk/src/rp2_common/pico_stdio_usb/reset_interface.c.o
 .text.resetd_reset
                0x10004810        0xc CMakeFiles/adc.dir/home/kwon/pico-sdk/src/rp2_common/pico_stdio_usb/reset_interface.c.o
 .text.resetd_open
                0x1000481c       0x28 CMakeFiles/adc.dir/home/kwon/pico-sdk/src/rp2_common/pico_stdio_usb/reset_interface.c.o
 .text.resetd_xfer_cb
                0x10004844        0x4 CMakeFiles/adc.dir/home/kwon/pico-sdk/src/rp2_common/pico_stdio_usb/reset_interface.c.o
 .text.resetd_control_xfer_cb
                0x10004848       0x5c CMakeFiles/adc.dir/home/kwon/pico-sdk/src/rp2_common/pico_stdio_usb/reset_interface.c.o
 .text.tud_descriptor_bos_cb
                0x100048a4        0x8 CMakeFiles/adc.dir/home/kwon/pico-sdk/src/rp2_common/pico_stdio_usb/reset_interface.c.o
                0x100048a4                tud_descriptor_bos_cb
 .text.tud_vendor_control_xfer_cb
                0x100048ac       0x34 CMakeFiles/adc.dir/home/kwon/pico-sdk/src/rp2_common/pico_stdio_usb/reset_interface.c.o
                0x100048ac                tud_vendor_control_xfer_cb
 .text.usbd_app_driver_get_cb
                0x100048e0        0xc CMakeFiles/adc.dir/home/kwon/pico-sdk/src/rp2_common/pico_stdio_usb/reset_interface.c.o
                0x100048e0                usbd_app_driver_get_cb
 .text.tud_cdc_line_coding_cb
                0x100048ec       0x2c CMakeFiles/adc.dir/home/kwon/pico-sdk/src/rp2_common/pico_stdio_usb/reset_interface.c.o
                0x100048ec                tud_cdc_line_coding_cb
 .text.stdio_usb_set_chars_available_callback
                0x10004918       0x14 CMakeFiles/adc.dir/home/kwon/pico-sdk/src/rp2_common/pico_stdio_usb/stdio_usb.c.o
                0x10004918                stdio_usb_set_chars_available_callback
 .text.usb_irq  0x1000492c       0x10 CMakeFiles/adc.dir/home/kwon/pico-sdk/src/rp2_common/pico_stdio_usb/stdio_usb.c.o
 .text.timer_task
                0x1000493c       0x64 CMakeFiles/adc.dir/home/kwon/pico-sdk/src/rp2_common/pico_stdio_usb/stdio_usb.c.o
 .text.stdio_usb_in_chars
                0x100049a0       0x90 CMakeFiles/adc.dir/home/kwon/pico-sdk/src/rp2_common/pico_stdio_usb/stdio_usb.c.o
                0x100049a0                stdio_usb_in_chars
 .text.stdio_usb_out_flush
                0x10004a30       0x50 CMakeFiles/adc.dir/home/kwon/pico-sdk/src/rp2_common/pico_stdio_usb/stdio_usb.c.o
 .text.stdio_usb_out_chars
                0x10004a80      0x104 CMakeFiles/adc.dir/home/kwon/pico-sdk/src/rp2_common/pico_stdio_usb/stdio_usb.c.o
 .text.low_priority_worker_irq
                0x10004b84       0xcc CMakeFiles/adc.dir/home/kwon/pico-sdk/src/rp2_common/pico_stdio_usb/stdio_usb.c.o
 .text.stdio_usb_init
                0x10004c50       0xec CMakeFiles/adc.dir/home/kwon/pico-sdk/src/rp2_common/pico_stdio_usb/stdio_usb.c.o
                0x10004c50                stdio_usb_init
 .text.stdio_usb_connected
                0x10004d3c        0xc CMakeFiles/adc.dir/home/kwon/pico-sdk/src/rp2_common/pico_stdio_usb/stdio_usb.c.o
                0x10004d3c                stdio_usb_connected
 .text.tud_descriptor_device_cb
                0x10004d48        0x8 CMakeFiles/adc.dir/home/kwon/pico-sdk/src/rp2_common/pico_stdio_usb/stdio_usb_descriptors.c.o
                0x10004d48                tud_descriptor_device_cb
 .text.tud_descriptor_configuration_cb
                0x10004d50        0x8 CMakeFiles/adc.dir/home/kwon/pico-sdk/src/rp2_common/pico_stdio_usb/stdio_usb_descriptors.c.o
                0x10004d50                tud_descriptor_configuration_cb
 .text.tud_descriptor_string_cb
                0x10004d58       0x78 CMakeFiles/adc.dir/home/kwon/pico-sdk/src/rp2_common/pico_stdio_usb/stdio_usb_descriptors.c.o
                0x10004d58                tud_descriptor_string_cb
 .text.startup._retrieve_unique_id_on_boot
                0x10004dd0       0x10 CMakeFiles/adc.dir/home/kwon/pico-sdk/src/rp2_common/pico_unique_id/unique_id.c.o
 .text.pico_get_unique_board_id_string
                0x10004de0      0x1a8 CMakeFiles/adc.dir/home/kwon/pico-sdk/src/rp2_common/pico_unique_id/unique_id.c.o
                0x10004de0                pico_get_unique_board_id_string
 .text.flash_get_unique_id
                0x10004f88       0x3c CMakeFiles/adc.dir/home/kwon/pico-sdk/src/rp2_common/hardware_flash/flash.c.o
                0x10004f88                flash_get_unique_id
 .text.dcd_init
                0x10004fc4       0x90 CMakeFiles/adc.dir/home/kwon/pico-sdk/lib/tinyusb/src/portable/raspberrypi/rp2040/dcd_rp2040.c.o
                0x10004fc4                dcd_init
 .text.dcd_int_enable
                0x10005054        0xc CMakeFiles/adc.dir/home/kwon/pico-sdk/lib/tinyusb/src/portable/raspberrypi/rp2040/dcd_rp2040.c.o
                0x10005054                dcd_int_enable
 .text.dcd_set_address
                0x10005060       0x14 CMakeFiles/adc.dir/home/kwon/pico-sdk/lib/tinyusb/src/portable/raspberrypi/rp2040/dcd_rp2040.c.o
                0x10005060                dcd_set_address
 .text.dcd_sof_enable
                0x10005074       0x1c CMakeFiles/adc.dir/home/kwon/pico-sdk/lib/tinyusb/src/portable/raspberrypi/rp2040/dcd_rp2040.c.o
                0x10005074                dcd_sof_enable
 .text.dcd_edpt0_status_complete
                0x10005090       0x1c CMakeFiles/adc.dir/home/kwon/pico-sdk/lib/tinyusb/src/portable/raspberrypi/rp2040/dcd_rp2040.c.o
                0x10005090                dcd_edpt0_status_complete
 .text.dcd_edpt_open
                0x100050ac      0x114 CMakeFiles/adc.dir/home/kwon/pico-sdk/lib/tinyusb/src/portable/raspberrypi/rp2040/dcd_rp2040.c.o
                0x100050ac                dcd_edpt_open
 .text.dcd_edpt_close_all
                0x100051c0        0x8 CMakeFiles/adc.dir/home/kwon/pico-sdk/lib/tinyusb/src/portable/raspberrypi/rp2040/dcd_rp2040.c.o
                0x100051c0                dcd_edpt_close_all
 .text.dcd_edpt_xfer
                0x100051c8       0x24 CMakeFiles/adc.dir/home/kwon/pico-sdk/lib/tinyusb/src/portable/raspberrypi/rp2040/dcd_rp2040.c.o
                0x100051c8                dcd_edpt_xfer
 .text.dcd_edpt_stall
                0x100051ec       0x34 CMakeFiles/adc.dir/home/kwon/pico-sdk/lib/tinyusb/src/portable/raspberrypi/rp2040/dcd_rp2040.c.o
                0x100051ec                dcd_edpt_stall
 .text.dcd_edpt_clear_stall
                0x10005220       0x30 CMakeFiles/adc.dir/home/kwon/pico-sdk/lib/tinyusb/src/portable/raspberrypi/rp2040/dcd_rp2040.c.o
                0x10005220                dcd_edpt_clear_stall
 .text.rp2040_usb_init
                0x10005250       0x40 CMakeFiles/adc.dir/home/kwon/pico-sdk/lib/tinyusb/src/portable/raspberrypi/rp2040/rp2040_usb.c.o
                0x10005250                rp2040_usb_init
 .text.hw_endpoint_xfer_start
                0x10005290       0x40 CMakeFiles/adc.dir/home/kwon/pico-sdk/lib/tinyusb/src/portable/raspberrypi/rp2040/rp2040_usb.c.o
                0x10005290                hw_endpoint_xfer_start
 .text.tud_event_hook_cb
                0x100052d0        0x4 CMakeFiles/adc.dir/home/kwon/pico-sdk/lib/tinyusb/src/device/usbd.c.o
                0x100052d0                tud_event_hook_cb
 .text.tud_sof_cb
                0x100052d4        0x4 CMakeFiles/adc.dir/home/kwon/pico-sdk/lib/tinyusb/src/device/usbd.c.o
                0x100052d4                tud_sof_cb
 .text.tud_descriptor_device_qualifier_cb
                0x100052d8        0x4 CMakeFiles/adc.dir/home/kwon/pico-sdk/lib/tinyusb/src/device/usbd.c.o
                0x100052d8                tud_descriptor_device_qualifier_cb
 .text.tud_descriptor_other_speed_configuration_cb
                0x100052dc        0x4 CMakeFiles/adc.dir/home/kwon/pico-sdk/lib/tinyusb/src/device/usbd.c.o
                0x100052dc                tud_descriptor_other_speed_configuration_cb
 .text.tud_mount_cb
                0x100052e0        0x4 CMakeFiles/adc.dir/home/kwon/pico-sdk/lib/tinyusb/src/device/usbd.c.o
                0x100052e0                tud_mount_cb
 .text.tud_umount_cb
                0x100052e4        0x4 CMakeFiles/adc.dir/home/kwon/pico-sdk/lib/tinyusb/src/device/usbd.c.o
                0x100052e4                tud_umount_cb
 .text.tud_suspend_cb
                0x100052e8        0x4 CMakeFiles/adc.dir/home/kwon/pico-sdk/lib/tinyusb/src/device/usbd.c.o
                0x100052e8                tud_suspend_cb
 .text.tud_resume_cb
                0x100052ec        0x4 CMakeFiles/adc.dir/home/kwon/pico-sdk/lib/tinyusb/src/device/usbd.c.o
                0x100052ec                tud_resume_cb
 .text.tud_mounted
                0x100052f0       0x10 CMakeFiles/adc.dir/home/kwon/pico-sdk/lib/tinyusb/src/device/usbd.c.o
                0x100052f0                tud_mounted
 .text.tud_suspended
                0x10005300       0x10 CMakeFiles/adc.dir/home/kwon/pico-sdk/lib/tinyusb/src/device/usbd.c.o
                0x10005300                tud_suspended
 .text.tud_rhport_init
                0x10005310       0xfc CMakeFiles/adc.dir/home/kwon/pico-sdk/lib/tinyusb/src/device/usbd.c.o
                0x10005310                tud_rhport_init
 .text.tud_task_ext
                0x1000540c      0x800 CMakeFiles/adc.dir/home/kwon/pico-sdk/lib/tinyusb/src/device/usbd.c.o
                0x1000540c                tud_task_ext
 .text.usbd_open_edpt_pair
                0x10005c0c       0x9c CMakeFiles/adc.dir/home/kwon/pico-sdk/lib/tinyusb/src/device/usbd.c.o
                0x10005c0c                usbd_open_edpt_pair
 .text.usbd_edpt_open
                0x10005ca8       0x34 CMakeFiles/adc.dir/home/kwon/pico-sdk/lib/tinyusb/src/device/usbd.c.o
                0x10005ca8                usbd_edpt_open
 .text.usbd_edpt_claim
                0x10005cdc       0x28 CMakeFiles/adc.dir/home/kwon/pico-sdk/lib/tinyusb/src/device/usbd.c.o
                0x10005cdc                usbd_edpt_claim
 .text.usbd_edpt_release
                0x10005d04       0x28 CMakeFiles/adc.dir/home/kwon/pico-sdk/lib/tinyusb/src/device/usbd.c.o
                0x10005d04                usbd_edpt_release
 .text.usbd_edpt_xfer
                0x10005d2c       0x4c CMakeFiles/adc.dir/home/kwon/pico-sdk/lib/tinyusb/src/device/usbd.c.o
                0x10005d2c                usbd_edpt_xfer
 .text.tud_control_status
                0x10005d78       0x2c CMakeFiles/adc.dir/home/kwon/pico-sdk/lib/tinyusb/src/device/usbd_control.c.o
                0x10005d78                tud_control_status
 .text.tud_control_xfer
                0x10005da4       0xac CMakeFiles/adc.dir/home/kwon/pico-sdk/lib/tinyusb/src/device/usbd_control.c.o
                0x10005da4                tud_control_xfer
 .text.usbd_control_reset
                0x10005e50       0x14 CMakeFiles/adc.dir/home/kwon/pico-sdk/lib/tinyusb/src/device/usbd_control.c.o
                0x10005e50                usbd_control_reset
 .text.usbd_control_set_complete_callback
                0x10005e64        0xc CMakeFiles/adc.dir/home/kwon/pico-sdk/lib/tinyusb/src/device/usbd_control.c.o
                0x10005e64                usbd_control_set_complete_callback
 .text.usbd_control_set_request
                0x10005e70       0x1c CMakeFiles/adc.dir/home/kwon/pico-sdk/lib/tinyusb/src/device/usbd_control.c.o
                0x10005e70                usbd_control_set_request
 .text.usbd_control_xfer_cb
                0x10005e8c       0xec CMakeFiles/adc.dir/home/kwon/pico-sdk/lib/tinyusb/src/device/usbd_control.c.o
                0x10005e8c                usbd_control_xfer_cb
 .text._prep_out_transaction.isra.0
                0x10005f78       0x6c CMakeFiles/adc.dir/home/kwon/pico-sdk/lib/tinyusb/src/class/cdc/cdc_device.c.o
 .text.tud_cdc_n_connected
                0x10005fe4       0x2c CMakeFiles/adc.dir/home/kwon/pico-sdk/lib/tinyusb/src/class/cdc/cdc_device.c.o
                0x10005fe4                tud_cdc_n_connected
 .text.tud_cdc_n_available
                0x10006010       0x14 CMakeFiles/adc.dir/home/kwon/pico-sdk/lib/tinyusb/src/class/cdc/cdc_device.c.o
                0x10006010                tud_cdc_n_available
 .text.tud_cdc_n_read
                0x10006024       0x94 CMakeFiles/adc.dir/home/kwon/pico-sdk/lib/tinyusb/src/class/cdc/cdc_device.c.o
                0x10006024                tud_cdc_n_read
 .text.tud_cdc_n_write_flush
                0x100060b8       0x74 CMakeFiles/adc.dir/home/kwon/pico-sdk/lib/tinyusb/src/class/cdc/cdc_device.c.o
                0x100060b8                tud_cdc_n_write_flush
 .text.tud_cdc_n_write
                0x1000612c       0x40 CMakeFiles/adc.dir/home/kwon/pico-sdk/lib/tinyusb/src/class/cdc/cdc_device.c.o
                0x1000612c                tud_cdc_n_write
 .text.tud_cdc_n_write_available
                0x1000616c       0x14 CMakeFiles/adc.dir/home/kwon/pico-sdk/lib/tinyusb/src/class/cdc/cdc_device.c.o
                0x1000616c                tud_cdc_n_write_available
 .text.cdcd_init
                0x10006180       0x70 CMakeFiles/adc.dir/home/kwon/pico-sdk/lib/tinyusb/src/class/cdc/cdc_device.c.o
                0x10006180                cdcd_init
 .text.cdcd_deinit
                0x100061f0       0x34 CMakeFiles/adc.dir/home/kwon/pico-sdk/lib/tinyusb/src/class/cdc/cdc_device.c.o
                0x100061f0                cdcd_deinit
 .text.cdcd_reset
                0x10006224       0x4c CMakeFiles/adc.dir/home/kwon/pico-sdk/lib/tinyusb/src/class/cdc/cdc_device.c.o
                0x10006224                cdcd_reset
 .text.cdcd_open
                0x10006270       0xa8 CMakeFiles/adc.dir/home/kwon/pico-sdk/lib/tinyusb/src/class/cdc/cdc_device.c.o
                0x10006270                cdcd_open
 .text.cdcd_control_xfer_cb
                0x10006318       0xe8 CMakeFiles/adc.dir/home/kwon/pico-sdk/lib/tinyusb/src/class/cdc/cdc_device.c.o
                0x10006318                cdcd_control_xfer_cb
 .text.cdcd_xfer_cb
                0x10006400      0x100 CMakeFiles/adc.dir/home/kwon/pico-sdk/lib/tinyusb/src/class/cdc/cdc_device.c.o
                0x10006400                cdcd_xfer_cb
 .text.vendord_init
                0x10006500       0x5c CMakeFiles/adc.dir/home/kwon/pico-sdk/lib/tinyusb/src/class/vendor/vendor_device.c.o
                0x10006500                vendord_init
 .text.vendord_deinit
                0x1000655c       0x1c CMakeFiles/adc.dir/home/kwon/pico-sdk/lib/tinyusb/src/class/vendor/vendor_device.c.o
                0x1000655c                vendord_deinit
 .text.vendord_reset
                0x10006578       0x28 CMakeFiles/adc.dir/home/kwon/pico-sdk/lib/tinyusb/src/class/vendor/vendor_device.c.o
                0x10006578                vendord_reset
 .text.vendord_open
                0x100065a0      0x128 CMakeFiles/adc.dir/home/kwon/pico-sdk/lib/tinyusb/src/class/vendor/vendor_device.c.o
                0x100065a0                vendord_open
 .text.vendord_xfer_cb
                0x100066c8       0x9c CMakeFiles/adc.dir/home/kwon/pico-sdk/lib/tinyusb/src/class/vendor/vendor_device.c.o
                0x100066c8                vendord_xfer_cb
 .text.tusb_rhport_init
                0x10006764       0x48 CMakeFiles/adc.dir/home/kwon/pico-sdk/lib/tinyusb/src/tusb.c.o
                0x10006764                tusb_rhport_init
 .text.tu_edpt_claim
                0x100067ac       0x50 CMakeFiles/adc.dir/home/kwon/pico-sdk/lib/tinyusb/src/tusb.c.o
                0x100067ac                tu_edpt_claim
 .text.tu_edpt_release
                0x100067fc       0x38 CMakeFiles/adc.dir/home/kwon/pico-sdk/lib/tinyusb/src/tusb.c.o
                0x100067fc                tu_edpt_release
 .text.tu_edpt_validate
                0x10006834       0x7c CMakeFiles/adc.dir/home/kwon/pico-sdk/lib/tinyusb/src/tusb.c.o
                0x10006834                tu_edpt_validate
 .text.tu_edpt_bind_driver
                0x100068b0       0x34 CMakeFiles/adc.dir/home/kwon/pico-sdk/lib/tinyusb/src/tusb.c.o
                0x100068b0                tu_edpt_bind_driver
 .text.tu_edpt_stream_init
                0x100068e4       0x6c CMakeFiles/adc.dir/home/kwon/pico-sdk/lib/tinyusb/src/tusb.c.o
                0x100068e4                tu_edpt_stream_init
 .text.tu_edpt_stream_deinit
                0x10006950        0x4 CMakeFiles/adc.dir/home/kwon/pico-sdk/lib/tinyusb/src/tusb.c.o
                0x10006950                tu_edpt_stream_deinit
 .text.tu_edpt_stream_write_zlp_if_needed
                0x10006954       0x68 CMakeFiles/adc.dir/home/kwon/pico-sdk/lib/tinyusb/src/tusb.c.o
                0x10006954                tu_edpt_stream_write_zlp_if_needed
 .text.tu_edpt_stream_write_xfer
                0x100069bc       0x64 CMakeFiles/adc.dir/home/kwon/pico-sdk/lib/tinyusb/src/tusb.c.o
                0x100069bc                tu_edpt_stream_write_xfer
 .text.tu_edpt_stream_read_xfer
                0x10006a20       0xdc CMakeFiles/adc.dir/home/kwon/pico-sdk/lib/tinyusb/src/tusb.c.o
                0x10006a20                tu_edpt_stream_read_xfer
 .text.tu_fifo_config
                0x10006afc       0x6c CMakeFiles/adc.dir/home/kwon/pico-sdk/lib/tinyusb/src/common/tusb_fifo.c.o
                0x10006afc                tu_fifo_config
 .text.tu_fifo_count
                0x10006b68       0x2c CMakeFiles/adc.dir/home/kwon/pico-sdk/lib/tinyusb/src/common/tusb_fifo.c.o
                0x10006b68                tu_fifo_count
 .text.tu_fifo_empty
                0x10006b94       0x10 CMakeFiles/adc.dir/home/kwon/pico-sdk/lib/tinyusb/src/common/tusb_fifo.c.o
                0x10006b94                tu_fifo_empty
 .text.tu_fifo_remaining
                0x10006ba4       0x2c CMakeFiles/adc.dir/home/kwon/pico-sdk/lib/tinyusb/src/common/tusb_fifo.c.o
                0x10006ba4                tu_fifo_remaining
 .text.tu_fifo_read
                0x10006bd0       0x9c CMakeFiles/adc.dir/home/kwon/pico-sdk/lib/tinyusb/src/common/tusb_fifo.c.o
                0x10006bd0                tu_fifo_read
 .text.tu_fifo_read_n
                0x10006c6c       0xe8 CMakeFiles/adc.dir/home/kwon/pico-sdk/lib/tinyusb/src/common/tusb_fifo.c.o
                0x10006c6c                tu_fifo_read_n
 .text.tu_fifo_write
                0x10006d54       0xa8 CMakeFiles/adc.dir/home/kwon/pico-sdk/lib/tinyusb/src/common/tusb_fifo.c.o
                0x10006d54                tu_fifo_write
 .text.tu_fifo_write_n
                0x10006dfc      0x178 CMakeFiles/adc.dir/home/kwon/pico-sdk/lib/tinyusb/src/common/tusb_fifo.c.o
                0x10006dfc                tu_fifo_write_n
 .text.tu_fifo_clear
                0x10006f74       0x40 CMakeFiles/adc.dir/home/kwon/pico-sdk/lib/tinyusb/src/common/tusb_fifo.c.o
                0x10006f74                tu_fifo_clear
 .text.tu_fifo_set_overwritable
                0x10006fb4       0x48 CMakeFiles/adc.dir/home/kwon/pico-sdk/lib/tinyusb/src/common/tusb_fifo.c.o
                0x10006fb4                tu_fifo_set_overwritable
 .text.adc_init
                0x10006ffc       0x38 CMakeFiles/adc.dir/home/kwon/pico-sdk/src/rp2_common/hardware_adc/adc.c.o
                0x10006ffc                adc_init
 .text          0x10007034        0xc /usr/lib/gcc/arm-none-eabi/13.2.1/../../../arm-none-eabi/lib/thumb/v6-m/nofp/libg.a(libc_a-atof.o)
                0x10007034                atof
 .text          0x10007040     0x10b8 /usr/lib/gcc/arm-none-eabi/13.2.1/../../../arm-none-eabi/lib/thumb/v6-m/nofp/libg.a(libc_a-strtod.o)
                0x10007070                _strtod_l
                0x10007f28                _strtod_r
                0x10007f38                strtod_l
                0x10007f50                strtod
                0x10007f6c                strtof_l
                0x10008024                strtof
 .text          0x100080f8      0x658 /usr/lib/gcc/arm-none-eabi/13.2.1/../../../arm-none-eabi/lib/thumb/v6-m/nofp/libg.a(libc_a-gdtoa-gethex.o)
                0x100081a8                __gethex
 .text          0x10008750       0x44 /usr/lib/gcc/arm-none-eabi/13.2.1/../../../arm-none-eabi/lib/thumb/v6-m/nofp/libg.a(libc_a-mbtowc_r.o)
                0x10008750                _mbtowc_r
                0x10008768                __ascii_mbtowc
 .text          0x10008794       0x74 /usr/lib/gcc/arm-none-eabi/13.2.1/../../../arm-none-eabi/lib/thumb/v6-m/nofp/libg.a(libc_a-strncmp.o)
                0x10008794                strncmp
 .text          0x10008808        0xc /usr/lib/gcc/arm-none-eabi/13.2.1/../../../arm-none-eabi/lib/thumb/v6-m/nofp/libg.a(libc_a-errno.o)
                0x10008808                __errno
 .text          0x10008814       0xa8 /usr/lib/gcc/arm-none-eabi/13.2.1/../../../arm-none-eabi/lib/thumb/v6-m/nofp/libg.a(libc_a-callocr.o)
                0x10008814                _calloc_r
 .text          0x100088bc      0x5b4 /usr/lib/gcc/arm-none-eabi/13.2.1/../../../arm-none-eabi/lib/thumb/v6-m/nofp/libg.a(libc_a-mallocr.o)
                0x100088bc                _malloc_r
 .text          0x10008e70      0x288 /usr/lib/gcc/arm-none-eabi/13.2.1/../../../arm-none-eabi/lib/thumb/v6-m/nofp/libg.a(libc_a-freer.o)
                0x10008e70                _malloc_trim_r
                0x10008f24                _free_r
 .text          0x100090f8       0x2c /usr/lib/gcc/arm-none-eabi/13.2.1/../../../arm-none-eabi/lib/thumb/v6-m/nofp/libg.a(libc_a-wctomb_r.o)
                0x100090f8                _wctomb_r
                0x10009108                __ascii_wctomb
 .text          0x10009124       0x1c /usr/lib/gcc/arm-none-eabi/13.2.1/../../../arm-none-eabi/lib/thumb/v6-m/nofp/libg.a(libc_a-sysconf.o)
                0x10009124                sysconf
 .text          0x10009140        0x8 /usr/lib/gcc/arm-none-eabi/13.2.1/../../../arm-none-eabi/lib/thumb/v6-m/nofp/libg.a(libc_a-mlock.o)
                0x10009140                __malloc_lock
                0x10009144                __malloc_unlock
 .text          0x10009148       0x10 /usr/lib/gcc/arm-none-eabi/13.2.1/../../../arm-none-eabi/lib/thumb/v6-m/nofp/libg.a(libc_a-atexit.o)
                0x10009148                atexit
 .text          0x10009158       0x5c /usr/lib/gcc/arm-none-eabi/13.2.1/../../../arm-none-eabi/lib/thumb/v6-m/nofp/libg.a(libc_a-strlen-stub.o)
                0x10009158                strlen
 .text          0x100091b4       0x24 /usr/lib/gcc/arm-none-eabi/13.2.1/../../../arm-none-eabi/lib/thumb/v6-m/nofp/libg.a(libc_a-sbrkr.o)
                0x100091b4                _sbrk_r
 .text          0x100091d8      0x230 /usr/lib/gcc/arm-none-eabi/13.2.1/../../../arm-none-eabi/lib/thumb/v6-m/nofp/libg.a(libc_a-gdtoa-hexnan.o)
                0x100091d8                __match
                0x10009204                __hexnan
 .text          0x10009408       0x28 /usr/lib/gcc/arm-none-eabi/13.2.1/../../../arm-none-eabi/lib/thumb/v6-m/nofp/libg.a(libc_a-fini.o)
                0x10009408                __libc_fini_array
 .text          0x10009430        0xc /usr/lib/gcc/arm-none-eabi/13.2.1/../../../arm-none-eabi/lib/thumb/v6-m/nofp/libg.a(libm_a-s_nan.o)
                0x10009430                nan
 .text          0x1000943c        0x8 /usr/lib/gcc/arm-none-eabi/13.2.1/../../../arm-none-eabi/lib/thumb/v6-m/nofp/libg.a(libm_a-sf_nan.o)
                0x1000943c                nanf
 .text          0x10009444      0xb18 /usr/lib/gcc/arm-none-eabi/13.2.1/../../../arm-none-eabi/lib/thumb/v6-m/nofp/libg.a(libc_a-mprec.o)
                0x10009444                _Balloc
                0x10009494                _Bfree
                0x100094a8                __multadd
                0x10009550                __s2b
                0x10009600                __hi0bits
                0x1000964c                __lo0bits
                0x100096a8                __i2b
                0x10009708                __multiply
                0x100098b4                __pow5mult
                0x10009984                __lshift
                0x10009a80                __mcmp
                0x10009abc                __mdiff
                0x10009c70                __ulp
                0x10009cb0                __b2d
                0x10009d68                __d2b
                0x10009e34                __ratio
                0x10009e9c                _mprec_log10
                0x10009ed0                __copybits
                0x10009f10                __any_on
 .text          0x10009f5c       0x78 /usr/lib/gcc/arm-none-eabi/13.2.1/../../../arm-none-eabi/lib/thumb/v6-m/nofp/libg.a(libc_a-__atexit.o)
                0x10009f5c                __register_exitproc
 .text.startup  0x10009fd4       0x18 /usr/lib/gcc/arm-none-eabi/13.2.1/../../../arm-none-eabi/lib/thumb/v6-m/nofp/libg.a(libc_a-__call_atexit.o)
 *(.fini)
 .fini          0x10009fec        0x4 /usr/lib/gcc/arm-none-eabi/13.2.1/thumb/v6-m/nofp/crti.o
                0x10009fec                _fini
 .fini.__stub   0x10009ff0       0xc0 linker stubs
 *crtbegin.o(.ctors)
 *crtbegin?.o(.ctors)
 *(EXCLUDE_FILE(*crtend.o *crtend?.o) .ctors)
 *(SORT_BY_NAME(.ctors.*))
 *(.ctors)
 *crtbegin.o(.dtors)
 *crtbegin?.o(.dtors)
 *(EXCLUDE_FILE(*crtend.o *crtend?.o) .dtors)
 *(SORT_BY_NAME(.dtors.*))
 *(.dtors)
                0x1000a0b0                        . = ALIGN (0x4)
                0x1000a0b0                        PROVIDE (__preinit_array_start = .)
 *(SORT_BY_NAME(.preinit_array.*))
 .preinit_array.00100
                0x1000a0b0        0x4 CMakeFiles/adc.dir/home/kwon/pico-sdk/src/rp2_common/pico_runtime_init/runtime_init.c.o
                0x1000a0b0                __pre_init_runtime_init_early_resets
 .preinit_array.00101
                0x1000a0b4        0x4 CMakeFiles/adc.dir/home/kwon/pico-sdk/src/rp2_common/pico_runtime_init/runtime_init.c.o
                0x1000a0b4                __pre_init_runtime_init_usb_power_down
 .preinit_array.00275
                0x1000a0b8        0x4 CMakeFiles/adc.dir/home/kwon/pico-sdk/src/rp2_common/pico_bit_ops/bit_ops_aeabi.S.o
 .preinit_array.00300
                0x1000a0bc        0x4 CMakeFiles/adc.dir/home/kwon/pico-sdk/src/rp2_common/pico_mem_ops/mem_ops_aeabi.S.o
 .preinit_array.00350
                0x1000a0c0        0x4 CMakeFiles/adc.dir/home/kwon/pico-sdk/src/rp2_common/pico_double/double_aeabi_rp2040.S.o
 .preinit_array.00350
                0x1000a0c4        0x4 CMakeFiles/adc.dir/home/kwon/pico-sdk/src/rp2_common/pico_float/float_aeabi_rp2040.S.o
 .preinit_array.00500
                0x1000a0c8        0x4 CMakeFiles/adc.dir/home/kwon/pico-sdk/src/rp2_common/pico_runtime_init/runtime_init.c.o
                0x1000a0c8                __pre_init_runtime_init_clocks
 .preinit_array.00600
                0x1000a0cc        0x4 CMakeFiles/adc.dir/home/kwon/pico-sdk/src/rp2_common/pico_runtime_init/runtime_init.c.o
                0x1000a0cc                __pre_init_runtime_init_post_clock_resets
 .preinit_array.00700
                0x1000a0d0        0x4 CMakeFiles/adc.dir/home/kwon/pico-sdk/src/rp2_common/pico_runtime_init/runtime_init.c.o
                0x1000a0d0                __pre_init_runtime_init_rp2040_gpio_ie_disable
 .preinit_array.01000
                0x1000a0d4        0x4 CMakeFiles/adc.dir/home/kwon/pico-sdk/src/rp2_common/pico_runtime_init/runtime_init.c.o
                0x1000a0d4                __pre_init_runtime_init_spin_locks_reset
 .preinit_array.01100
                0x1000a0d8        0x4 CMakeFiles/adc.dir/home/kwon/pico-sdk/src/common/pico_sync/mutex.c.o
                0x1000a0d8                __pre_init_runtime_init_mutex
 .preinit_array.10080
                0x1000a0dc        0x4 CMakeFiles/adc.dir/home/kwon/pico-sdk/src/rp2_common/pico_runtime_init/runtime_init.c.o
                0x1000a0dc                __pre_init_runtime_init_install_ram_vector_table
 .preinit_array.11000
                0x1000a0e0        0x4 CMakeFiles/adc.dir/home/kwon/pico-sdk/src/common/pico_time/time.c.o
                0x1000a0e0                __pre_init_runtime_init_default_alarm_pool
 .preinit_array.YYYYY
                0x1000a0e4        0x4 CMakeFiles/adc.dir/home/kwon/pico-sdk/src/rp2_common/pico_runtime/runtime.c.o
                0x1000a0e4                __pre_init_first_per_core_initializer
 .preinit_array.ZZZZZ.01200
                0x1000a0e8        0x4 CMakeFiles/adc.dir/home/kwon/pico-sdk/src/rp2_common/hardware_irq/irq.c.o
                0x1000a0e8                __pre_init_runtime_init_per_core_irq_priorities
 *(.preinit_array)
                0x1000a0ec                        PROVIDE (__preinit_array_end = .)
                0x1000a0ec                        . = ALIGN (0x4)
                0x1000a0ec                        PROVIDE (__init_array_start = .)
 *(SORT_BY_NAME(.init_array.*))
 .init_array.00000
                0x1000a0ec        0x4 /usr/lib/gcc/arm-none-eabi/13.2.1/../../../arm-none-eabi/lib/thumb/v6-m/nofp/libg.a(libc_a-__call_atexit.o)
 .init_array.01000
                0x1000a0f0        0x4 CMakeFiles/adc.dir/home/kwon/pico-sdk/src/rp2_common/pico_unique_id/unique_id.c.o
 *(.init_array)
 .init_array    0x1000a0f4        0x4 /usr/lib/gcc/arm-none-eabi/13.2.1/thumb/v6-m/nofp/crtbegin.o
                0x1000a0f8                        PROVIDE (__init_array_end = .)
                0x1000a0f8                        . = ALIGN (0x4)
                0x1000a0f8                        PROVIDE (__fini_array_start = .)
 *(SORT_BY_NAME(.fini_array.*))
 *(.fini_array)
                0x1000a0f8                        PROVIDE (__fini_array_end = .)
 *(.eh_frame*)
 .eh_frame      0x1000a0f8        0x0 /usr/lib/gcc/arm-none-eabi/13.2.1/thumb/v6-m/nofp/crtbegin.o
                0x1000a0f8                        . = ALIGN (0x4)

.glue_7         0x1000a0f8        0x0
 .glue_7        0x1000a0f8        0x0 linker stubs

.glue_7t        0x1000a0f8        0x0
 .glue_7t       0x1000a0f8        0x0 linker stubs

.vfp11_veneer   0x1000a0f8        0x0
 .vfp11_veneer  0x1000a0f8        0x0 linker stubs

.v4_bx          0x1000a0f8        0x0
 .v4_bx         0x1000a0f8        0x0 linker stubs

.iplt           0x1000a0f8        0x0
 .iplt          0x1000a0f8        0x0 /usr/lib/gcc/arm-none-eabi/13.2.1/thumb/v6-m/nofp/crtbegin.o

.rodata         0x1000a0f8      0xb80
 *(EXCLUDE_FILE(*libm.a: *libc.a:*lib_a-mem*.o *libgcc.a:) .rodata*)
 .rodata.main.str1.4
                0x1000a0f8      0x281 CMakeFiles/adc.dir/src/main.c.o
                                 0x4c (size before relaxing)
 .rodata.panic.str1.4
                0x1000a379       0x12 CMakeFiles/adc.dir/home/kwon/pico-sdk/src/rp2_common/pico_platform_panic/panic.c.o
 .rodata.spin_lock_claim_unused.str1.4
                0x1000a379       0x1b CMakeFiles/adc.dir/home/kwon/pico-sdk/src/rp2_common/hardware_sync/sync.c.o
 .rodata.user_irq_claim_unused.str1.4
                0x1000a379       0x1b CMakeFiles/adc.dir/home/kwon/pico-sdk/src/rp2_common/hardware_irq/irq.c.o
 .rodata.timer_hardware_alarm_claim.str1.4
                0x1000a379       0x22 CMakeFiles/adc.dir/home/kwon/pico-sdk/src/rp2_common/hardware_timer/timer.c.o
 .rodata.hard_assertion_failure.str1.4
                0x1000a379        0xc CMakeFiles/adc.dir/home/kwon/pico-sdk/src/rp2_common/pico_runtime/runtime.c.o
 .rodata.str1.4
                0x1000a379       0x38 CMakeFiles/adc.dir/home/kwon/pico-sdk/src/rp2_common/pico_standard_binary_info/standard_binary_info.c.o
 *fill*         0x1000a379        0x3 
 .rodata.__bi_84
                0x1000a37c        0xc CMakeFiles/adc.dir/home/kwon/pico-sdk/src/rp2_common/pico_standard_binary_info/standard_binary_info.c.o
 .rodata.__bi_78
                0x1000a388        0xc CMakeFiles/adc.dir/home/kwon/pico-sdk/src/rp2_common/pico_standard_binary_info/standard_binary_info.c.o
 .rodata.__bi_54
                0x1000a394        0xc CMakeFiles/adc.dir/home/kwon/pico-sdk/src/rp2_common/pico_standard_binary_info/standard_binary_info.c.o
 .rodata.__bi_48
                0x1000a3a0        0xc CMakeFiles/adc.dir/home/kwon/pico-sdk/src/rp2_common/pico_standard_binary_info/standard_binary_info.c.o
 .rodata.__bi_42
                0x1000a3ac        0xc CMakeFiles/adc.dir/home/kwon/pico-sdk/src/rp2_common/pico_standard_binary_info/standard_binary_info.c.o
 .rodata.__bi_34
                0x1000a3b8        0xc CMakeFiles/adc.dir/home/kwon/pico-sdk/src/rp2_common/pico_standard_binary_info/standard_binary_info.c.o
 .rodata.__bi_26
                0x1000a3c4        0xc CMakeFiles/adc.dir/home/kwon/pico-sdk/src/rp2_common/pico_standard_binary_info/standard_binary_info.c.o
 .rodata._ftoa.str1.4
                0x1000a3d0       0x15 CMakeFiles/adc.dir/home/kwon/pico-sdk/src/rp2_common/pico_printf/printf.c.o
 .rodata._vsnprintf
                0x1000a3d0      0x19c CMakeFiles/adc.dir/home/kwon/pico-sdk/src/rp2_common/pico_printf/printf.c.o
 *fill*         0x1000a56c        0x4 
 .rodata.pow10.0
                0x1000a570       0x50 CMakeFiles/adc.dir/home/kwon/pico-sdk/src/rp2_common/pico_printf/printf.c.o
 .rodata.__assert_func.str1.4
                0x1000a5c0       0x43 CMakeFiles/adc.dir/home/kwon/pico-sdk/src/rp2_common/pico_clib_interface/newlib_interface.c.o
 .rodata.crlf_str.0
                0x1000a5c0        0x2 CMakeFiles/adc.dir/home/kwon/pico-sdk/src/rp2_common/pico_stdio/stdio.c.o
 *fill*         0x1000a5c2        0x2 
 .rodata._resetd_driver
                0x1000a5c4       0x20 CMakeFiles/adc.dir/home/kwon/pico-sdk/src/rp2_common/pico_stdio_usb/reset_interface.c.o
 .rodata.desc_ms_os_20
                0x1000a5e4       0xa6 CMakeFiles/adc.dir/home/kwon/pico-sdk/src/rp2_common/pico_stdio_usb/reset_interface.c.o
 *fill*         0x1000a68a        0x2 
 .rodata.desc_bos
                0x1000a68c       0x21 CMakeFiles/adc.dir/home/kwon/pico-sdk/src/rp2_common/pico_stdio_usb/reset_interface.c.o
                0x1000a68c                desc_bos
 .rodata.str1.4
                0x1000a6ad       0x13 CMakeFiles/adc.dir/home/kwon/pico-sdk/src/rp2_common/pico_stdio_usb/stdio_usb.c.o
 *fill*         0x1000a6ad        0x3 
 .rodata.__bi_202.0
                0x1000a6b0        0xc CMakeFiles/adc.dir/home/kwon/pico-sdk/src/rp2_common/pico_stdio_usb/stdio_usb.c.o
 .rodata.str1.4
                0x1000a6bc       0x2a CMakeFiles/adc.dir/home/kwon/pico-sdk/src/rp2_common/pico_stdio_usb/stdio_usb_descriptors.c.o
 .rodata.usbd_desc_str
                0x1000a6bc       0x18 CMakeFiles/adc.dir/home/kwon/pico-sdk/src/rp2_common/pico_stdio_usb/stdio_usb_descriptors.c.o
 .rodata.usbd_desc_cfg
                0x1000a6d4       0x54 CMakeFiles/adc.dir/home/kwon/pico-sdk/src/rp2_common/pico_stdio_usb/stdio_usb_descriptors.c.o
 .rodata.usbd_desc_device
                0x1000a728       0x12 CMakeFiles/adc.dir/home/kwon/pico-sdk/src/rp2_common/pico_stdio_usb/stdio_usb_descriptors.c.o
 .rodata.str1.4
                0x1000a73a       0x14 CMakeFiles/adc.dir/home/kwon/pico-sdk/lib/tinyusb/src/portable/raspberrypi/rp2040/dcd_rp2040.c.o
 .rodata.str1.4
                0x1000a73a       0x48 CMakeFiles/adc.dir/home/kwon/pico-sdk/lib/tinyusb/src/portable/raspberrypi/rp2040/rp2040_usb.c.o
 *fill*         0x1000a73a        0x2 
 .rodata.tud_task_ext
                0x1000a73c       0x8c CMakeFiles/adc.dir/home/kwon/pico-sdk/lib/tinyusb/src/device/usbd.c.o
 .rodata        0x1000a7c8       0x1c CMakeFiles/adc.dir/home/kwon/pico-sdk/lib/tinyusb/src/device/usbd.c.o
 .rodata._usbd_driver
                0x1000a7e4       0x40 CMakeFiles/adc.dir/home/kwon/pico-sdk/lib/tinyusb/src/device/usbd.c.o
 .rodata.str1.4
                0x1000a824       0x15 /usr/lib/gcc/arm-none-eabi/13.2.1/../../../arm-none-eabi/lib/thumb/v6-m/nofp/libg.a(libc_a-strtod.o)
 *fill*         0x1000a824        0x4 
 .rodata        0x1000a828      0x120 /usr/lib/gcc/arm-none-eabi/13.2.1/../../../arm-none-eabi/lib/thumb/v6-m/nofp/libg.a(libc_a-strtod.o)
 .rodata.str1.4
                0x1000a948       0x12 /usr/lib/gcc/arm-none-eabi/13.2.1/../../../arm-none-eabi/lib/thumb/v6-m/nofp/libg.a(libc_a-locale.o)
 .rodata.str1.4
                0x1000a948       0x4c /usr/lib/gcc/arm-none-eabi/13.2.1/../../../arm-none-eabi/lib/thumb/v6-m/nofp/libg.a(libc_a-gdtoa-gethex.o)
 .rodata        0x1000a948      0x100 /usr/lib/gcc/arm-none-eabi/13.2.1/../../../arm-none-eabi/lib/thumb/v6-m/nofp/libg.a(libc_a-gdtoa-gethex.o)
                0x1000a948                __hexdig
 .rodata        0x1000aa48      0x101 /usr/lib/gcc/arm-none-eabi/13.2.1/../../../arm-none-eabi/lib/thumb/v6-m/nofp/libg.a(libc_a-ctype_.o)
                0x1000aa48                _ctype_
 .rodata.str1.4
                0x1000ab49       0x41 /usr/lib/gcc/arm-none-eabi/13.2.1/../../../arm-none-eabi/lib/thumb/v6-m/nofp/libg.a(libc_a-mprec.o)
 *fill*         0x1000ab49        0x7 
 .rodata        0x1000ab50      0x128 /usr/lib/gcc/arm-none-eabi/13.2.1/../../../arm-none-eabi/lib/thumb/v6-m/nofp/libg.a(libc_a-mprec.o)
                0x1000ab60                __mprec_tinytens
                0x1000ab88                __mprec_bigtens
                0x1000abb0                __mprec_tens
                0x1000ac78                        . = ALIGN (0x4)
 *(SORT_BY_ALIGNMENT(SORT_BY_NAME(.flashdata*)))
                0x1000ac78                        . = ALIGN (0x4)

.ARM.extab
 *(.ARM.extab* .gnu.linkonce.armextab.*)
                0x1000ac78                        __exidx_start = .

.ARM.exidx
 *(.ARM.exidx* .gnu.linkonce.armexidx.*)
                0x1000ac78                        __exidx_end = .
                0x1000ac78                        . = ALIGN (0x4)
                0x1000ac78                        __binary_info_start = .

.binary_info    0x1000ac78       0x20
 *(.binary_info.keep.*)
 .binary_info.keep.__bi_ptr84
                0x1000ac78        0x4 CMakeFiles/adc.dir/home/kwon/pico-sdk/src/rp2_common/pico_standard_binary_info/standard_binary_info.c.o
 .binary_info.keep.__bi_ptr78
                0x1000ac7c        0x4 CMakeFiles/adc.dir/home/kwon/pico-sdk/src/rp2_common/pico_standard_binary_info/standard_binary_info.c.o
 .binary_info.keep.__bi_ptr54
                0x1000ac80        0x4 CMakeFiles/adc.dir/home/kwon/pico-sdk/src/rp2_common/pico_standard_binary_info/standard_binary_info.c.o
 .binary_info.keep.__bi_ptr48
                0x1000ac84        0x4 CMakeFiles/adc.dir/home/kwon/pico-sdk/src/rp2_common/pico_standard_binary_info/standard_binary_info.c.o
 .binary_info.keep.__bi_ptr42
                0x1000ac88        0x4 CMakeFiles/adc.dir/home/kwon/pico-sdk/src/rp2_common/pico_standard_binary_info/standard_binary_info.c.o
 .binary_info.keep.__bi_ptr34
                0x1000ac8c        0x4 CMakeFiles/adc.dir/home/kwon/pico-sdk/src/rp2_common/pico_standard_binary_info/standard_binary_info.c.o
 .binary_info.keep.__bi_ptr26
                0x1000ac90        0x4 CMakeFiles/adc.dir/home/kwon/pico-sdk/src/rp2_common/pico_standard_binary_info/standard_binary_info.c.o
 *(.binary_info.*)
 .binary_info.__bi_ptr202
                0x1000ac94        0x4 CMakeFiles/adc.dir/home/kwon/pico-sdk/src/rp2_common/pico_stdio_usb/stdio_usb.c.o
                0x1000ac98                        __binary_info_end = .
                0x1000ac98                        . = ALIGN (0x4)

.ram_vector_table
                0x20000000       0xc0
 *(.ram_vector_table)
 .ram_vector_table
                0x20000000       0xc0 CMakeFiles/adc.dir/home/kwon/pico-sdk/src/rp2_common/pico_runtime_init/runtime_init.c.o
                0x20000000                ram_vector_table

.uninitialized_data
                0x200000c0        0x0
                0x200000c0                        . = ALIGN (0x4)
 *(.uninitialized_data*)

.data           0x200000c0     0x1658 load address 0x1000ac98
                0x200000c0                        __data_start__ = .
 *(vtable)
 *(.time_critical*)
 .time_critical.mutex_try_enter
                0x200000c0       0x40 CMakeFiles/adc.dir/home/kwon/pico-sdk/src/common/pico_sync/mutex.c.o
                0x200000c0                mutex_try_enter
 .time_critical.mutex_try_enter_block_until
                0x20000100       0x9c CMakeFiles/adc.dir/home/kwon/pico-sdk/src/common/pico_sync/mutex.c.o
                0x20000100                mutex_try_enter_block_until
 .time_critical.mutex_enter_timeout_ms
                0x2000019c       0x90 CMakeFiles/adc.dir/home/kwon/pico-sdk/src/common/pico_sync/mutex.c.o
                0x2000019c                mutex_enter_timeout_ms
 .time_critical.mutex_exit
                0x2000022c       0x28 CMakeFiles/adc.dir/home/kwon/pico-sdk/src/common/pico_sync/mutex.c.o
                0x2000022c                mutex_exit
 .time_critical.flash_init_boot2_copyout
                0x20000254       0x30 CMakeFiles/adc.dir/home/kwon/pico-sdk/src/rp2_common/hardware_flash/flash.c.o
 .time_critical.flash_enable_xip_via_boot2
                0x20000284        0xc CMakeFiles/adc.dir/home/kwon/pico-sdk/src/rp2_common/hardware_flash/flash.c.o
 .time_critical.flash_save_hardware_state
                0x20000290       0x20 CMakeFiles/adc.dir/home/kwon/pico-sdk/src/rp2_common/hardware_flash/flash.c.o
 .time_critical.flash_restore_hardware_state
                0x200002b0       0x20 CMakeFiles/adc.dir/home/kwon/pico-sdk/src/rp2_common/hardware_flash/flash.c.o
 .time_critical.flash_cs_force
                0x200002d0       0x38 CMakeFiles/adc.dir/home/kwon/pico-sdk/src/rp2_common/hardware_flash/flash.c.o
 .time_critical.flash_do_cmd
                0x20000308       0xd0 CMakeFiles/adc.dir/home/kwon/pico-sdk/src/rp2_common/hardware_flash/flash.c.o
                0x20000308                flash_do_cmd
 .time_critical.reset_non_control_endpoints
                0x200003d8       0x68 CMakeFiles/adc.dir/home/kwon/pico-sdk/lib/tinyusb/src/portable/raspberrypi/rp2040/dcd_rp2040.c.o
 .time_critical.hw_handle_buff_status
                0x20000440       0xa0 CMakeFiles/adc.dir/home/kwon/pico-sdk/lib/tinyusb/src/portable/raspberrypi/rp2040/dcd_rp2040.c.o
 .time_critical.dcd_rp2040_irq
                0x200004e0      0x544 CMakeFiles/adc.dir/home/kwon/pico-sdk/lib/tinyusb/src/portable/raspberrypi/rp2040/dcd_rp2040.c.o
 .time_critical.prepare_ep_buffer
                0x20000a24       0xe0 CMakeFiles/adc.dir/home/kwon/pico-sdk/lib/tinyusb/src/portable/raspberrypi/rp2040/rp2040_usb.c.o
 .time_critical.sync_ep_buffer
                0x20000b04       0xa8 CMakeFiles/adc.dir/home/kwon/pico-sdk/lib/tinyusb/src/portable/raspberrypi/rp2040/rp2040_usb.c.o
 .time_critical._hw_endpoint_xfer_sync
                0x20000bac       0x28 CMakeFiles/adc.dir/home/kwon/pico-sdk/lib/tinyusb/src/portable/raspberrypi/rp2040/rp2040_usb.c.o
 .time_critical.e15_is_bulkin_ep
                0x20000bd4       0x28 CMakeFiles/adc.dir/home/kwon/pico-sdk/lib/tinyusb/src/portable/raspberrypi/rp2040/rp2040_usb.c.o
 .time_critical.e15_is_critical_frame_period
                0x20000bfc       0x34 CMakeFiles/adc.dir/home/kwon/pico-sdk/lib/tinyusb/src/portable/raspberrypi/rp2040/rp2040_usb.c.o
 .time_critical.hw_endpoint_reset_transfer
                0x20000c30        0xc CMakeFiles/adc.dir/home/kwon/pico-sdk/lib/tinyusb/src/portable/raspberrypi/rp2040/rp2040_usb.c.o
                0x20000c30                hw_endpoint_reset_transfer
 .time_critical._hw_endpoint_buffer_control_update32
                0x20000c3c       0x50 CMakeFiles/adc.dir/home/kwon/pico-sdk/lib/tinyusb/src/portable/raspberrypi/rp2040/rp2040_usb.c.o
                0x20000c3c                _hw_endpoint_buffer_control_update32
 .time_critical.hw_endpoint_start_next_buffer
                0x20000c8c       0x6c CMakeFiles/adc.dir/home/kwon/pico-sdk/lib/tinyusb/src/portable/raspberrypi/rp2040/rp2040_usb.c.o
                0x20000c8c                hw_endpoint_start_next_buffer
 .time_critical.hw_endpoint_xfer_continue
                0x20000cf8       0x40 CMakeFiles/adc.dir/home/kwon/pico-sdk/lib/tinyusb/src/portable/raspberrypi/rp2040/rp2040_usb.c.o
                0x20000cf8                hw_endpoint_xfer_continue
 .time_critical.tinyusb
                0x20000d38      0x1e4 CMakeFiles/adc.dir/home/kwon/pico-sdk/lib/tinyusb/src/device/usbd.c.o
                0x20000d38                dcd_event_handler
 *(.text*)
 .text          0x20000f1c        0x4 /usr/lib/gcc/arm-none-eabi/13.2.1/thumb/v6-m/nofp/libgcc.a(_dvmd_tls.o)
                0x20000f1c                __aeabi_ldiv0
                0x20000f1c                __aeabi_idiv0
 .text.__stub   0x20000f20       0x80 linker stubs
                0x20000fa0                        . = ALIGN (0x4)
 *(.rodata*)
                0x20000fa0                        . = ALIGN (0x4)
 *(.data*)
 .data.striped_spin_lock_num
                0x20000fa0        0x1 CMakeFiles/adc.dir/home/kwon/pico-sdk/src/rp2_common/hardware_sync/sync.c.o
 *fill*         0x20000fa1        0x3 
 .data          0x20000fa4       0x48 CMakeFiles/adc.dir/home/kwon/pico-sdk/src/rp2_common/hardware_irq/irq_handler_chain.S.o
                0x20000fa4                irq_handler_chain_slots
                0x20000fd4                irq_handler_chain_first_slot
                0x20000fde                irq_handler_chain_remove_tail
 .data.default_alarm_pool
                0x20000fec       0x18 CMakeFiles/adc.dir/home/kwon/pico-sdk/src/common/pico_time/time.c.o
 *fill*         0x20001004        0xc 
 .data.aeabi_bits_funcs
                0x20001010       0x10 CMakeFiles/adc.dir/home/kwon/pico-sdk/src/rp2_common/pico_bit_ops/bit_ops_aeabi.S.o
                0x20001010                aeabi_bits_funcs
                0x20001020                aeabi_bits_funcs_end
 .data.aeabi_mem_funcs
                0x20001020       0x10 CMakeFiles/adc.dir/home/kwon/pico-sdk/src/rp2_common/pico_mem_ops/mem_ops_aeabi.S.o
                0x20001020                aeabi_mem_funcs
                0x20001030                aeabi_mem_funcs_end
 .data.stdio_usb
                0x20001030       0x18 CMakeFiles/adc.dir/home/kwon/pico-sdk/src/rp2_common/pico_stdio_usb/stdio_usb.c.o
                0x20001030                stdio_usb
 .data._usbd_qdef
                0x20001048       0x1c CMakeFiles/adc.dir/home/kwon/pico-sdk/lib/tinyusb/src/device/usbd.c.o
                0x20001048                _usbd_qdef
 .data._usbd_rhport
                0x20001064        0x1 CMakeFiles/adc.dir/home/kwon/pico-sdk/lib/tinyusb/src/device/usbd.c.o
 *fill*         0x20001065        0x3 
 .data          0x20001068      0x16c /usr/lib/gcc/arm-none-eabi/13.2.1/../../../arm-none-eabi/lib/thumb/v6-m/nofp/libg.a(libc_a-locale.o)
                0x20001068                __global_locale
 *fill*         0x200011d4        0x4 
 .data          0x200011d8      0x128 /usr/lib/gcc/arm-none-eabi/13.2.1/../../../arm-none-eabi/lib/thumb/v6-m/nofp/libg.a(libc_a-impure.o)
                0x200011d8                _impure_ptr
                0x200011e0                _impure_data
 .data          0x20001300      0x410 /usr/lib/gcc/arm-none-eabi/13.2.1/../../../arm-none-eabi/lib/thumb/v6-m/nofp/libg.a(libc_a-mallocr.o)
                0x20001300                __malloc_sbrk_base
                0x20001304                __malloc_trim_threshold
                0x20001308                __malloc_av_
                0x20001710                        . = ALIGN (0x4)
 *(.after_data.*)
                0x20001710                        . = ALIGN (0x4)
                0x20001710                        PROVIDE (__mutex_array_start = .)
 *(SORT_BY_NAME(.mutex_array.*))
 *(.mutex_array)
 .mutex_array   0x20001710        0x8 CMakeFiles/adc.dir/home/kwon/pico-sdk/src/rp2_common/pico_stdio/stdio.c.o
                0x20001718                        PROVIDE (__mutex_array_end = .)
                0x20001718                        . = ALIGN (0x4)
 *(.jcr)
                0x20001718                        . = ALIGN (0x4)

.tm_clone_table
                0x20001718        0x0 load address 0x1000c2f0
 .tm_clone_table
                0x20001718        0x0 /usr/lib/gcc/arm-none-eabi/13.2.1/thumb/v6-m/nofp/crtbegin.o
 .tm_clone_table
                0x20001718        0x0 /usr/lib/gcc/arm-none-eabi/13.2.1/thumb/v6-m/nofp/crtend.o

.igot.plt       0x20001718        0x0 load address 0x1000c2f0
 .igot.plt      0x20001718        0x0 /usr/lib/gcc/arm-none-eabi/13.2.1/thumb/v6-m/nofp/crtbegin.o

.tdata          0x20001718        0x0 load address 0x1000c2f0
                0x20001718                        . = ALIGN (0x4)
 *(.tdata .tdata.* .gnu.linkonce.td.*)
                0x20001718                        __tdata_end = .
                0x20001718                        PROVIDE (__data_end__ = .)
                0x1000ac98                        __etext = LOADADDR (.data)

.tbss           0x20001718        0x0 load address 0x1000c2f0
                0x20001718                        . = ALIGN (0x4)
                0x20001718                        __bss_start__ = .
                0x20001718                        __tls_base = .
 *(.tbss .tbss.* .gnu.linkonce.tb.*)
 *(.tcommon)
                0x20001718                        __tls_end = .

.bss            0x20001718     0x120c load address 0x1000c2f0
                0x20001718                        . = ALIGN (0x4)
                0x20001718                        __tbss_end = .
 *(SORT_BY_ALIGNMENT(SORT_BY_NAME(.bss*)))
 .bss.default_alarm_pool_entries
                0x20001718      0x180 CMakeFiles/adc.dir/home/kwon/pico-sdk/src/common/pico_time/time.c.o
 .bss.last_avail_time.1
                0x20001898        0x8 CMakeFiles/adc.dir/home/kwon/pico-sdk/src/rp2_common/pico_stdio_usb/stdio_usb.c.o
 .bss.sd_table  0x200018a0      0x100 CMakeFiles/adc.dir/home/kwon/pico-sdk/src/rp2_common/pico_double/double_init_rom_rp2040.c.o
                0x200018a0                sd_table
 .bss.sf_table  0x200019a0      0x100 CMakeFiles/adc.dir/home/kwon/pico-sdk/src/rp2_common/pico_float/float_init_rom_rp2040.c.o
                0x200019a0                sf_table
 .bss           0x20001aa0       0x1c /usr/lib/gcc/arm-none-eabi/13.2.1/thumb/v6-m/nofp/crtbegin.o
 .bss           0x20001abc       0x34 /usr/lib/gcc/arm-none-eabi/13.2.1/../../../arm-none-eabi/lib/thumb/v6-m/nofp/libg.a(libc_a-mallocr.o)
                0x20001abc                __malloc_top_pad
                0x20001ac0                __malloc_current_mallinfo
                0x20001ae8                __malloc_max_sbrked_mem
                0x20001aec                __malloc_max_total_mem
 .bss           0x20001af0      0x13c /usr/lib/gcc/arm-none-eabi/13.2.1/../../../arm-none-eabi/lib/thumb/v6-m/nofp/libg.a(libc_a-findfp.o)
                0x20001af0                __stdio_exit_handler
                0x20001af4                __sf
 .bss           0x20001c2c        0x4 /usr/lib/gcc/arm-none-eabi/13.2.1/../../../arm-none-eabi/lib/thumb/v6-m/nofp/libg.a(libc_a-reent.o)
                0x20001c2c                errno
 .bss           0x20001c30      0x190 /usr/lib/gcc/arm-none-eabi/13.2.1/../../../arm-none-eabi/lib/thumb/v6-m/nofp/libg.a(libc_a-__atexit.o)
                0x20001c30                __atexit0
 .bss           0x20001dc0        0x4 /usr/lib/gcc/arm-none-eabi/13.2.1/../../../arm-none-eabi/lib/thumb/v6-m/nofp/libg.a(libc_a-__call_atexit.o)
                0x20001dc0                __atexit
 .bss._app_driver
                0x20001dc4        0x4 CMakeFiles/adc.dir/home/kwon/pico-sdk/lib/tinyusb/src/device/usbd.c.o
 .bss._cdcd_epbuf
                0x20001dc8       0x80 CMakeFiles/adc.dir/home/kwon/pico-sdk/lib/tinyusb/src/class/cdc/cdc_device.c.o
 .bss._cdcd_fifo_cfg
                0x20001e48        0x1 CMakeFiles/adc.dir/home/kwon/pico-sdk/lib/tinyusb/src/class/cdc/cdc_device.c.o
 *fill*         0x20001e49        0x3 
 .bss._cdcd_itf
                0x20001e4c       0xc8 CMakeFiles/adc.dir/home/kwon/pico-sdk/lib/tinyusb/src/class/cdc/cdc_device.c.o
 .bss._ctrl_epbuf
                0x20001f14       0x40 CMakeFiles/adc.dir/home/kwon/pico-sdk/lib/tinyusb/src/device/usbd_control.c.o
 .bss._ctrl_xfer
                0x20001f54       0x14 CMakeFiles/adc.dir/home/kwon/pico-sdk/lib/tinyusb/src/device/usbd_control.c.o
 .bss._tusb_rhport_role
                0x20001f68        0x2 CMakeFiles/adc.dir/home/kwon/pico-sdk/lib/tinyusb/src/tusb.c.o
                0x20001f68                _tusb_rhport_role
 *fill*         0x20001f6a        0x2 
 .bss._ubsd_mutexdef
                0x20001f6c        0x8 CMakeFiles/adc.dir/home/kwon/pico-sdk/lib/tinyusb/src/device/usbd.c.o
 .bss._usbd_dev
                0x20001f74       0x54 CMakeFiles/adc.dir/home/kwon/pico-sdk/lib/tinyusb/src/device/usbd.c.o
 .bss._usbd_mutex
                0x20001fc8        0x4 CMakeFiles/adc.dir/home/kwon/pico-sdk/lib/tinyusb/src/device/usbd.c.o
 .bss._usbd_q   0x20001fcc        0x4 CMakeFiles/adc.dir/home/kwon/pico-sdk/lib/tinyusb/src/device/usbd.c.o
 .bss._usbd_qdef_buf
                0x20001fd0       0xc0 CMakeFiles/adc.dir/home/kwon/pico-sdk/lib/tinyusb/src/device/usbd.c.o
                0x20001fd0                _usbd_qdef_buf
 .bss._vendord_epbuf
                0x20002090       0x80 CMakeFiles/adc.dir/home/kwon/pico-sdk/lib/tinyusb/src/class/vendor/vendor_device.c.o
 .bss._vendord_itf
                0x20002110      0x24c CMakeFiles/adc.dir/home/kwon/pico-sdk/lib/tinyusb/src/class/vendor/vendor_device.c.o
 .bss.boot2_copyout
                0x2000235c      0x100 CMakeFiles/adc.dir/home/kwon/pico-sdk/src/rp2_common/hardware_flash/flash.c.o
 .bss.chars_available_callback
                0x2000245c        0x4 CMakeFiles/adc.dir/home/kwon/pico-sdk/src/rp2_common/pico_stdio_usb/stdio_usb.c.o
 .bss.chars_available_param
                0x20002460        0x4 CMakeFiles/adc.dir/home/kwon/pico-sdk/src/rp2_common/pico_stdio_usb/stdio_usb.c.o
 .bss.claimed   0x20002464        0x4 CMakeFiles/adc.dir/home/kwon/pico-sdk/src/rp2_common/hardware_sync/sync.c.o
 .bss.claimed   0x20002468        0x1 CMakeFiles/adc.dir/home/kwon/pico-sdk/src/rp2_common/hardware_timer/timer.c.o
 *fill*         0x20002469        0x3 
 .bss.configured_freq
                0x2000246c       0x28 CMakeFiles/adc.dir/home/kwon/pico-sdk/src/rp2_common/hardware_clocks/clocks.c.o
 .bss.desc_str.0
                0x20002494       0x28 CMakeFiles/adc.dir/home/kwon/pico-sdk/src/rp2_common/pico_stdio_usb/stdio_usb_descriptors.c.o
 .bss.drivers   0x200024bc        0x4 CMakeFiles/adc.dir/home/kwon/pico-sdk/src/rp2_common/pico_stdio/stdio.c.o
 .bss.e15_last_sof
                0x200024c0        0x4 CMakeFiles/adc.dir/home/kwon/pico-sdk/lib/tinyusb/src/portable/raspberrypi/rp2040/rp2040_usb.c.o
                0x200024c0                e15_last_sof
 .bss.filter    0x200024c4        0x4 CMakeFiles/adc.dir/home/kwon/pico-sdk/src/rp2_common/pico_stdio/stdio.c.o
 .bss.heap_end.0
                0x200024c8        0x4 CMakeFiles/adc.dir/home/kwon/pico-sdk/src/rp2_common/pico_clib_interface/newlib_interface.c.o
 .bss.hw_endpoints
                0x200024cc      0x400 CMakeFiles/adc.dir/home/kwon/pico-sdk/lib/tinyusb/src/portable/raspberrypi/rp2040/dcd_rp2040.c.o
 .bss.lazy_vsnprintf
                0x200028cc        0x4 CMakeFiles/adc.dir/home/kwon/pico-sdk/src/rp2_common/pico_printf/printf.c.o
 .bss.load_value
                0x200028d0        0x4 CMakeFiles/adc.dir/home/kwon/pico-sdk/src/rp2_common/hardware_watchdog/watchdog.c.o
 .bss.next_buffer_ptr
                0x200028d4        0x4 CMakeFiles/adc.dir/home/kwon/pico-sdk/lib/tinyusb/src/portable/raspberrypi/rp2040/dcd_rp2040.c.o
 .bss.one_shot_timer_crit_sec
                0x200028d8        0x8 CMakeFiles/adc.dir/home/kwon/pico-sdk/src/rp2_common/pico_stdio_usb/stdio_usb.c.o
 .bss.pools     0x200028e0       0x10 CMakeFiles/adc.dir/home/kwon/pico-sdk/src/common/pico_time/time.c.o
 .bss.retrieved_id
                0x200028f0        0x8 CMakeFiles/adc.dir/home/kwon/pico-sdk/src/rp2_common/pico_unique_id/unique_id.c.o
 .bss.sf_clz_func
                0x200028f8        0x4 CMakeFiles/adc.dir/home/kwon/pico-sdk/src/rp2_common/pico_double/double_init_rom_rp2040.c.o
                0x200028f8                sf_clz_func
 .bss.sleep_notifier
                0x200028fc        0x4 CMakeFiles/adc.dir/home/kwon/pico-sdk/src/common/pico_time/time.c.o
 .bss.stdio_usb_mutex
                0x20002900        0x8 CMakeFiles/adc.dir/home/kwon/pico-sdk/src/rp2_common/pico_stdio_usb/stdio_usb.c.o
 .bss.usbd_serial_str
                0x20002908       0x11 CMakeFiles/adc.dir/home/kwon/pico-sdk/src/rp2_common/pico_stdio_usb/stdio_usb_descriptors.c.o
 .bss._app_driver_count
                0x20002919        0x1 CMakeFiles/adc.dir/home/kwon/pico-sdk/lib/tinyusb/src/device/usbd.c.o
 .bss._sof_enable
                0x2000291a        0x1 CMakeFiles/adc.dir/home/kwon/pico-sdk/lib/tinyusb/src/portable/raspberrypi/rp2040/dcd_rp2040.c.o
 .bss._usbd_queued_setup
                0x2000291b        0x1 CMakeFiles/adc.dir/home/kwon/pico-sdk/lib/tinyusb/src/device/usbd.c.o
 .bss.boot2_copyout_valid
                0x2000291c        0x1 CMakeFiles/adc.dir/home/kwon/pico-sdk/src/rp2_common/hardware_flash/flash.c.o
 .bss.irq_handler_chain_free_slot_head
                0x2000291d        0x1 CMakeFiles/adc.dir/home/kwon/pico-sdk/src/rp2_common/hardware_irq/irq.c.o
 .bss.itf_num   0x2000291e        0x1 CMakeFiles/adc.dir/home/kwon/pico-sdk/src/rp2_common/pico_stdio_usb/reset_interface.c.o
 .bss.low_priority_irq_num
                0x2000291f        0x1 CMakeFiles/adc.dir/home/kwon/pico-sdk/src/rp2_common/pico_stdio_usb/stdio_usb.c.o
 .bss.one_shot_timer_pending
                0x20002920        0x1 CMakeFiles/adc.dir/home/kwon/pico-sdk/src/rp2_common/pico_stdio_usb/stdio_usb.c.o
 .bss.user_irq_claimed
                0x20002921        0x1 CMakeFiles/adc.dir/home/kwon/pico-sdk/src/rp2_common/hardware_irq/irq.c.o
 *(COMMON)
                0x20002924                        . = ALIGN (0x4)
 *fill*         0x20002922        0x2 
                0x20002924                        __bss_end__ = .

.heap           0x20002924      0x800 load address 0x1000c2f0
                0x20002924                        __end__ = .
                0x20002924                        end = __end__
 *(.heap*)
 .heap          0x20002924      0x800 CMakeFiles/adc.dir/home/kwon/pico-sdk/src/rp2_common/pico_crt0/crt0.S.o
                0x20040000                        __HeapLimit = (ORIGIN (RAM) + LENGTH (RAM))

.scratch_x      0x20040000        0x0 load address 0x1000c2f0
                0x20040000                        __scratch_x_start__ = .
 *(.scratch_x.*)
                0x20040000                        . = ALIGN (0x4)
                0x20040000                        __scratch_x_end__ = .
                0x1000c2f0                        __scratch_x_source__ = LOADADDR (.scratch_x)

.scratch_y      0x20041000        0x0 load address 0x1000c2f0
                0x20041000                        __scratch_y_start__ = .
 *(.scratch_y.*)
                0x20041000                        . = ALIGN (0x4)
                0x20041000                        __scratch_y_end__ = .
                0x1000c2f0                        __scratch_y_source__ = LOADADDR (.scratch_y)

.stack1_dummy
 *(.stack1*)

.stack_dummy    0x20041000      0x800
 *(.stack*)
 .stack         0x20041000      0x800 CMakeFiles/adc.dir/home/kwon/pico-sdk/src/rp2_common/pico_crt0/crt0.S.o

.rel.dyn        0x20041800        0x0