Archive member included to satisfy reference by file (symbol)

/usr/lib/gcc/arm-none-eabi/10.3.1/thumb/v6-m/nofp/libgcc.a(_dvmd_tls.o)
                              CMakeFiles/uart.dir/home/kwon/pico-sdk/src/rp2_common/pico_divider/divider_hardware.S.o (__aeabi_idiv0)
/usr/lib/gcc/arm-none-eabi/10.3.1/../../../arm-none-eabi/lib/thumb/v6-m/nofp/libg.a(lib_a-atexit.o)
                              /usr/lib/gcc/arm-none-eabi/10.3.1/../../../arm-none-eabi/lib/thumb/v6-m/nofp/crt0.o (atexit)
/usr/lib/gcc/arm-none-eabi/10.3.1/../../../arm-none-eabi/lib/thumb/v6-m/nofp/libg.a(lib_a-calloc.o)
                              CMakeFiles/uart.dir/home/kwon/pico-sdk/src/rp2_common/pico_malloc/malloc.c.o (calloc)
/usr/lib/gcc/arm-none-eabi/10.3.1/../../../arm-none-eabi/lib/thumb/v6-m/nofp/libg.a(lib_a-callocr.o)
                              /usr/lib/gcc/arm-none-eabi/10.3.1/../../../arm-none-eabi/lib/thumb/v6-m/nofp/libg.a(lib_a-calloc.o) (_calloc_r)
/usr/lib/gcc/arm-none-eabi/10.3.1/../../../arm-none-eabi/lib/thumb/v6-m/nofp/libg.a(lib_a-fini.o)
                              /usr/lib/gcc/arm-none-eabi/10.3.1/../../../arm-none-eabi/lib/thumb/v6-m/nofp/crt0.o (__libc_fini_array)
/usr/lib/gcc/arm-none-eabi/10.3.1/../../../arm-none-eabi/lib/thumb/v6-m/nofp/libg.a(lib_a-impure.o)
                              /usr/lib/gcc/arm-none-eabi/10.3.1/../../../arm-none-eabi/lib/thumb/v6-m/nofp/libg.a(lib_a-calloc.o) (_impure_ptr)
/usr/lib/gcc/arm-none-eabi/10.3.1/../../../arm-none-eabi/lib/thumb/v6-m/nofp/libg.a(lib_a-init.o)
                              /usr/lib/gcc/arm-none-eabi/10.3.1/../../../arm-none-eabi/lib/thumb/v6-m/nofp/crt0.o (__libc_init_array)
/usr/lib/gcc/arm-none-eabi/10.3.1/../../../arm-none-eabi/lib/thumb/v6-m/nofp/libg.a(lib_a-lcltime_r.o)
                              CMakeFiles/uart.dir/home/kwon/pico-sdk/src/common/pico_util/datetime.c.o (localtime_r)
/usr/lib/gcc/arm-none-eabi/10.3.1/../../../arm-none-eabi/lib/thumb/v6-m/nofp/libg.a(lib_a-malloc.o)
                              CMakeFiles/uart.dir/home/kwon/pico-sdk/src/rp2_common/pico_malloc/malloc.c.o (malloc)
/usr/lib/gcc/arm-none-eabi/10.3.1/../../../arm-none-eabi/lib/thumb/v6-m/nofp/libg.a(lib_a-mallocr.o)
                              /usr/lib/gcc/arm-none-eabi/10.3.1/../../../arm-none-eabi/lib/thumb/v6-m/nofp/libg.a(lib_a-callocr.o) (_malloc_r)
/usr/lib/gcc/arm-none-eabi/10.3.1/../../../arm-none-eabi/lib/thumb/v6-m/nofp/libg.a(lib_a-memcmp.o)
                              CMakeFiles/uart.dir/home/kwon/pico-sdk/src/rp2_common/pico_atomic/atomic.c.o (memcmp)
/usr/lib/gcc/arm-none-eabi/10.3.1/../../../arm-none-eabi/lib/thumb/v6-m/nofp/libg.a(lib_a-mktime.o)
                              CMakeFiles/uart.dir/home/kwon/pico-sdk/src/common/pico_util/datetime.c.o (mktime)
/usr/lib/gcc/arm-none-eabi/10.3.1/../../../arm-none-eabi/lib/thumb/v6-m/nofp/libg.a(lib_a-mlock.o)
                              /usr/lib/gcc/arm-none-eabi/10.3.1/../../../arm-none-eabi/lib/thumb/v6-m/nofp/libg.a(lib_a-mallocr.o) (__malloc_lock)
/usr/lib/gcc/arm-none-eabi/10.3.1/../../../arm-none-eabi/lib/thumb/v6-m/nofp/libg.a(lib_a-month_lengths.o)
                              /usr/lib/gcc/arm-none-eabi/10.3.1/../../../arm-none-eabi/lib/thumb/v6-m/nofp/libg.a(lib_a-lcltime_r.o) (__month_lengths)
/usr/lib/gcc/arm-none-eabi/10.3.1/../../../arm-none-eabi/lib/thumb/v6-m/nofp/libg.a(lib_a-realloc.o)
                              CMakeFiles/uart.dir/home/kwon/pico-sdk/src/rp2_common/pico_malloc/malloc.c.o (realloc)
/usr/lib/gcc/arm-none-eabi/10.3.1/../../../arm-none-eabi/lib/thumb/v6-m/nofp/libg.a(lib_a-reallocr.o)
                              /usr/lib/gcc/arm-none-eabi/10.3.1/../../../arm-none-eabi/lib/thumb/v6-m/nofp/libg.a(lib_a-realloc.o) (_realloc_r)
/usr/lib/gcc/arm-none-eabi/10.3.1/../../../arm-none-eabi/lib/thumb/v6-m/nofp/libg.a(lib_a-sbrkr.o)
                              /usr/lib/gcc/arm-none-eabi/10.3.1/../../../arm-none-eabi/lib/thumb/v6-m/nofp/libg.a(lib_a-mallocr.o) (_sbrk_r)
/usr/lib/gcc/arm-none-eabi/10.3.1/../../../arm-none-eabi/lib/thumb/v6-m/nofp/libg.a(lib_a-strlen-stub.o)
                              CMakeFiles/uart.dir/home/kwon/pico-sdk/src/rp2_common/pico_stdio/stdio.c.o (strlen)
/usr/lib/gcc/arm-none-eabi/10.3.1/../../../arm-none-eabi/lib/thumb/v6-m/nofp/libg.a(lib_a-tzcalc_limits.o)
                              /usr/lib/gcc/arm-none-eabi/10.3.1/../../../arm-none-eabi/lib/thumb/v6-m/nofp/libg.a(lib_a-lcltime_r.o) (__tzcalc_limits)
/usr/lib/gcc/arm-none-eabi/10.3.1/../../../arm-none-eabi/lib/thumb/v6-m/nofp/libg.a(lib_a-tzlock.o)
                              /usr/lib/gcc/arm-none-eabi/10.3.1/../../../arm-none-eabi/lib/thumb/v6-m/nofp/libg.a(lib_a-lcltime_r.o) (__tz_lock)
/usr/lib/gcc/arm-none-eabi/10.3.1/../../../arm-none-eabi/lib/thumb/v6-m/nofp/libg.a(lib_a-tzset.o)
                              /usr/lib/gcc/arm-none-eabi/10.3.1/../../../arm-none-eabi/lib/thumb/v6-m/nofp/libg.a(lib_a-lcltime_r.o) (_tzset_unlocked)
[...]
Memory Configuration

Name             Origin             Length             Attributes
FLASH            0x0000000010000000 0x0000000000200000 xr
RAM              0x0000000020000000 0x0000000000040000 xrw
SCRATCH_X        0x0000000020040000 0x0000000000001000 xrw
SCRATCH_Y        0x0000000020041000 0x0000000000001000 xrw
*default*        0x0000000000000000 0xffffffffffffffff

Linker script and memory map

LOAD /usr/lib/gcc/arm-none-eabi/10.3.1/thumb/v6-m/nofp/crti.o
LOAD /usr/lib/gcc/arm-none-eabi/10.3.1/thumb/v6-m/nofp/crtbegin.o
LOAD /usr/lib/gcc/arm-none-eabi/10.3.1/../../../arm-none-eabi/lib/thumb/v6-m/nofp/crt0.o

.flash_begin    0x0000000010000000        0x0
                0x0000000010000000                __flash_binary_start = .

.boot2          0x0000000010000000      0x100
                0x0000000010000000                __boot2_start__ = .
 *(.boot2)
 .boot2         0x0000000010000000      0x100 pico-sdk/src/rp2040/boot_stage2/CMakeFiles/bs2_default_library.dir/bs2_default_padded_checksummed.S.o
                0x0000000010000100                __boot2_end__ = .
                0x0000000000000001                ASSERT (((__boot2_end__ - __boot2_start__) == 0x100), ERROR: Pico second stage bootloader must be 256 bytes in size)

.text           0x0000000010000100     0x49d4
                0x0000000010000100                __logical_binary_start = .
 *(.vectors)
 .vectors       0x0000000010000100       0xd4 CMakeFiles/uart.dir/home/kwon/pico-sdk/src/rp2_common/pico_crt0/crt0.S.o
                0x0000000010000100                __vectors
                0x0000000010000100                __VECTOR_TABLE
                0x00000000100001c0                isr_irq30
                0x00000000100001c0                __unhandled_user_irq
                0x00000000100001c0                isr_irq13
                0x00000000100001c0                isr_irq27
                0x00000000100001c0                isr_irq31
                0x00000000100001c0                isr_irq5
                0x00000000100001c0                isr_irq11
                0x00000000100001c0                isr_irq23
                0x00000000100001c0                isr_irq18
                0x00000000100001c0                isr_irq28
                0x00000000100001c0                isr_irq19
                0x00000000100001c0                isr_irq0
                0x00000000100001c0                isr_irq6
                0x00000000100001c0                isr_irq22
                0x00000000100001c0                isr_irq17
                0x00000000100001c0                isr_irq14
                0x00000000100001c0                __vectors_end
                0x00000000100001c0                __default_isrs_start
                0x00000000100001c0                isr_irq2
                0x00000000100001c0                isr_irq10
                0x00000000100001c0                isr_irq8
                0x00000000100001c0                isr_irq24
                0x00000000100001c0                isr_irq1
                0x00000000100001c0                isr_irq7
                0x00000000100001c0                isr_irq21
                0x00000000100001c0                isr_irq20
                0x00000000100001c0                isr_irq15
                0x00000000100001c0                isr_irq25
                0x00000000100001c0                isr_irq4
                0x00000000100001c0                isr_irq16
                0x00000000100001c0                isr_irq29
                0x00000000100001c0                isr_irq26
                0x00000000100001c0                isr_irq3
                0x00000000100001c0                isr_irq12
                0x00000000100001c0                isr_irq9
                0x00000000100001c6                unhandled_user_irq_num_in_r0
                0x00000000100001c8                isr_invalid
                0x00000000100001ca                isr_nmi
                0x00000000100001cc                isr_hardfault
                0x00000000100001ce                isr_svcall
                0x00000000100001d0                isr_pendsv
                0x00000000100001d2                isr_systick
                0x00000000100001d4                __default_isrs_end
 *(.binary_info_header)
 .binary_info_header
                0x00000000100001d4       0x14 CMakeFiles/uart.dir/home/kwon/pico-sdk/src/rp2_common/pico_crt0/crt0.S.o
                0x00000000100001e8                __binary_info_header_end = .
 *(.embedded_block)
                0x00000000100001e8                __embedded_block_end = .
 *(.reset)
 .reset         0x00000000100001e8       0x9c CMakeFiles/uart.dir/home/kwon/pico-sdk/src/rp2_common/pico_crt0/crt0.S.o
                0x00000000100001e8                _entry_point
 *(.init)
 .init          0x0000000010000284        0x4 /usr/lib/gcc/arm-none-eabi/10.3.1/thumb/v6-m/nofp/crti.o
                0x0000000010000284                _init
 *(EXCLUDE_FILE(*libm.a: *libc.a:*lib_a-mem*.o *libgcc.a:) .text*)
 .text          0x0000000010000288       0x98 /usr/lib/gcc/arm-none-eabi/10.3.1/thumb/v6-m/nofp/crtbegin.o
 .text.startup.main
                0x0000000010000320      0x1d4 CMakeFiles/uart.dir/src/main.cpp.o
                0x0000000010000320                main
 .text.gpio_set_function
                0x00000000100004f4       0x34 CMakeFiles/uart.dir/home/kwon/pico-sdk/src/rp2_common/hardware_gpio/gpio.c.o
                0x00000000100004f4                gpio_set_function
 .text.gpio_set_pulls
                0x0000000010000528       0x34 CMakeFiles/uart.dir/home/kwon/pico-sdk/src/rp2_common/hardware_gpio/gpio.c.o
                0x0000000010000528                gpio_set_pulls
 .text.gpio_init
                0x000000001000055c       0x40 CMakeFiles/uart.dir/home/kwon/pico-sdk/src/rp2_common/hardware_gpio/gpio.c.o
                0x000000001000055c                gpio_init
 .text.rp2040_chip_version
                0x000000001000059c        0xc CMakeFiles/uart.dir/home/kwon/pico-sdk/src/rp2040/pico_platform/platform.c.o
                0x000000001000059c                rp2040_chip_version
 .text.panic    0x00000000100005a8       0x30 CMakeFiles/uart.dir/home/kwon/pico-sdk/src/rp2_common/pico_platform_panic/panic.c.o
                0x00000000100005a8                panic
 .text.hw_claim_or_assert
                0x00000000100005d8       0x44 CMakeFiles/uart.dir/home/kwon/pico-sdk/src/common/hardware_claim/claim.c.o
                0x00000000100005d8                hw_claim_or_assert
 .text.hw_claim_unused_from_range
                0x000000001000061c       0x9c CMakeFiles/uart.dir/home/kwon/pico-sdk/src/common/hardware_claim/claim.c.o
                0x000000001000061c                hw_claim_unused_from_range
 .text.next_striped_spin_lock_num
                0x00000000100006b8       0x18 CMakeFiles/uart.dir/home/kwon/pico-sdk/src/rp2_common/hardware_sync/sync.c.o
                0x00000000100006b8                next_striped_spin_lock_num
 .text.spin_lock_claim_unused
                0x00000000100006d0       0x20 CMakeFiles/uart.dir/home/kwon/pico-sdk/src/rp2_common/hardware_sync/sync.c.o
                0x00000000100006d0                spin_lock_claim_unused
 .text.spin_locks_reset
                0x00000000100006f0       0x1c CMakeFiles/uart.dir/home/kwon/pico-sdk/src/rp2_common/hardware_sync_spin_lock/sync_spin_lock.c.o
                0x00000000100006f0                spin_locks_reset
 .text.runtime_init_per_core_irq_priorities
                0x000000001000070c       0x24 CMakeFiles/uart.dir/home/kwon/pico-sdk/src/rp2_common/hardware_irq/irq.c.o
                0x000000001000070c                runtime_init_per_core_irq_priorities
 .text.irq_set_enabled
                0x0000000010000730       0x24 CMakeFiles/uart.dir/home/kwon/pico-sdk/src/rp2_common/hardware_irq/irq.c.o
                0x0000000010000730                irq_set_enabled
 .text.irq_is_enabled
                0x0000000010000754       0x18 CMakeFiles/uart.dir/home/kwon/pico-sdk/src/rp2_common/hardware_irq/irq.c.o
                0x0000000010000754                irq_is_enabled
 .text.irq_set_pending
                0x000000001000076c       0x10 CMakeFiles/uart.dir/home/kwon/pico-sdk/src/rp2_common/hardware_irq/irq.c.o
                0x000000001000076c                irq_set_pending
 .text.irq_has_shared_handler
                0x000000001000077c       0x24 CMakeFiles/uart.dir/home/kwon/pico-sdk/src/rp2_common/hardware_irq/irq.c.o
                0x000000001000077c                irq_has_shared_handler
 .text.irq_set_exclusive_handler
                0x00000000100007a0       0x54 CMakeFiles/uart.dir/home/kwon/pico-sdk/src/rp2_common/hardware_irq/irq.c.o
                0x00000000100007a0                irq_set_exclusive_handler
 .text.irq_add_shared_handler
                0x00000000100007f4      0x1e8 CMakeFiles/uart.dir/home/kwon/pico-sdk/src/rp2_common/hardware_irq/irq.c.o
                0x00000000100007f4                irq_add_shared_handler
 .text.irq_add_tail_to_free_list
                0x00000000100009dc       0xb4 CMakeFiles/uart.dir/home/kwon/pico-sdk/src/rp2_common/hardware_irq/irq.c.o
                0x00000000100009dc                irq_add_tail_to_free_list
 .text.user_irq_claim_unused
                0x0000000010000a90       0x28 CMakeFiles/uart.dir/home/kwon/pico-sdk/src/rp2_common/hardware_irq/irq.c.o
                0x0000000010000a90                user_irq_claim_unused
 .text.lock_init
                0x0000000010000ab8       0x10 CMakeFiles/uart.dir/home/kwon/pico-sdk/src/common/pico_sync/lock_core.c.o
                0x0000000010000ab8                lock_init
 .text.runtime_init_mutex
                0x0000000010000ac8       0x58 CMakeFiles/uart.dir/home/kwon/pico-sdk/src/common/pico_sync/mutex.c.o
                0x0000000010000ac8                runtime_init_mutex
 .text.mutex_init
                0x0000000010000b20       0x1c CMakeFiles/uart.dir/home/kwon/pico-sdk/src/common/pico_sync/mutex.c.o
                0x0000000010000b20                mutex_init
 .text.critical_section_init
                0x0000000010000b3c       0x20 CMakeFiles/uart.dir/home/kwon/pico-sdk/src/common/pico_sync/critical_section.c.o
                0x0000000010000b3c                critical_section_init
 .text.critical_section_init_with_lock_num
                0x0000000010000b5c       0x14 CMakeFiles/uart.dir/home/kwon/pico-sdk/src/common/pico_sync/critical_section.c.o
                0x0000000010000b5c                critical_section_init_with_lock_num
 .text.sleep_until_callback
                0x0000000010000b70       0x30 CMakeFiles/uart.dir/home/kwon/pico-sdk/src/common/pico_time/time.c.o
 .text.alarm_pool_irq_handler
                0x0000000010000ba0      0x308 CMakeFiles/uart.dir/home/kwon/pico-sdk/src/common/pico_time/time.c.o
 .text.runtime_init_default_alarm_pool
                0x0000000010000ea8       0xdc CMakeFiles/uart.dir/home/kwon/pico-sdk/src/common/pico_time/time.c.o
                0x0000000010000ea8                runtime_init_default_alarm_pool
 .text.alarm_pool_get_default
                0x0000000010000f84        0x8 CMakeFiles/uart.dir/home/kwon/pico-sdk/src/common/pico_time/time.c.o
                0x0000000010000f84                alarm_pool_get_default
 .text.alarm_pool_add_alarm_at
                0x0000000010000f8c       0xc8 CMakeFiles/uart.dir/home/kwon/pico-sdk/src/common/pico_time/time.c.o
                0x0000000010000f8c                alarm_pool_add_alarm_at
 .text.alarm_pool_add_alarm_at_force_in_context
                0x0000000010001054       0xb0 CMakeFiles/uart.dir/home/kwon/pico-sdk/src/common/pico_time/time.c.o
                0x0000000010001054                alarm_pool_add_alarm_at_force_in_context
 .text.alarm_pool_cancel_alarm
                0x0000000010001104       0x7c CMakeFiles/uart.dir/home/kwon/pico-sdk/src/common/pico_time/time.c.o
                0x0000000010001104                alarm_pool_cancel_alarm
 .text.alarm_pool_core_num
                0x0000000010001180        0x4 CMakeFiles/uart.dir/home/kwon/pico-sdk/src/common/pico_time/time.c.o
                0x0000000010001180                alarm_pool_core_num
 .text.sleep_until
                0x0000000010001184       0xd0 CMakeFiles/uart.dir/home/kwon/pico-sdk/src/common/pico_time/time.c.o
                0x0000000010001184                sleep_until
 .text.sleep_ms
                0x0000000010001254       0x34 CMakeFiles/uart.dir/home/kwon/pico-sdk/src/common/pico_time/time.c.o
                0x0000000010001254                sleep_ms
 .text.best_effort_wfe_or_timeout
                0x0000000010001288       0xfc CMakeFiles/uart.dir/home/kwon/pico-sdk/src/common/pico_time/time.c.o
                0x0000000010001288                best_effort_wfe_or_timeout
 .text.timer_hardware_alarm_claim
                0x0000000010001384       0x14 CMakeFiles/uart.dir/home/kwon/pico-sdk/src/rp2_common/hardware_timer/timer.c.o
                0x0000000010001384                timer_hardware_alarm_claim
 .text.timer_time_us_64
                0x0000000010001398       0x10 CMakeFiles/uart.dir/home/kwon/pico-sdk/src/rp2_common/hardware_timer/timer.c.o
                0x0000000010001398                timer_time_us_64
 .text.time_us_64
                0x00000000100013a8       0x14 CMakeFiles/uart.dir/home/kwon/pico-sdk/src/rp2_common/hardware_timer/timer.c.o
                0x00000000100013a8                time_us_64
 .text.busy_wait_us
                0x00000000100013bc       0x54 CMakeFiles/uart.dir/home/kwon/pico-sdk/src/rp2_common/hardware_timer/timer.c.o
                0x00000000100013bc                busy_wait_us
 .text.busy_wait_until
                0x0000000010001410       0x20 CMakeFiles/uart.dir/home/kwon/pico-sdk/src/rp2_common/hardware_timer/timer.c.o
                0x0000000010001410                busy_wait_until
 .text.uart_init
                0x0000000010001430      0x11c CMakeFiles/uart.dir/home/kwon/pico-sdk/src/rp2_common/hardware_uart/uart.c.o
                0x0000000010001430                uart_init
 .text.uart_set_format
                0x000000001000154c       0x78 CMakeFiles/uart.dir/home/kwon/pico-sdk/src/rp2_common/hardware_uart/uart.c.o
                0x000000001000154c                uart_set_format
 .text.uart_set_fifo_enabled
                0x00000000100015c4       0x60 CMakeFiles/uart.dir/home/kwon/pico-sdk/src/rp2_common/hardware_uart/uart.c.o
                0x00000000100015c4                uart_set_fifo_enabled
 .text.clock_configure_int_divider
                0x0000000010001624       0xf4 CMakeFiles/uart.dir/home/kwon/pico-sdk/src/rp2_common/hardware_clocks/clocks.c.o
                0x0000000010001624                clock_configure_int_divider
 .text.clock_configure_undivided
                0x0000000010001718       0xe8 CMakeFiles/uart.dir/home/kwon/pico-sdk/src/rp2_common/hardware_clocks/clocks.c.o
                0x0000000010001718                clock_configure_undivided
 .text.clock_get_hz
                0x0000000010001800        0xc CMakeFiles/uart.dir/home/kwon/pico-sdk/src/rp2_common/hardware_clocks/clocks.c.o
                0x0000000010001800                clock_get_hz
 .text.pll_init
                0x000000001000180c       0xa0 CMakeFiles/uart.dir/home/kwon/pico-sdk/src/rp2_common/hardware_pll/pll.c.o
                0x000000001000180c                pll_init
 .text.watchdog_reboot
                0x00000000100018ac       0x98 CMakeFiles/uart.dir/home/kwon/pico-sdk/src/rp2_common/hardware_watchdog/watchdog.c.o
                0x00000000100018ac                watchdog_reboot
 .text.tick_start
                0x0000000010001944       0x10 CMakeFiles/uart.dir/home/kwon/pico-sdk/src/rp2_common/hardware_ticks/ticks.c.o
                0x0000000010001944                tick_start
 .text.rom_func_lookup
                0x0000000010001954       0x10 CMakeFiles/uart.dir/home/kwon/pico-sdk/src/rp2_common/pico_bootrom/bootrom.c.o
                0x0000000010001954                rom_func_lookup
 .text.rom_data_lookup
                0x0000000010001964       0x10 CMakeFiles/uart.dir/home/kwon/pico-sdk/src/rp2_common/pico_bootrom/bootrom.c.o
                0x0000000010001964                rom_data_lookup
 .text.rom_funcs_lookup
                0x0000000010001974       0x44 CMakeFiles/uart.dir/home/kwon/pico-sdk/src/rp2_common/pico_bootrom/bootrom.c.o
                0x0000000010001974                rom_funcs_lookup
 .text.rom_reset_usb_boot_extra
                0x00000000100019b8       0x28 CMakeFiles/uart.dir/home/kwon/pico-sdk/src/rp2_common/pico_bootrom/bootrom.c.o
                0x00000000100019b8                rom_reset_usb_boot_extra
 .text.xosc_init
                0x00000000100019e0       0x28 CMakeFiles/uart.dir/home/kwon/pico-sdk/src/rp2_common/hardware_xosc/xosc.c.o
                0x00000000100019e0                xosc_init
 .text.first_per_core_initializer
                0x0000000010001a08        0x4 CMakeFiles/uart.dir/home/kwon/pico-sdk/src/rp2_common/pico_runtime/runtime.c.o
 .text.hard_assertion_failure
                0x0000000010001a0c        0xc CMakeFiles/uart.dir/home/kwon/pico-sdk/src/rp2_common/pico_runtime/runtime.c.o
                0x0000000010001a0c                hard_assertion_failure
 .text.runtime_run_initializers
                0x0000000010001a18       0x28 CMakeFiles/uart.dir/home/kwon/pico-sdk/src/rp2_common/pico_runtime/runtime.c.o
                0x0000000010001a18                runtime_run_initializers
 .text.runtime_init_early_resets
                0x0000000010001a40       0x2c CMakeFiles/uart.dir/home/kwon/pico-sdk/src/rp2_common/pico_runtime_init/runtime_init.c.o
                0x0000000010001a40                runtime_init_early_resets
 .text.runtime_init_usb_power_down
                0x0000000010001a6c       0x1c CMakeFiles/uart.dir/home/kwon/pico-sdk/src/rp2_common/pico_runtime_init/runtime_init.c.o
                0x0000000010001a6c                runtime_init_usb_power_down
 .text.runtime_init_post_clock_resets
                0x0000000010001a88       0x20 CMakeFiles/uart.dir/home/kwon/pico-sdk/src/rp2_common/pico_runtime_init/runtime_init.c.o
                0x0000000010001a88                runtime_init_post_clock_resets
 .text.runtime_init_rp2040_gpio_ie_disable
                0x0000000010001aa8       0x14 CMakeFiles/uart.dir/home/kwon/pico-sdk/src/rp2_common/pico_runtime_init/runtime_init.c.o
                0x0000000010001aa8                runtime_init_rp2040_gpio_ie_disable
 .text.runtime_init_spin_locks_reset
                0x0000000010001abc        0x8 CMakeFiles/uart.dir/home/kwon/pico-sdk/src/rp2_common/pico_runtime_init/runtime_init.c.o
                0x0000000010001abc                runtime_init_spin_locks_reset
 .text.runtime_init_install_ram_vector_table
                0x0000000010001ac4       0xcc CMakeFiles/uart.dir/home/kwon/pico-sdk/src/rp2_common/pico_runtime_init/runtime_init.c.o
                0x0000000010001ac4                runtime_init_install_ram_vector_table
 .text.runtime_init_clocks
                0x0000000010001b90       0xd8 CMakeFiles/uart.dir/home/kwon/pico-sdk/src/rp2_common/pico_runtime_init/runtime_init_clocks.c.o
                0x0000000010001b90                runtime_init_clocks
 .text          0x0000000010001c68       0x10 CMakeFiles/uart.dir/home/kwon/pico-sdk/src/rp2_common/pico_bit_ops/bit_ops_aeabi.S.o
 .text.__wrap___aeabi_uidiv
                0x0000000010001c78       0x4c CMakeFiles/uart.dir/home/kwon/pico-sdk/src/rp2_common/pico_divider/divider_hardware.S.o
                0x0000000010001c78                __wrap___aeabi_uidiv
                0x0000000010001c78                __wrap___aeabi_uidivmod
                0x0000000010001c78                div_u32u32
                0x0000000010001c78                divmod_u32u32
                0x0000000010001c80                divmod_u32u32_unsafe
                0x0000000010001ca8                divmod_u32u32_savestate
 .text.missing_double_func_shim
                0x0000000010001cc4        0xc CMakeFiles/uart.dir/home/kwon/pico-sdk/src/rp2_common/pico_double/double_init_rom_rp2040.c.o
 .text.__aeabi_double_init
                0x0000000010001cd0       0xa4 CMakeFiles/uart.dir/home/kwon/pico-sdk/src/rp2_common/pico_double/double_init_rom_rp2040.c.o
                0x0000000010001cd0                __aeabi_double_init
 .text.double_table_shim_on_use_helper
                0x0000000010001d74       0x2c CMakeFiles/uart.dir/home/kwon/pico-sdk/src/rp2_common/pico_double/double_v1_rom_shim_rp2040.S.o
                0x0000000010001d74                double_table_shim_on_use_helper
 .text.__aeabi_lmul
                0x0000000010001da0       0x32 CMakeFiles/uart.dir/home/kwon/pico-sdk/src/rp2_common/pico_int64_ops/pico_int64_ops_aeabi.S.o
                0x0000000010001da0                __wrap___aeabi_lmul
 *fill*         0x0000000010001dd2        0x2 
 .text.missing_float_func_shim
                0x0000000010001dd4        0xc CMakeFiles/uart.dir/home/kwon/pico-sdk/src/rp2_common/pico_float/float_init_rom_rp2040.c.o
 .text.__aeabi_float_init
                0x0000000010001de0       0x5c CMakeFiles/uart.dir/home/kwon/pico-sdk/src/rp2_common/pico_float/float_init_rom_rp2040.c.o
                0x0000000010001de0                __aeabi_float_init
 .text          0x0000000010001e3c       0x10 CMakeFiles/uart.dir/home/kwon/pico-sdk/src/rp2_common/pico_mem_ops/mem_ops_aeabi.S.o
                0x0000000010001e3c                __aeabi_mem_init
 .text.memset   0x0000000010001e4c        0xc CMakeFiles/uart.dir/home/kwon/pico-sdk/src/rp2_common/pico_mem_ops/mem_ops_aeabi.S.o
                0x0000000010001e4c                __wrap_memset
 .text.memcpy   0x0000000010001e58        0xc CMakeFiles/uart.dir/home/kwon/pico-sdk/src/rp2_common/pico_mem_ops/mem_ops_aeabi.S.o
                0x0000000010001e58                __wrap___aeabi_memcpy
                0x0000000010001e58                __wrap_memcpy
 .text._out_char
                0x0000000010001e64       0x10 CMakeFiles/uart.dir/home/kwon/pico-sdk/src/rp2_common/pico_printf/printf.c.o
 .text.weak_raw_vprintf
                0x0000000010001e74       0x30 CMakeFiles/uart.dir/home/kwon/pico-sdk/src/rp2_common/pico_printf/printf.c.o
                0x0000000010001e74                weak_raw_vprintf
 .text._exit    0x0000000010001ea4        0x4 CMakeFiles/uart.dir/home/kwon/pico-sdk/src/rp2_common/pico_clib_interface/newlib_interface.c.o
                0x0000000010001ea4                _exit
 .text.exit     0x0000000010001ea8        0x8 CMakeFiles/uart.dir/home/kwon/pico-sdk/src/rp2_common/pico_clib_interface/newlib_interface.c.o
                0x0000000010001ea8                exit
 .text.runtime_init
                0x0000000010001eb0       0x2c CMakeFiles/uart.dir/home/kwon/pico-sdk/src/rp2_common/pico_clib_interface/newlib_interface.c.o
                0x0000000010001eb0                runtime_init
 .text.stdio_out_chars_no_crlf
                0x0000000010001edc       0x10 CMakeFiles/uart.dir/home/kwon/pico-sdk/src/rp2_common/pico_stdio/stdio.c.o
 .text.stdio_out_chars_crlf
                0x0000000010001eec       0xb4 CMakeFiles/uart.dir/home/kwon/pico-sdk/src/rp2_common/pico_stdio/stdio.c.o
 .text.stdio_put_string
                0x0000000010001fa0      0x100 CMakeFiles/uart.dir/home/kwon/pico-sdk/src/rp2_common/pico_stdio/stdio.c.o
                0x0000000010001fa0                stdio_put_string
 .text.stdio_set_driver_enabled
                0x00000000100020a0       0x30 CMakeFiles/uart.dir/home/kwon/pico-sdk/src/rp2_common/pico_stdio/stdio.c.o
                0x00000000100020a0                stdio_set_driver_enabled
 .text.stdio_init_all
                0x00000000100020d0        0x8 CMakeFiles/uart.dir/home/kwon/pico-sdk/src/rp2_common/pico_stdio/stdio.c.o
                0x00000000100020d0                stdio_init_all
 .text.__wrap_putchar
                0x00000000100020d8       0x98 CMakeFiles/uart.dir/home/kwon/pico-sdk/src/rp2_common/pico_stdio/stdio.c.o
                0x00000000100020d8                stdio_putchar
                0x00000000100020d8                __wrap_putchar
 .text.__wrap_puts
                0x0000000010002170       0x3c CMakeFiles/uart.dir/home/kwon/pico-sdk/src/rp2_common/pico_stdio/stdio.c.o
                0x0000000010002170                __wrap_puts
                0x0000000010002170                stdio_puts
 .text.resetd_init
                0x00000000100021ac        0x4 CMakeFiles/uart.dir/home/kwon/pico-sdk/src/rp2_common/pico_stdio_usb/reset_interface.c.o
 .text.resetd_reset
                0x00000000100021b0        0xc CMakeFiles/uart.dir/home/kwon/pico-sdk/src/rp2_common/pico_stdio_usb/reset_interface.c.o
 .text.resetd_open
                0x00000000100021bc       0x28 CMakeFiles/uart.dir/home/kwon/pico-sdk/src/rp2_common/pico_stdio_usb/reset_interface.c.o
 .text.resetd_xfer_cb
                0x00000000100021e4        0x4 CMakeFiles/uart.dir/home/kwon/pico-sdk/src/rp2_common/pico_stdio_usb/reset_interface.c.o
 .text.resetd_control_xfer_cb
                0x00000000100021e8       0x60 CMakeFiles/uart.dir/home/kwon/pico-sdk/src/rp2_common/pico_stdio_usb/reset_interface.c.o
 .text.tud_descriptor_bos_cb
                0x0000000010002248        0x8 CMakeFiles/uart.dir/home/kwon/pico-sdk/src/rp2_common/pico_stdio_usb/reset_interface.c.o
                0x0000000010002248                tud_descriptor_bos_cb
 .text.tud_vendor_control_xfer_cb
                0x0000000010002250       0x34 CMakeFiles/uart.dir/home/kwon/pico-sdk/src/rp2_common/pico_stdio_usb/reset_interface.c.o
                0x0000000010002250                tud_vendor_control_xfer_cb
 .text.usbd_app_driver_get_cb
                0x0000000010002284        0xc CMakeFiles/uart.dir/home/kwon/pico-sdk/src/rp2_common/pico_stdio_usb/reset_interface.c.o
                0x0000000010002284                usbd_app_driver_get_cb
 .text.tud_cdc_line_coding_cb
                0x0000000010002290       0x2c CMakeFiles/uart.dir/home/kwon/pico-sdk/src/rp2_common/pico_stdio_usb/reset_interface.c.o
                0x0000000010002290                tud_cdc_line_coding_cb
 .text.stdio_usb_set_chars_available_callback
                0x00000000100022bc       0x14 CMakeFiles/uart.dir/home/kwon/pico-sdk/src/rp2_common/pico_stdio_usb/stdio_usb.c.o
                0x00000000100022bc                stdio_usb_set_chars_available_callback
 .text.usb_irq  0x00000000100022d0       0x10 CMakeFiles/uart.dir/home/kwon/pico-sdk/src/rp2_common/pico_stdio_usb/stdio_usb.c.o
 .text.timer_task
                0x00000000100022e0       0x64 CMakeFiles/uart.dir/home/kwon/pico-sdk/src/rp2_common/pico_stdio_usb/stdio_usb.c.o
 .text.stdio_usb_in_chars
                0x0000000010002344       0x90 CMakeFiles/uart.dir/home/kwon/pico-sdk/src/rp2_common/pico_stdio_usb/stdio_usb.c.o
                0x0000000010002344                stdio_usb_in_chars
 .text.stdio_usb_out_flush
                0x00000000100023d4       0x50 CMakeFiles/uart.dir/home/kwon/pico-sdk/src/rp2_common/pico_stdio_usb/stdio_usb.c.o
 .text.stdio_usb_out_chars
                0x0000000010002424      0x100 CMakeFiles/uart.dir/home/kwon/pico-sdk/src/rp2_common/pico_stdio_usb/stdio_usb.c.o
 .text.low_priority_worker_irq
                0x0000000010002524       0xc8 CMakeFiles/uart.dir/home/kwon/pico-sdk/src/rp2_common/pico_stdio_usb/stdio_usb.c.o
 .text.stdio_usb_init
                0x00000000100025ec       0xe8 CMakeFiles/uart.dir/home/kwon/pico-sdk/src/rp2_common/pico_stdio_usb/stdio_usb.c.o
                0x00000000100025ec                stdio_usb_init
 .text.tud_descriptor_device_cb
                0x00000000100026d4        0x8 CMakeFiles/uart.dir/home/kwon/pico-sdk/src/rp2_common/pico_stdio_usb/stdio_usb_descriptors.c.o
                0x00000000100026d4                tud_descriptor_device_cb
 .text.tud_descriptor_configuration_cb
                0x00000000100026dc        0x8 CMakeFiles/uart.dir/home/kwon/pico-sdk/src/rp2_common/pico_stdio_usb/stdio_usb_descriptors.c.o
                0x00000000100026dc                tud_descriptor_configuration_cb
 .text.tud_descriptor_string_cb
                0x00000000100026e4       0x74 CMakeFiles/uart.dir/home/kwon/pico-sdk/src/rp2_common/pico_stdio_usb/stdio_usb_descriptors.c.o
                0x00000000100026e4                tud_descriptor_string_cb
 .text.startup._retrieve_unique_id_on_boot
                0x0000000010002758       0x10 CMakeFiles/uart.dir/home/kwon/pico-sdk/src/rp2_common/pico_unique_id/unique_id.c.o
 .text.pico_get_unique_board_id_string
                0x0000000010002768      0x1a8 CMakeFiles/uart.dir/home/kwon/pico-sdk/src/rp2_common/pico_unique_id/unique_id.c.o
                0x0000000010002768                pico_get_unique_board_id_string
 .text.flash_get_unique_id
                0x0000000010002910       0x40 CMakeFiles/uart.dir/home/kwon/pico-sdk/src/rp2_common/hardware_flash/flash.c.o
                0x0000000010002910                flash_get_unique_id
 .text.dcd_init
                0x0000000010002950       0x90 CMakeFiles/uart.dir/home/kwon/pico-sdk/lib/tinyusb/src/portable/raspberrypi/rp2040/dcd_rp2040.c.o
                0x0000000010002950                dcd_init
 .text.dcd_int_enable
                0x00000000100029e0        0xc CMakeFiles/uart.dir/home/kwon/pico-sdk/lib/tinyusb/src/portable/raspberrypi/rp2040/dcd_rp2040.c.o
                0x00000000100029e0                dcd_int_enable
 .text.dcd_set_address
                0x00000000100029ec       0x14 CMakeFiles/uart.dir/home/kwon/pico-sdk/lib/tinyusb/src/portable/raspberrypi/rp2040/dcd_rp2040.c.o
                0x00000000100029ec                dcd_set_address
 .text.dcd_sof_enable
                0x0000000010002a00       0x1c CMakeFiles/uart.dir/home/kwon/pico-sdk/lib/tinyusb/src/portable/raspberrypi/rp2040/dcd_rp2040.c.o
                0x0000000010002a00                dcd_sof_enable
 .text.dcd_edpt0_status_complete
                0x0000000010002a1c       0x1c CMakeFiles/uart.dir/home/kwon/pico-sdk/lib/tinyusb/src/portable/raspberrypi/rp2040/dcd_rp2040.c.o
                0x0000000010002a1c                dcd_edpt0_status_complete
 .text.dcd_edpt_open
                0x0000000010002a38      0x114 CMakeFiles/uart.dir/home/kwon/pico-sdk/lib/tinyusb/src/portable/raspberrypi/rp2040/dcd_rp2040.c.o
                0x0000000010002a38                dcd_edpt_open
 .text.dcd_edpt_close_all
                0x0000000010002b4c        0x8 CMakeFiles/uart.dir/home/kwon/pico-sdk/lib/tinyusb/src/portable/raspberrypi/rp2040/dcd_rp2040.c.o
                0x0000000010002b4c                dcd_edpt_close_all
 .text.dcd_edpt_xfer
                0x0000000010002b54       0x24 CMakeFiles/uart.dir/home/kwon/pico-sdk/lib/tinyusb/src/portable/raspberrypi/rp2040/dcd_rp2040.c.o
                0x0000000010002b54                dcd_edpt_xfer
 .text.dcd_edpt_stall
                0x0000000010002b78       0x38 CMakeFiles/uart.dir/home/kwon/pico-sdk/lib/tinyusb/src/portable/raspberrypi/rp2040/dcd_rp2040.c.o
                0x0000000010002b78                dcd_edpt_stall
 .text.dcd_edpt_clear_stall
                0x0000000010002bb0       0x30 CMakeFiles/uart.dir/home/kwon/pico-sdk/lib/tinyusb/src/portable/raspberrypi/rp2040/dcd_rp2040.c.o
                0x0000000010002bb0                dcd_edpt_clear_stall
 .text.rp2040_usb_init
                0x0000000010002be0       0x40 CMakeFiles/uart.dir/home/kwon/pico-sdk/lib/tinyusb/src/portable/raspberrypi/rp2040/rp2040_usb.c.o
                0x0000000010002be0                rp2040_usb_init
 .text.hw_endpoint_xfer_start
                0x0000000010002c20       0x50 CMakeFiles/uart.dir/home/kwon/pico-sdk/lib/tinyusb/src/portable/raspberrypi/rp2040/rp2040_usb.c.o
                0x0000000010002c20                hw_endpoint_xfer_start
 .text.tud_event_hook_cb
                0x0000000010002c70        0x4 CMakeFiles/uart.dir/home/kwon/pico-sdk/lib/tinyusb/src/device/usbd.c.o
                0x0000000010002c70                tud_event_hook_cb
 .text.tud_sof_cb
                0x0000000010002c74        0x4 CMakeFiles/uart.dir/home/kwon/pico-sdk/lib/tinyusb/src/device/usbd.c.o
                0x0000000010002c74                tud_sof_cb
 .text.tud_descriptor_device_qualifier_cb
                0x0000000010002c78        0x4 CMakeFiles/uart.dir/home/kwon/pico-sdk/lib/tinyusb/src/device/usbd.c.o
                0x0000000010002c78                tud_descriptor_device_qualifier_cb
 .text.tud_descriptor_other_speed_configuration_cb
                0x0000000010002c7c        0x4 CMakeFiles/uart.dir/home/kwon/pico-sdk/lib/tinyusb/src/device/usbd.c.o
                0x0000000010002c7c                tud_descriptor_other_speed_configuration_cb
 .text.tud_mount_cb
                0x0000000010002c80        0x4 CMakeFiles/uart.dir/home/kwon/pico-sdk/lib/tinyusb/src/device/usbd.c.o
                0x0000000010002c80                tud_mount_cb
 .text.tud_umount_cb
                0x0000000010002c84        0x4 CMakeFiles/uart.dir/home/kwon/pico-sdk/lib/tinyusb/src/device/usbd.c.o
                0x0000000010002c84                tud_umount_cb
 .text.tud_suspend_cb
                0x0000000010002c88        0x4 CMakeFiles/uart.dir/home/kwon/pico-sdk/lib/tinyusb/src/device/usbd.c.o
                0x0000000010002c88                tud_suspend_cb
 .text.tud_resume_cb
                0x0000000010002c8c        0x4 CMakeFiles/uart.dir/home/kwon/pico-sdk/lib/tinyusb/src/device/usbd.c.o
                0x0000000010002c8c                tud_resume_cb
 .text.tud_mounted
                0x0000000010002c90       0x10 CMakeFiles/uart.dir/home/kwon/pico-sdk/lib/tinyusb/src/device/usbd.c.o
                0x0000000010002c90                tud_mounted
 .text.tud_suspended
                0x0000000010002ca0       0x10 CMakeFiles/uart.dir/home/kwon/pico-sdk/lib/tinyusb/src/device/usbd.c.o
                0x0000000010002ca0                tud_suspended
 .text.tud_rhport_init
                0x0000000010002cb0       0xf4 CMakeFiles/uart.dir/home/kwon/pico-sdk/lib/tinyusb/src/device/usbd.c.o
                0x0000000010002cb0                tud_rhport_init
 .text.tud_task_ext
                0x0000000010002da4      0x800 CMakeFiles/uart.dir/home/kwon/pico-sdk/lib/tinyusb/src/device/usbd.c.o
                0x0000000010002da4                tud_task_ext
 .text.usbd_open_edpt_pair
                0x00000000100035a4       0x9c CMakeFiles/uart.dir/home/kwon/pico-sdk/lib/tinyusb/src/device/usbd.c.o
                0x00000000100035a4                usbd_open_edpt_pair
 .text.usbd_edpt_open
                0x0000000010003640       0x34 CMakeFiles/uart.dir/home/kwon/pico-sdk/lib/tinyusb/src/device/usbd.c.o
                0x0000000010003640                usbd_edpt_open
 .text.usbd_edpt_claim
                0x0000000010003674       0x28 CMakeFiles/uart.dir/home/kwon/pico-sdk/lib/tinyusb/src/device/usbd.c.o
                0x0000000010003674                usbd_edpt_claim
 .text.usbd_edpt_release
                0x000000001000369c       0x28 CMakeFiles/uart.dir/home/kwon/pico-sdk/lib/tinyusb/src/device/usbd.c.o
                0x000000001000369c                usbd_edpt_release
 .text.usbd_edpt_xfer
                0x00000000100036c4       0x4c CMakeFiles/uart.dir/home/kwon/pico-sdk/lib/tinyusb/src/device/usbd.c.o
                0x00000000100036c4                usbd_edpt_xfer
 .text.tud_control_status
                0x0000000010003710       0x30 CMakeFiles/uart.dir/home/kwon/pico-sdk/lib/tinyusb/src/device/usbd_control.c.o
                0x0000000010003710                tud_control_status
 .text.tud_control_xfer
                0x0000000010003740       0xbc CMakeFiles/uart.dir/home/kwon/pico-sdk/lib/tinyusb/src/device/usbd_control.c.o
                0x0000000010003740                tud_control_xfer
 .text.usbd_control_reset
                0x00000000100037fc       0x14 CMakeFiles/uart.dir/home/kwon/pico-sdk/lib/tinyusb/src/device/usbd_control.c.o
                0x00000000100037fc                usbd_control_reset
 .text.usbd_control_set_complete_callback
                0x0000000010003810        0xc CMakeFiles/uart.dir/home/kwon/pico-sdk/lib/tinyusb/src/device/usbd_control.c.o
                0x0000000010003810                usbd_control_set_complete_callback
 .text.usbd_control_set_request
                0x000000001000381c       0x1c CMakeFiles/uart.dir/home/kwon/pico-sdk/lib/tinyusb/src/device/usbd_control.c.o
                0x000000001000381c                usbd_control_set_request
 .text.usbd_control_xfer_cb
                0x0000000010003838       0xf0 CMakeFiles/uart.dir/home/kwon/pico-sdk/lib/tinyusb/src/device/usbd_control.c.o
                0x0000000010003838                usbd_control_xfer_cb
 .text._prep_out_transaction.isra.0
                0x0000000010003928       0x6c CMakeFiles/uart.dir/home/kwon/pico-sdk/lib/tinyusb/src/class/cdc/cdc_device.c.o
 .text.tud_cdc_n_connected
                0x0000000010003994       0x2c CMakeFiles/uart.dir/home/kwon/pico-sdk/lib/tinyusb/src/class/cdc/cdc_device.c.o
                0x0000000010003994                tud_cdc_n_connected
 .text.tud_cdc_n_available
                0x00000000100039c0       0x18 CMakeFiles/uart.dir/home/kwon/pico-sdk/lib/tinyusb/src/class/cdc/cdc_device.c.o
                0x00000000100039c0                tud_cdc_n_available
 .text.tud_cdc_n_read
                0x00000000100039d8       0x94 CMakeFiles/uart.dir/home/kwon/pico-sdk/lib/tinyusb/src/class/cdc/cdc_device.c.o
                0x00000000100039d8                tud_cdc_n_read
 .text.tud_cdc_n_write_flush
                0x0000000010003a6c       0x78 CMakeFiles/uart.dir/home/kwon/pico-sdk/lib/tinyusb/src/class/cdc/cdc_device.c.o
                0x0000000010003a6c                tud_cdc_n_write_flush
 .text.tud_cdc_n_write
                0x0000000010003ae4       0x44 CMakeFiles/uart.dir/home/kwon/pico-sdk/lib/tinyusb/src/class/cdc/cdc_device.c.o
                0x0000000010003ae4                tud_cdc_n_write
 .text.tud_cdc_n_write_available
                0x0000000010003b28       0x18 CMakeFiles/uart.dir/home/kwon/pico-sdk/lib/tinyusb/src/class/cdc/cdc_device.c.o
                0x0000000010003b28                tud_cdc_n_write_available
 .text.cdcd_init
                0x0000000010003b40       0x70 CMakeFiles/uart.dir/home/kwon/pico-sdk/lib/tinyusb/src/class/cdc/cdc_device.c.o
                0x0000000010003b40                cdcd_init
 .text.cdcd_deinit
                0x0000000010003bb0       0x24 CMakeFiles/uart.dir/home/kwon/pico-sdk/lib/tinyusb/src/class/cdc/cdc_device.c.o
                0x0000000010003bb0                cdcd_deinit
 .text.cdcd_reset
                0x0000000010003bd4       0x4c CMakeFiles/uart.dir/home/kwon/pico-sdk/lib/tinyusb/src/class/cdc/cdc_device.c.o
                0x0000000010003bd4                cdcd_reset
 .text.cdcd_open
                0x0000000010003c20       0xa8 CMakeFiles/uart.dir/home/kwon/pico-sdk/lib/tinyusb/src/class/cdc/cdc_device.c.o
                0x0000000010003c20                cdcd_open
 .text.cdcd_control_xfer_cb
                0x0000000010003cc8       0xe8 CMakeFiles/uart.dir/home/kwon/pico-sdk/lib/tinyusb/src/class/cdc/cdc_device.c.o
                0x0000000010003cc8                cdcd_control_xfer_cb
 .text.cdcd_xfer_cb
                0x0000000010003db0       0xfc CMakeFiles/uart.dir/home/kwon/pico-sdk/lib/tinyusb/src/class/cdc/cdc_device.c.o
                0x0000000010003db0                cdcd_xfer_cb
 .text.vendord_init
                0x0000000010003eac       0x5c CMakeFiles/uart.dir/home/kwon/pico-sdk/lib/tinyusb/src/class/vendor/vendor_device.c.o
                0x0000000010003eac                vendord_init
 .text.vendord_deinit
                0x0000000010003f08       0x1c CMakeFiles/uart.dir/home/kwon/pico-sdk/lib/tinyusb/src/class/vendor/vendor_device.c.o
                0x0000000010003f08                vendord_deinit
 .text.vendord_reset
                0x0000000010003f24       0x28 CMakeFiles/uart.dir/home/kwon/pico-sdk/lib/tinyusb/src/class/vendor/vendor_device.c.o
                0x0000000010003f24                vendord_reset
 .text.vendord_open
                0x0000000010003f4c      0x128 CMakeFiles/uart.dir/home/kwon/pico-sdk/lib/tinyusb/src/class/vendor/vendor_device.c.o
                0x0000000010003f4c                vendord_open
 .text.vendord_xfer_cb
                0x0000000010004074       0x9c CMakeFiles/uart.dir/home/kwon/pico-sdk/lib/tinyusb/src/class/vendor/vendor_device.c.o
                0x0000000010004074                vendord_xfer_cb
 .text.tusb_rhport_init
                0x0000000010004110       0x48 CMakeFiles/uart.dir/home/kwon/pico-sdk/lib/tinyusb/src/tusb.c.o
                0x0000000010004110                tusb_rhport_init
 .text.tu_edpt_claim
                0x0000000010004158       0x50 CMakeFiles/uart.dir/home/kwon/pico-sdk/lib/tinyusb/src/tusb.c.o
                0x0000000010004158                tu_edpt_claim
 .text.tu_edpt_release
                0x00000000100041a8       0x38 CMakeFiles/uart.dir/home/kwon/pico-sdk/lib/tinyusb/src/tusb.c.o
                0x00000000100041a8                tu_edpt_release
 .text.tu_edpt_validate
                0x00000000100041e0       0x78 CMakeFiles/uart.dir/home/kwon/pico-sdk/lib/tinyusb/src/tusb.c.o
                0x00000000100041e0                tu_edpt_validate
 .text.tu_edpt_bind_driver
                0x0000000010004258       0x34 CMakeFiles/uart.dir/home/kwon/pico-sdk/lib/tinyusb/src/tusb.c.o
                0x0000000010004258                tu_edpt_bind_driver
 .text.tu_edpt_stream_init
                0x000000001000428c       0x6c CMakeFiles/uart.dir/home/kwon/pico-sdk/lib/tinyusb/src/tusb.c.o
                0x000000001000428c                tu_edpt_stream_init
 .text.tu_edpt_stream_deinit
                0x00000000100042f8        0x4 CMakeFiles/uart.dir/home/kwon/pico-sdk/lib/tinyusb/src/tusb.c.o
                0x00000000100042f8                tu_edpt_stream_deinit
 .text.tu_edpt_stream_write_zlp_if_needed
                0x00000000100042fc       0x58 CMakeFiles/uart.dir/home/kwon/pico-sdk/lib/tinyusb/src/tusb.c.o
                0x00000000100042fc                tu_edpt_stream_write_zlp_if_needed
 .text.tu_edpt_stream_write_xfer
                0x0000000010004354       0x64 CMakeFiles/uart.dir/home/kwon/pico-sdk/lib/tinyusb/src/tusb.c.o
                0x0000000010004354                tu_edpt_stream_write_xfer
 .text.tu_edpt_stream_read_xfer
                0x00000000100043b8       0xdc CMakeFiles/uart.dir/home/kwon/pico-sdk/lib/tinyusb/src/tusb.c.o
                0x00000000100043b8                tu_edpt_stream_read_xfer
 .text.tu_fifo_config
                0x0000000010004494       0x70 CMakeFiles/uart.dir/home/kwon/pico-sdk/lib/tinyusb/src/common/tusb_fifo.c.o
                0x0000000010004494                tu_fifo_config
 .text.tu_fifo_count
                0x0000000010004504       0x2c CMakeFiles/uart.dir/home/kwon/pico-sdk/lib/tinyusb/src/common/tusb_fifo.c.o
                0x0000000010004504                tu_fifo_count
 .text.tu_fifo_empty
                0x0000000010004530       0x10 CMakeFiles/uart.dir/home/kwon/pico-sdk/lib/tinyusb/src/common/tusb_fifo.c.o
                0x0000000010004530                tu_fifo_empty
 .text.tu_fifo_remaining
                0x0000000010004540       0x2c CMakeFiles/uart.dir/home/kwon/pico-sdk/lib/tinyusb/src/common/tusb_fifo.c.o
                0x0000000010004540                tu_fifo_remaining
 .text.tu_fifo_read
                0x000000001000456c       0xa0 CMakeFiles/uart.dir/home/kwon/pico-sdk/lib/tinyusb/src/common/tusb_fifo.c.o
                0x000000001000456c                tu_fifo_read
 .text.tu_fifo_read_n
                0x000000001000460c       0xec CMakeFiles/uart.dir/home/kwon/pico-sdk/lib/tinyusb/src/common/tusb_fifo.c.o
                0x000000001000460c                tu_fifo_read_n
 .text.tu_fifo_write
                0x00000000100046f8       0x88 CMakeFiles/uart.dir/home/kwon/pico-sdk/lib/tinyusb/src/common/tusb_fifo.c.o
                0x00000000100046f8                tu_fifo_write
 .text.tu_fifo_write_n
                0x0000000010004780      0x168 CMakeFiles/uart.dir/home/kwon/pico-sdk/lib/tinyusb/src/common/tusb_fifo.c.o
                0x0000000010004780                tu_fifo_write_n
 .text.tu_fifo_clear
                0x00000000100048e8       0x40 CMakeFiles/uart.dir/home/kwon/pico-sdk/lib/tinyusb/src/common/tusb_fifo.c.o
                0x00000000100048e8                tu_fifo_clear
 .text.tu_fifo_set_overwritable
                0x0000000010004928       0x48 CMakeFiles/uart.dir/home/kwon/pico-sdk/lib/tinyusb/src/common/tusb_fifo.c.o
                0x0000000010004928                tu_fifo_set_overwritable
 .text          0x0000000010004970       0x5c /usr/lib/gcc/arm-none-eabi/10.3.1/../../../arm-none-eabi/lib/thumb/v6-m/nofp/libg.a(lib_a-strlen-stub.o)
                0x0000000010004970                strlen
 *(.fini)
 .fini          0x00000000100049cc        0x4 /usr/lib/gcc/arm-none-eabi/10.3.1/thumb/v6-m/nofp/crti.o
                0x00000000100049cc                _fini
 .fini.__stub   0x00000000100049d0       0xc0 linker stubs
 *crtbegin.o(.ctors)
 *crtbegin?.o(.ctors)
 *(EXCLUDE_FILE(*crtend.o *crtend?.o) .ctors)
 *(SORT_BY_NAME(.ctors.*))
 *(.ctors)
 *crtbegin.o(.dtors)
 *crtbegin?.o(.dtors)
 *(EXCLUDE_FILE(*crtend.o *crtend?.o) .dtors)
 *(SORT_BY_NAME(.dtors.*))
 *(.dtors)
                0x0000000010004a90                . = ALIGN (0x4)
                0x0000000010004a90                PROVIDE (__preinit_array_start = .)
 *(SORT_BY_NAME(.preinit_array.*))
 .preinit_array.00100
                0x0000000010004a90        0x4 CMakeFiles/uart.dir/home/kwon/pico-sdk/src/rp2_common/pico_runtime_init/runtime_init.c.o
                0x0000000010004a90                __pre_init_runtime_init_early_resets
 .preinit_array.00101
                0x0000000010004a94        0x4 CMakeFiles/uart.dir/home/kwon/pico-sdk/src/rp2_common/pico_runtime_init/runtime_init.c.o
                0x0000000010004a94                __pre_init_runtime_init_usb_power_down
 .preinit_array.00275
                0x0000000010004a98        0x4 CMakeFiles/uart.dir/home/kwon/pico-sdk/src/rp2_common/pico_bit_ops/bit_ops_aeabi.S.o
 .preinit_array.00300
                0x0000000010004a9c        0x4 CMakeFiles/uart.dir/home/kwon/pico-sdk/src/rp2_common/pico_mem_ops/mem_ops_aeabi.S.o
 .preinit_array.00350
                0x0000000010004aa0        0x4 CMakeFiles/uart.dir/home/kwon/pico-sdk/src/rp2_common/pico_double/double_aeabi_rp2040.S.o
 .preinit_array.00350
                0x0000000010004aa4        0x4 CMakeFiles/uart.dir/home/kwon/pico-sdk/src/rp2_common/pico_float/float_aeabi_rp2040.S.o
 .preinit_array.00500
                0x0000000010004aa8        0x4 CMakeFiles/uart.dir/home/kwon/pico-sdk/src/rp2_common/pico_runtime_init/runtime_init.c.o
                0x0000000010004aa8                __pre_init_runtime_init_clocks
 .preinit_array.00600
                0x0000000010004aac        0x4 CMakeFiles/uart.dir/home/kwon/pico-sdk/src/rp2_common/pico_runtime_init/runtime_init.c.o
                0x0000000010004aac                __pre_init_runtime_init_post_clock_resets
 .preinit_array.00700
                0x0000000010004ab0        0x4 CMakeFiles/uart.dir/home/kwon/pico-sdk/src/rp2_common/pico_runtime_init/runtime_init.c.o
                0x0000000010004ab0                __pre_init_runtime_init_rp2040_gpio_ie_disable
 .preinit_array.01000
                0x0000000010004ab4        0x4 CMakeFiles/uart.dir/home/kwon/pico-sdk/src/rp2_common/pico_runtime_init/runtime_init.c.o
                0x0000000010004ab4                __pre_init_runtime_init_spin_locks_reset
 .preinit_array.01100
                0x0000000010004ab8        0x4 CMakeFiles/uart.dir/home/kwon/pico-sdk/src/common/pico_sync/mutex.c.o
                0x0000000010004ab8                __pre_init_runtime_init_mutex
 .preinit_array.10080
                0x0000000010004abc        0x4 CMakeFiles/uart.dir/home/kwon/pico-sdk/src/rp2_common/pico_runtime_init/runtime_init.c.o
                0x0000000010004abc                __pre_init_runtime_init_install_ram_vector_table
 .preinit_array.11000
                0x0000000010004ac0        0x4 CMakeFiles/uart.dir/home/kwon/pico-sdk/src/common/pico_time/time.c.o
                0x0000000010004ac0                __pre_init_runtime_init_default_alarm_pool
 .preinit_array.YYYYY
                0x0000000010004ac4        0x4 CMakeFiles/uart.dir/home/kwon/pico-sdk/src/rp2_common/pico_runtime/runtime.c.o
                0x0000000010004ac4                __pre_init_first_per_core_initializer
 .preinit_array.ZZZZZ.01200
                0x0000000010004ac8        0x4 CMakeFiles/uart.dir/home/kwon/pico-sdk/src/rp2_common/hardware_irq/irq.c.o
                0x0000000010004ac8                __pre_init_runtime_init_per_core_irq_priorities
 *(.preinit_array)
                0x0000000010004acc                PROVIDE (__preinit_array_end = .)
                0x0000000010004acc                . = ALIGN (0x4)
                0x0000000010004acc                PROVIDE (__init_array_start = .)
 *(SORT_BY_NAME(.init_array.*))
 .init_array.01000
                0x0000000010004acc        0x4 CMakeFiles/uart.dir/home/kwon/pico-sdk/src/rp2_common/pico_unique_id/unique_id.c.o
 *(.init_array)
 .init_array    0x0000000010004ad0        0x4 /usr/lib/gcc/arm-none-eabi/10.3.1/thumb/v6-m/nofp/crtbegin.o
                0x0000000010004ad4                PROVIDE (__init_array_end = .)
                0x0000000010004ad4                . = ALIGN (0x4)
                0x0000000010004ad4                PROVIDE (__fini_array_start = .)
 *(SORT_BY_NAME(.fini_array.*))
 *(.fini_array)
                0x0000000010004ad4                PROVIDE (__fini_array_end = .)
 *(.eh_frame*)
 .eh_frame      0x0000000010004ad4        0x0 /usr/lib/gcc/arm-none-eabi/10.3.1/thumb/v6-m/nofp/crtbegin.o
                0x0000000010004ad4                . = ALIGN (0x4)

.glue_7         0x0000000010004ad4        0x0
 .glue_7        0x0000000010004ad4        0x0 linker stubs

.glue_7t        0x0000000010004ad4        0x0
 .glue_7t       0x0000000010004ad4        0x0 linker stubs

.vfp11_veneer   0x0000000010004ad4        0x0
 .vfp11_veneer  0x0000000010004ad4        0x0 linker stubs

.v4_bx          0x0000000010004ad4        0x0
 .v4_bx         0x0000000010004ad4        0x0 linker stubs

.iplt           0x0000000010004ad4        0x0
 .iplt          0x0000000010004ad4        0x0 /usr/lib/gcc/arm-none-eabi/10.3.1/thumb/v6-m/nofp/crtbegin.o

.rodata         0x0000000010004ad4      0x440
 *(EXCLUDE_FILE(*libm.a: *libc.a:*lib_a-mem*.o *libgcc.a:) .rodata*)
 .rodata.main.str1.4
                0x0000000010004ad4       0x1c CMakeFiles/uart.dir/src/main.cpp.o
 .rodata.panic.str1.4
                0x0000000010004af0       0x12 CMakeFiles/uart.dir/home/kwon/pico-sdk/src/rp2_common/pico_platform_panic/panic.c.o
 *fill*         0x0000000010004b02        0x2 
 .rodata.spin_lock_claim_unused.str1.4
                0x0000000010004b04       0x1b CMakeFiles/uart.dir/home/kwon/pico-sdk/src/rp2_common/hardware_sync/sync.c.o
 *fill*         0x0000000010004b1f        0x1 
 .rodata.user_irq_claim_unused.str1.4
                0x0000000010004b20       0x1b CMakeFiles/uart.dir/home/kwon/pico-sdk/src/rp2_common/hardware_irq/irq.c.o
 *fill*         0x0000000010004b3b        0x1 
 .rodata.timer_hardware_alarm_claim.str1.4
                0x0000000010004b3c       0x22 CMakeFiles/uart.dir/home/kwon/pico-sdk/src/rp2_common/hardware_timer/timer.c.o
 *fill*         0x0000000010004b5e        0x2 
 .rodata.hard_assertion_failure.str1.4
                0x0000000010004b60        0xc CMakeFiles/uart.dir/home/kwon/pico-sdk/src/rp2_common/pico_runtime/runtime.c.o
 .rodata.missing_double_func_shim.str1.4
                0x0000000010004b6c       0x18 CMakeFiles/uart.dir/home/kwon/pico-sdk/src/rp2_common/pico_double/double_init_rom_rp2040.c.o
 .rodata.missing_float_func_shim.str1.4
                0x0000000010004b84       0x18 CMakeFiles/uart.dir/home/kwon/pico-sdk/src/rp2_common/pico_float/float_init_rom_rp2040.c.o
                                          0x1 (size before relaxing)
 .rodata.str1.4
                0x0000000010004b84       0x3c CMakeFiles/uart.dir/home/kwon/pico-sdk/src/rp2_common/pico_standard_binary_info/standard_binary_info.c.o
 .rodata.__bi_26
                0x0000000010004bc0        0xc CMakeFiles/uart.dir/home/kwon/pico-sdk/src/rp2_common/pico_standard_binary_info/standard_binary_info.c.o
 .rodata.__bi_34
                0x0000000010004bcc        0xc CMakeFiles/uart.dir/home/kwon/pico-sdk/src/rp2_common/pico_standard_binary_info/standard_binary_info.c.o
 .rodata.__bi_42
                0x0000000010004bd8        0xc CMakeFiles/uart.dir/home/kwon/pico-sdk/src/rp2_common/pico_standard_binary_info/standard_binary_info.c.o
 .rodata.__bi_48
                0x0000000010004be4        0xc CMakeFiles/uart.dir/home/kwon/pico-sdk/src/rp2_common/pico_standard_binary_info/standard_binary_info.c.o
 .rodata.__bi_54
                0x0000000010004bf0        0xc CMakeFiles/uart.dir/home/kwon/pico-sdk/src/rp2_common/pico_standard_binary_info/standard_binary_info.c.o
 .rodata.__bi_78
                0x0000000010004bfc        0xc CMakeFiles/uart.dir/home/kwon/pico-sdk/src/rp2_common/pico_standard_binary_info/standard_binary_info.c.o
 .rodata.__bi_84
                0x0000000010004c08        0xc CMakeFiles/uart.dir/home/kwon/pico-sdk/src/rp2_common/pico_standard_binary_info/standard_binary_info.c.o
 .rodata.crlf_str.0
                0x0000000010004c14        0x2 CMakeFiles/uart.dir/home/kwon/pico-sdk/src/rp2_common/pico_stdio/stdio.c.o
 *fill*         0x0000000010004c16        0x2 
 .rodata._resetd_driver
                0x0000000010004c18       0x20 CMakeFiles/uart.dir/home/kwon/pico-sdk/src/rp2_common/pico_stdio_usb/reset_interface.c.o
 .rodata.desc_bos
                0x0000000010004c38       0x21 CMakeFiles/uart.dir/home/kwon/pico-sdk/src/rp2_common/pico_stdio_usb/reset_interface.c.o
                0x0000000010004c38                desc_bos
 *fill*         0x0000000010004c59        0x3 
 .rodata.desc_ms_os_20
                0x0000000010004c5c       0xa6 CMakeFiles/uart.dir/home/kwon/pico-sdk/src/rp2_common/pico_stdio_usb/reset_interface.c.o
 *fill*         0x0000000010004d02        0x2 
 .rodata.str1.4
                0x0000000010004d04       0x13 CMakeFiles/uart.dir/home/kwon/pico-sdk/src/rp2_common/pico_stdio_usb/stdio_usb.c.o
 *fill*         0x0000000010004d17        0x1 
 .rodata.__bi_202.0
                0x0000000010004d18        0xc CMakeFiles/uart.dir/home/kwon/pico-sdk/src/rp2_common/pico_stdio_usb/stdio_usb.c.o
 .rodata.str1.4
                0x0000000010004d24       0x2a CMakeFiles/uart.dir/home/kwon/pico-sdk/src/rp2_common/pico_stdio_usb/stdio_usb_descriptors.c.o
 *fill*         0x0000000010004d4e        0x2 
 .rodata.usbd_desc_cfg
                0x0000000010004d50       0x54 CMakeFiles/uart.dir/home/kwon/pico-sdk/src/rp2_common/pico_stdio_usb/stdio_usb_descriptors.c.o
 .rodata.usbd_desc_device
                0x0000000010004da4       0x12 CMakeFiles/uart.dir/home/kwon/pico-sdk/src/rp2_common/pico_stdio_usb/stdio_usb_descriptors.c.o
 *fill*         0x0000000010004db6        0x2 
 .rodata.usbd_desc_str
                0x0000000010004db8       0x18 CMakeFiles/uart.dir/home/kwon/pico-sdk/src/rp2_common/pico_stdio_usb/stdio_usb_descriptors.c.o
 .rodata.str1.4
                0x0000000010004dd0       0x14 CMakeFiles/uart.dir/home/kwon/pico-sdk/lib/tinyusb/src/portable/raspberrypi/rp2040/dcd_rp2040.c.o
 .rodata.str1.4
                0x0000000010004de4       0x48 CMakeFiles/uart.dir/home/kwon/pico-sdk/lib/tinyusb/src/portable/raspberrypi/rp2040/rp2040_usb.c.o
 .rodata.tud_task_ext
                0x0000000010004e2c       0x8c CMakeFiles/uart.dir/home/kwon/pico-sdk/lib/tinyusb/src/device/usbd.c.o
 .rodata        0x0000000010004eb8       0x1c CMakeFiles/uart.dir/home/kwon/pico-sdk/lib/tinyusb/src/device/usbd.c.o
 .rodata._usbd_driver
                0x0000000010004ed4       0x40 CMakeFiles/uart.dir/home/kwon/pico-sdk/lib/tinyusb/src/device/usbd.c.o
                0x0000000010004f14                . = ALIGN (0x4)
 *(SORT_BY_ALIGNMENT(SORT_BY_NAME(.flashdata*)))
                0x0000000010004f14                . = ALIGN (0x4)

.ARM.extab
 *(.ARM.extab* .gnu.linkonce.armextab.*)
                0x0000000010004f14                __exidx_start = .

.ARM.exidx
 *(.ARM.exidx* .gnu.linkonce.armexidx.*)
                0x0000000010004f14                __exidx_end = .
                0x0000000010004f14                . = ALIGN (0x4)
                0x0000000010004f14                __binary_info_start = .

.binary_info    0x0000000010004f14       0x20
 *(.binary_info.keep.*)
 .binary_info.keep.__bi_ptr26
                0x0000000010004f14        0x4 CMakeFiles/uart.dir/home/kwon/pico-sdk/src/rp2_common/pico_standard_binary_info/standard_binary_info.c.o
 .binary_info.keep.__bi_ptr34
                0x0000000010004f18        0x4 CMakeFiles/uart.dir/home/kwon/pico-sdk/src/rp2_common/pico_standard_binary_info/standard_binary_info.c.o
 .binary_info.keep.__bi_ptr42
                0x0000000010004f1c        0x4 CMakeFiles/uart.dir/home/kwon/pico-sdk/src/rp2_common/pico_standard_binary_info/standard_binary_info.c.o
 .binary_info.keep.__bi_ptr48
                0x0000000010004f20        0x4 CMakeFiles/uart.dir/home/kwon/pico-sdk/src/rp2_common/pico_standard_binary_info/standard_binary_info.c.o
 .binary_info.keep.__bi_ptr54
                0x0000000010004f24        0x4 CMakeFiles/uart.dir/home/kwon/pico-sdk/src/rp2_common/pico_standard_binary_info/standard_binary_info.c.o
 .binary_info.keep.__bi_ptr78
                0x0000000010004f28        0x4 CMakeFiles/uart.dir/home/kwon/pico-sdk/src/rp2_common/pico_standard_binary_info/standard_binary_info.c.o
 .binary_info.keep.__bi_ptr84
                0x0000000010004f2c        0x4 CMakeFiles/uart.dir/home/kwon/pico-sdk/src/rp2_common/pico_standard_binary_info/standard_binary_info.c.o
 *(.binary_info.*)
 .binary_info.__bi_ptr202
                0x0000000010004f30        0x4 CMakeFiles/uart.dir/home/kwon/pico-sdk/src/rp2_common/pico_stdio_usb/stdio_usb.c.o
                0x0000000010004f34                __binary_info_end = .
                0x0000000010004f34                . = ALIGN (0x4)

.ram_vector_table
                0x0000000020000000       0xc0
 *(.ram_vector_table)
 .ram_vector_table
                0x0000000020000000       0xc0 CMakeFiles/uart.dir/home/kwon/pico-sdk/src/rp2_common/pico_runtime_init/runtime_init.c.o
                0x0000000020000000                ram_vector_table

.uninitialized_data
                0x00000000200000c0        0x0
                0x00000000200000c0                . = ALIGN (0x4)
 *(.uninitialized_data*)

.data           0x00000000200000c0     0x1030 load address 0x0000000010004f34
                0x00000000200000c0                __data_start__ = .
 *(vtable)
 *(.time_critical*)
 .time_critical.mutex_try_enter
                0x00000000200000c0       0x44 CMakeFiles/uart.dir/home/kwon/pico-sdk/src/common/pico_sync/mutex.c.o
                0x00000000200000c0                mutex_try_enter
 .time_critical.mutex_try_enter_block_until
                0x0000000020000104       0x9c CMakeFiles/uart.dir/home/kwon/pico-sdk/src/common/pico_sync/mutex.c.o
                0x0000000020000104                mutex_try_enter_block_until
 .time_critical.mutex_enter_timeout_ms
                0x00000000200001a0       0x90 CMakeFiles/uart.dir/home/kwon/pico-sdk/src/common/pico_sync/mutex.c.o
                0x00000000200001a0                mutex_enter_timeout_ms
 .time_critical.mutex_exit
                0x0000000020000230       0x28 CMakeFiles/uart.dir/home/kwon/pico-sdk/src/common/pico_sync/mutex.c.o
                0x0000000020000230                mutex_exit
 .time_critical.flash_init_boot2_copyout
                0x0000000020000258       0x30 CMakeFiles/uart.dir/home/kwon/pico-sdk/src/rp2_common/hardware_flash/flash.c.o
 .time_critical.flash_enable_xip_via_boot2
                0x0000000020000288       0x10 CMakeFiles/uart.dir/home/kwon/pico-sdk/src/rp2_common/hardware_flash/flash.c.o
 .time_critical.flash_save_hardware_state
                0x0000000020000298       0x28 CMakeFiles/uart.dir/home/kwon/pico-sdk/src/rp2_common/hardware_flash/flash.c.o
 .time_critical.flash_restore_hardware_state
                0x00000000200002c0       0x28 CMakeFiles/uart.dir/home/kwon/pico-sdk/src/rp2_common/hardware_flash/flash.c.o
 .time_critical.flash_cs_force
                0x00000000200002e8       0x38 CMakeFiles/uart.dir/home/kwon/pico-sdk/src/rp2_common/hardware_flash/flash.c.o
 .time_critical.flash_do_cmd
                0x0000000020000320       0xd4 CMakeFiles/uart.dir/home/kwon/pico-sdk/src/rp2_common/hardware_flash/flash.c.o
                0x0000000020000320                flash_do_cmd
 .time_critical.reset_non_control_endpoints
                0x00000000200003f4       0xbc CMakeFiles/uart.dir/home/kwon/pico-sdk/lib/tinyusb/src/portable/raspberrypi/rp2040/dcd_rp2040.c.o
 .time_critical.hw_handle_buff_status
                0x00000000200004b0       0x98 CMakeFiles/uart.dir/home/kwon/pico-sdk/lib/tinyusb/src/portable/raspberrypi/rp2040/dcd_rp2040.c.o
 .time_critical.dcd_rp2040_irq
                0x0000000020000548      0x530 CMakeFiles/uart.dir/home/kwon/pico-sdk/lib/tinyusb/src/portable/raspberrypi/rp2040/dcd_rp2040.c.o
 .time_critical.prepare_ep_buffer
                0x0000000020000a78       0xf4 CMakeFiles/uart.dir/home/kwon/pico-sdk/lib/tinyusb/src/portable/raspberrypi/rp2040/rp2040_usb.c.o
 .time_critical.sync_ep_buffer
                0x0000000020000b6c       0xb4 CMakeFiles/uart.dir/home/kwon/pico-sdk/lib/tinyusb/src/portable/raspberrypi/rp2040/rp2040_usb.c.o
 .time_critical._hw_endpoint_xfer_sync
                0x0000000020000c20       0x28 CMakeFiles/uart.dir/home/kwon/pico-sdk/lib/tinyusb/src/portable/raspberrypi/rp2040/rp2040_usb.c.o
 .time_critical.e15_is_bulkin_ep
                0x0000000020000c48       0x28 CMakeFiles/uart.dir/home/kwon/pico-sdk/lib/tinyusb/src/portable/raspberrypi/rp2040/rp2040_usb.c.o
 .time_critical.e15_is_critical_frame_period
                0x0000000020000c70       0x34 CMakeFiles/uart.dir/home/kwon/pico-sdk/lib/tinyusb/src/portable/raspberrypi/rp2040/rp2040_usb.c.o
 .time_critical.hw_endpoint_reset_transfer
                0x0000000020000ca4        0xc CMakeFiles/uart.dir/home/kwon/pico-sdk/lib/tinyusb/src/portable/raspberrypi/rp2040/rp2040_usb.c.o
                0x0000000020000ca4                hw_endpoint_reset_transfer
 .time_critical._hw_endpoint_buffer_control_update32
                0x0000000020000cb0       0x50 CMakeFiles/uart.dir/home/kwon/pico-sdk/lib/tinyusb/src/portable/raspberrypi/rp2040/rp2040_usb.c.o
                0x0000000020000cb0                _hw_endpoint_buffer_control_update32
 .time_critical.hw_endpoint_start_next_buffer
                0x0000000020000d00       0x6c CMakeFiles/uart.dir/home/kwon/pico-sdk/lib/tinyusb/src/portable/raspberrypi/rp2040/rp2040_usb.c.o
                0x0000000020000d00                hw_endpoint_start_next_buffer
 .time_critical.hw_endpoint_xfer_continue
                0x0000000020000d6c       0x40 CMakeFiles/uart.dir/home/kwon/pico-sdk/lib/tinyusb/src/portable/raspberrypi/rp2040/rp2040_usb.c.o
                0x0000000020000d6c                hw_endpoint_xfer_continue
 .time_critical.tinyusb
                0x0000000020000dac      0x1f0 CMakeFiles/uart.dir/home/kwon/pico-sdk/lib/tinyusb/src/device/usbd.c.o
                0x0000000020000dac                dcd_event_handler
 *(.text*)
 .text          0x0000000020000f9c        0x4 /usr/lib/gcc/arm-none-eabi/10.3.1/thumb/v6-m/nofp/libgcc.a(_dvmd_tls.o)
                0x0000000020000f9c                __aeabi_ldiv0
                0x0000000020000f9c                __aeabi_idiv0
 .text.__stub   0x0000000020000fa0       0x80 linker stubs
                0x0000000020001020                . = ALIGN (0x4)
 *(.rodata*)
                0x0000000020001020                . = ALIGN (0x4)
 *(.data*)
 .data.striped_spin_lock_num
                0x0000000020001020        0x1 CMakeFiles/uart.dir/home/kwon/pico-sdk/src/rp2_common/hardware_sync/sync.c.o
 *fill*         0x0000000020001021        0x3 
 .data          0x0000000020001024       0x48 CMakeFiles/uart.dir/home/kwon/pico-sdk/src/rp2_common/hardware_irq/irq_handler_chain.S.o
                0x0000000020001024                irq_handler_chain_slots
                0x0000000020001054                irq_handler_chain_first_slot
                0x000000002000105e                irq_handler_chain_remove_tail
 .data.default_alarm_pool
                0x000000002000106c       0x18 CMakeFiles/uart.dir/home/kwon/pico-sdk/src/common/pico_time/time.c.o
 *fill*         0x0000000020001084        0xc 
 .data.aeabi_bits_funcs
                0x0000000020001090       0x10 CMakeFiles/uart.dir/home/kwon/pico-sdk/src/rp2_common/pico_bit_ops/bit_ops_aeabi.S.o
                0x0000000020001090                aeabi_bits_funcs
                0x00000000200010a0                aeabi_bits_funcs_end
 .data.aeabi_mem_funcs
                0x00000000200010a0       0x10 CMakeFiles/uart.dir/home/kwon/pico-sdk/src/rp2_common/pico_mem_ops/mem_ops_aeabi.S.o
                0x00000000200010a0                aeabi_mem_funcs
                0x00000000200010b0                aeabi_mem_funcs_end
 .data.stdio_usb
                0x00000000200010b0       0x18 CMakeFiles/uart.dir/home/kwon/pico-sdk/src/rp2_common/pico_stdio_usb/stdio_usb.c.o
                0x00000000200010b0                stdio_usb
 .data._usbd_qdef
                0x00000000200010c8       0x1c CMakeFiles/uart.dir/home/kwon/pico-sdk/lib/tinyusb/src/device/usbd.c.o
                0x00000000200010c8                _usbd_qdef
 .data._usbd_rhport
                0x00000000200010e4        0x1 CMakeFiles/uart.dir/home/kwon/pico-sdk/lib/tinyusb/src/device/usbd.c.o
                0x00000000200010e8                . = ALIGN (0x4)
 *fill*         0x00000000200010e5        0x3 
 *(.after_data.*)
                0x00000000200010e8                . = ALIGN (0x4)
                0x00000000200010e8                PROVIDE (__mutex_array_start = .)
 *(SORT_BY_NAME(.mutex_array.*))
 *(.mutex_array)
 .mutex_array   0x00000000200010e8        0x8 CMakeFiles/uart.dir/home/kwon/pico-sdk/src/rp2_common/pico_stdio/stdio.c.o
                0x00000000200010f0                PROVIDE (__mutex_array_end = .)
                0x00000000200010f0                . = ALIGN (0x4)
 *(.jcr)
                0x00000000200010f0                . = ALIGN (0x4)

.tm_clone_table
                0x00000000200010f0        0x0 load address 0x0000000010005f64
 .tm_clone_table
                0x00000000200010f0        0x0 /usr/lib/gcc/arm-none-eabi/10.3.1/thumb/v6-m/nofp/crtbegin.o
 .tm_clone_table
                0x00000000200010f0        0x0 /usr/lib/gcc/arm-none-eabi/10.3.1/thumb/v6-m/nofp/crtend.o

.igot.plt       0x00000000200010f0        0x0 load address 0x0000000010005f64
 .igot.plt      0x00000000200010f0        0x0 /usr/lib/gcc/arm-none-eabi/10.3.1/thumb/v6-m/nofp/crtbegin.o

.tdata          0x00000000200010f0        0x0 load address 0x0000000010005f64
                0x00000000200010f0                . = ALIGN (0x4)
 *(.tdata .tdata.* .gnu.linkonce.td.*)
                0x00000000200010f0                __tdata_end = .
                0x00000000200010f0                PROVIDE (__data_end__ = .)
                0x0000000010004f34                __etext = LOADADDR (.data)

.tbss           0x00000000200010f0        0x0 load address 0x0000000010005f64
                0x00000000200010f0                . = ALIGN (0x4)
                0x00000000200010f0                __bss_start__ = .
                0x00000000200010f0                __tls_base = .
 *(.tbss .tbss.* .gnu.linkonce.tb.*)
 *(.tcommon)
                0x00000000200010f0                __tls_end = .

.bss            0x00000000200010f0      0xf04 load address 0x0000000010005f64
                0x00000000200010f0                . = ALIGN (0x4)
                0x00000000200010f0                __tbss_end = .
 *(SORT_BY_ALIGNMENT(SORT_BY_NAME(.bss*)))
 .bss.default_alarm_pool_entries
                0x00000000200010f0      0x180 CMakeFiles/uart.dir/home/kwon/pico-sdk/src/common/pico_time/time.c.o
 .bss.last_avail_time.1
                0x0000000020001270        0x8 CMakeFiles/uart.dir/home/kwon/pico-sdk/src/rp2_common/pico_stdio_usb/stdio_usb.c.o
 .bss.sd_table  0x0000000020001278      0x100 CMakeFiles/uart.dir/home/kwon/pico-sdk/src/rp2_common/pico_double/double_init_rom_rp2040.c.o
                0x0000000020001278                sd_table
 .bss           0x0000000020001378       0x1c /usr/lib/gcc/arm-none-eabi/10.3.1/thumb/v6-m/nofp/crtbegin.o
 .bss._app_driver
                0x0000000020001394        0x4 CMakeFiles/uart.dir/home/kwon/pico-sdk/lib/tinyusb/src/device/usbd.c.o
 .bss._cdcd_epbuf
                0x0000000020001398       0x80 CMakeFiles/uart.dir/home/kwon/pico-sdk/lib/tinyusb/src/class/cdc/cdc_device.c.o
 .bss._cdcd_fifo_cfg
                0x0000000020001418        0x1 CMakeFiles/uart.dir/home/kwon/pico-sdk/lib/tinyusb/src/class/cdc/cdc_device.c.o
 *fill*         0x0000000020001419        0x3 
 .bss._cdcd_itf
                0x000000002000141c       0xc8 CMakeFiles/uart.dir/home/kwon/pico-sdk/lib/tinyusb/src/class/cdc/cdc_device.c.o
 .bss._ctrl_epbuf
                0x00000000200014e4       0x40 CMakeFiles/uart.dir/home/kwon/pico-sdk/lib/tinyusb/src/device/usbd_control.c.o
 .bss._ctrl_xfer
                0x0000000020001524       0x14 CMakeFiles/uart.dir/home/kwon/pico-sdk/lib/tinyusb/src/device/usbd_control.c.o
 .bss._tusb_rhport_role
                0x0000000020001538        0x2 CMakeFiles/uart.dir/home/kwon/pico-sdk/lib/tinyusb/src/tusb.c.o
                0x0000000020001538                _tusb_rhport_role
 *fill*         0x000000002000153a        0x2 
 .bss._ubsd_mutexdef
                0x000000002000153c        0x8 CMakeFiles/uart.dir/home/kwon/pico-sdk/lib/tinyusb/src/device/usbd.c.o
 .bss._usbd_dev
                0x0000000020001544       0x54 CMakeFiles/uart.dir/home/kwon/pico-sdk/lib/tinyusb/src/device/usbd.c.o
 .bss._usbd_mutex
                0x0000000020001598        0x4 CMakeFiles/uart.dir/home/kwon/pico-sdk/lib/tinyusb/src/device/usbd.c.o
 .bss._usbd_q   0x000000002000159c        0x4 CMakeFiles/uart.dir/home/kwon/pico-sdk/lib/tinyusb/src/device/usbd.c.o
 .bss._usbd_qdef_buf
                0x00000000200015a0       0xc0 CMakeFiles/uart.dir/home/kwon/pico-sdk/lib/tinyusb/src/device/usbd.c.o
                0x00000000200015a0                _usbd_qdef_buf
 .bss._vendord_epbuf
                0x0000000020001660       0x80 CMakeFiles/uart.dir/home/kwon/pico-sdk/lib/tinyusb/src/class/vendor/vendor_device.c.o
 .bss._vendord_itf
                0x00000000200016e0      0x24c CMakeFiles/uart.dir/home/kwon/pico-sdk/lib/tinyusb/src/class/vendor/vendor_device.c.o
 .bss.boot2_copyout
                0x000000002000192c      0x100 CMakeFiles/uart.dir/home/kwon/pico-sdk/src/rp2_common/hardware_flash/flash.c.o
 .bss.chars_available_callback
                0x0000000020001a2c        0x4 CMakeFiles/uart.dir/home/kwon/pico-sdk/src/rp2_common/pico_stdio_usb/stdio_usb.c.o
 .bss.chars_available_param
                0x0000000020001a30        0x4 CMakeFiles/uart.dir/home/kwon/pico-sdk/src/rp2_common/pico_stdio_usb/stdio_usb.c.o
 .bss.claimed   0x0000000020001a34        0x4 CMakeFiles/uart.dir/home/kwon/pico-sdk/src/rp2_common/hardware_sync/sync.c.o
 .bss.claimed   0x0000000020001a38        0x1 CMakeFiles/uart.dir/home/kwon/pico-sdk/src/rp2_common/hardware_timer/timer.c.o
 *fill*         0x0000000020001a39        0x3 
 .bss.configured_freq
                0x0000000020001a3c       0x28 CMakeFiles/uart.dir/home/kwon/pico-sdk/src/rp2_common/hardware_clocks/clocks.c.o
 .bss.desc_str.0
                0x0000000020001a64       0x28 CMakeFiles/uart.dir/home/kwon/pico-sdk/src/rp2_common/pico_stdio_usb/stdio_usb_descriptors.c.o
 .bss.drivers   0x0000000020001a8c        0x4 CMakeFiles/uart.dir/home/kwon/pico-sdk/src/rp2_common/pico_stdio/stdio.c.o
 .bss.e15_last_sof
                0x0000000020001a90        0x4 CMakeFiles/uart.dir/home/kwon/pico-sdk/lib/tinyusb/src/portable/raspberrypi/rp2040/rp2040_usb.c.o
                0x0000000020001a90                e15_last_sof
 .bss.filter    0x0000000020001a94        0x4 CMakeFiles/uart.dir/home/kwon/pico-sdk/src/rp2_common/pico_stdio/stdio.c.o
 .bss.hw_endpoints
                0x0000000020001a98      0x400 CMakeFiles/uart.dir/home/kwon/pico-sdk/lib/tinyusb/src/portable/raspberrypi/rp2040/dcd_rp2040.c.o
 .bss.lazy_vsnprintf
                0x0000000020001e98        0x4 CMakeFiles/uart.dir/home/kwon/pico-sdk/src/rp2_common/pico_printf/printf.c.o
 .bss.load_value
                0x0000000020001e9c        0x4 CMakeFiles/uart.dir/home/kwon/pico-sdk/src/rp2_common/hardware_watchdog/watchdog.c.o
 .bss.next_buffer_ptr
                0x0000000020001ea0        0x4 CMakeFiles/uart.dir/home/kwon/pico-sdk/lib/tinyusb/src/portable/raspberrypi/rp2040/dcd_rp2040.c.o
 .bss.one_shot_timer_crit_sec
                0x0000000020001ea4        0x8 CMakeFiles/uart.dir/home/kwon/pico-sdk/src/rp2_common/pico_stdio_usb/stdio_usb.c.o
 .bss.pools     0x0000000020001eac       0x10 CMakeFiles/uart.dir/home/kwon/pico-sdk/src/common/pico_time/time.c.o
 .bss.retrieved_id
                0x0000000020001ebc        0x8 CMakeFiles/uart.dir/home/kwon/pico-sdk/src/rp2_common/pico_unique_id/unique_id.c.o
 .bss.sf_clz_func
                0x0000000020001ec4        0x4 CMakeFiles/uart.dir/home/kwon/pico-sdk/src/rp2_common/pico_double/double_init_rom_rp2040.c.o
                0x0000000020001ec4                sf_clz_func
 .bss.sf_table  0x0000000020001ec8      0x100 CMakeFiles/uart.dir/home/kwon/pico-sdk/src/rp2_common/pico_float/float_init_rom_rp2040.c.o
                0x0000000020001ec8                sf_table
 .bss.sleep_notifier
                0x0000000020001fc8        0x4 CMakeFiles/uart.dir/home/kwon/pico-sdk/src/common/pico_time/time.c.o
 .bss.stdio_usb_mutex
                0x0000000020001fcc        0x8 CMakeFiles/uart.dir/home/kwon/pico-sdk/src/rp2_common/pico_stdio_usb/stdio_usb.c.o
 .bss.uart_char_to_line_feed
                0x0000000020001fd4        0x4 CMakeFiles/uart.dir/home/kwon/pico-sdk/src/rp2_common/hardware_uart/uart.c.o
                0x0000000020001fd4                uart_char_to_line_feed
 .bss.usbd_serial_str
                0x0000000020001fd8       0x11 CMakeFiles/uart.dir/home/kwon/pico-sdk/src/rp2_common/pico_stdio_usb/stdio_usb_descriptors.c.o
 .bss._app_driver_count
                0x0000000020001fe9        0x1 CMakeFiles/uart.dir/home/kwon/pico-sdk/lib/tinyusb/src/device/usbd.c.o
 .bss._sof_enable
                0x0000000020001fea        0x1 CMakeFiles/uart.dir/home/kwon/pico-sdk/lib/tinyusb/src/portable/raspberrypi/rp2040/dcd_rp2040.c.o
 .bss._usbd_queued_setup
                0x0000000020001feb        0x1 CMakeFiles/uart.dir/home/kwon/pico-sdk/lib/tinyusb/src/device/usbd.c.o
 .bss.boot2_copyout_valid
                0x0000000020001fec        0x1 CMakeFiles/uart.dir/home/kwon/pico-sdk/src/rp2_common/hardware_flash/flash.c.o
 .bss.irq_handler_chain_free_slot_head
                0x0000000020001fed        0x1 CMakeFiles/uart.dir/home/kwon/pico-sdk/src/rp2_common/hardware_irq/irq.c.o
 .bss.itf_num   0x0000000020001fee        0x1 CMakeFiles/uart.dir/home/kwon/pico-sdk/src/rp2_common/pico_stdio_usb/reset_interface.c.o
 .bss.low_priority_irq_num
                0x0000000020001fef        0x1 CMakeFiles/uart.dir/home/kwon/pico-sdk/src/rp2_common/pico_stdio_usb/stdio_usb.c.o
 .bss.one_shot_timer_pending
                0x0000000020001ff0        0x1 CMakeFiles/uart.dir/home/kwon/pico-sdk/src/rp2_common/pico_stdio_usb/stdio_usb.c.o
 .bss.user_irq_claimed
                0x0000000020001ff1        0x1 CMakeFiles/uart.dir/home/kwon/pico-sdk/src/rp2_common/hardware_irq/irq.c.o
 *(COMMON)
                0x0000000020001ff4                . = ALIGN (0x4)
 *fill*         0x0000000020001ff2        0x2 
                0x0000000020001ff4                __bss_end__ = .

.heap           0x0000000020001ff4      0x800 load address 0x0000000010005f64
                0x0000000020001ff4                __end__ = .
                0x0000000020001ff4                end = __end__
 *(.heap*)
 .heap          0x0000000020001ff4      0x800 CMakeFiles/uart.dir/home/kwon/pico-sdk/src/rp2_common/pico_crt0/crt0.S.o
                0x0000000020040000                __HeapLimit = (ORIGIN (RAM) + LENGTH (RAM))

.scratch_x      0x0000000020040000        0x0 load address 0x0000000010005f64
                0x0000000020040000                __scratch_x_start__ = .
 *(.scratch_x.*)
                0x0000000020040000                . = ALIGN (0x4)
                0x0000000020040000                __scratch_x_end__ = .
                0x0000000010005f64                __scratch_x_source__ = LOADADDR (.scratch_x)

.scratch_y      0x0000000020041000        0x0 load address 0x0000000010005f64
                0x0000000020041000                __scratch_y_start__ = .
 *(.scratch_y.*)
                0x0000000020041000                . = ALIGN (0x4)
                0x0000000020041000                __scratch_y_end__ = .
                0x0000000010005f64                __scratch_y_source__ = LOADADDR (.scratch_y)

.stack1_dummy   0x0000000020040000        0x0
 *(.stack1*)

.stack_dummy    0x0000000020041000      0x800
 *(.stack*)
 .stack         0x0000000020041000      0x800 CMakeFiles/uart.dir/home/kwon/pico-sdk/src/rp2_common/pico_crt0/crt0.S.o

.rel.dyn        0x0000000020041800        0x0
 .rel.iplt      0x0000000020041800        0x0 /usr/lib/gcc/arm-none-eabi/10.3.1/thumb/v6-m/nofp/crtbegin.o

.flash_end      0x0000000010005f64        0x0
 *(.embedded_end_block*)
                0x0000000010005f64                PROVIDE (__flash_binary_end = .)
                0x0000000020040000                __StackLimit = (ORIGIN (RAM) + LENGTH (RAM))
                0x0000000020041000                __StackOneTop = (ORIGIN (SCRATCH_X) + LENGTH (SCRATCH_X))
                0x0000000020042000                __StackTop = (ORIGIN (SCRATCH_Y) + LENGTH (SCRATCH_Y))
                0x0000000020041000                __StackOneBottom = (__StackOneTop - SIZEOF (.stack1_dummy))
                0x0000000020041800                __StackBottom = (__StackTop - SIZEOF (.stack_dummy))
                0x0000000020042000                PROVIDE (__stack = __StackTop)
                [!provide]                        PROVIDE (__heap_start = __end__)
                [!provide]                        PROVIDE (__heap_end = __HeapLimit)
                [!provide]                        PROVIDE (__tls_align = MAX (ALIGNOF (.tdata), ALIGNOF (.tbss)))
                [!provide]                        PROVIDE (__tls_size_align = (((__tls_size + __tls_align) - 0x1) & ~ ((__tls_align - 0x1))))
                [!provide]                        PROVIDE (__arm32_tls_tcb_offset = MAX (0x8, __tls_align))
                [!provide]                        PROVIDE (_end = __end__)
                [!provide]                        PROVIDE (__llvm_libc_heap_limit = __HeapLimit)
                0x0000000000000001                ASSERT ((__StackLimit >= __HeapLimit), region RAM overflowed)
                0x0000000000000001                ASSERT (((__binary_info_header_end - __logical_binary_start) <= 0x100), Binary info must be in first 256 bytes of the binary)
LOAD CMakeFiles/uart.dir/src/main.cpp.o
LOAD CMakeFiles/uart.dir/home/kwon/pico-sdk/src/rp2_common/pico_stdlib/stdlib.c.o
LOAD CMakeFiles/uart.dir/home/kwon/pico-sdk/src/rp2_common/hardware_gpio/gpio.c.o
LOAD CMakeFiles/uart.dir/home/kwon/pico-sdk/src/rp2040/pico_platform/platform.c.o
LOAD CMakeFiles/uart.dir/home/kwon/pico-sdk/src/rp2_common/pico_platform_common/common.c.o
LOAD CMakeFiles/uart.dir/home/kwon/pico-sdk/src/rp2_common/pico_platform_panic/panic.c.o
LOAD CMakeFiles/uart.dir/home/kwon/pico-sdk/src/common/hardware_claim/claim.c.o
LOAD CMakeFiles/uart.dir/home/kwon/pico-sdk/src/rp2_common/hardware_sync/sync.c.o
LOAD CMakeFiles/uart.dir/home/kwon/pico-sdk/src/rp2_common/hardware_sync_spin_lock/sync_spin_lock.c.o
LOAD CMakeFiles/uart.dir/home/kwon/pico-sdk/src/rp2_common/hardware_irq/irq.c.o
LOAD CMakeFiles/uart.dir/home/kwon/pico-sdk/src/rp2_common/hardware_irq/irq_handler_chain.S.o
LOAD CMakeFiles/uart.dir/home/kwon/pico-sdk/src/common/pico_sync/sem.c.o
LOAD CMakeFiles/uart.dir/home/kwon/pico-sdk/src/common/pico_sync/lock_core.c.o
LOAD CMakeFiles/uart.dir/home/kwon/pico-sdk/src/common/pico_sync/mutex.c.o
LOAD CMakeFiles/uart.dir/home/kwon/pico-sdk/src/common/pico_sync/critical_section.c.o
LOAD CMakeFiles/uart.dir/home/kwon/pico-sdk/src/common/pico_time/time.c.o
LOAD CMakeFiles/uart.dir/home/kwon/pico-sdk/src/common/pico_time/timeout_helper.c.o
LOAD CMakeFiles/uart.dir/home/kwon/pico-sdk/src/rp2_common/hardware_timer/timer.c.o
LOAD CMakeFiles/uart.dir/home/kwon/pico-sdk/src/common/pico_util/datetime.c.o
LOAD CMakeFiles/uart.dir/home/kwon/pico-sdk/src/common/pico_util/pheap.c.o
LOAD CMakeFiles/uart.dir/home/kwon/pico-sdk/src/common/pico_util/queue.c.o
LOAD CMakeFiles/uart.dir/home/kwon/pico-sdk/src/rp2_common/hardware_uart/uart.c.o
LOAD CMakeFiles/uart.dir/home/kwon/pico-sdk/src/rp2_common/hardware_clocks/clocks.c.o
LOAD CMakeFiles/uart.dir/home/kwon/pico-sdk/src/rp2_common/hardware_pll/pll.c.o
LOAD CMakeFiles/uart.dir/home/kwon/pico-sdk/src/rp2_common/hardware_vreg/vreg.c.o
LOAD CMakeFiles/uart.dir/home/kwon/pico-sdk/src/rp2_common/hardware_watchdog/watchdog.c.o
LOAD CMakeFiles/uart.dir/home/kwon/pico-sdk/src/rp2_common/hardware_ticks/ticks.c.o
LOAD CMakeFiles/uart.dir/home/kwon/pico-sdk/src/rp2_common/pico_bootrom/bootrom.c.o
LOAD CMakeFiles/uart.dir/home/kwon/pico-sdk/src/rp2_common/pico_bootrom/bootrom_lock.c.o
LOAD CMakeFiles/uart.dir/home/kwon/pico-sdk/src/rp2_common/hardware_boot_lock/boot_lock.c.o
LOAD CMakeFiles/uart.dir/home/kwon/pico-sdk/src/rp2_common/pico_flash/flash.c.o
LOAD CMakeFiles/uart.dir/home/kwon/pico-sdk/src/rp2_common/hardware_xosc/xosc.c.o
LOAD CMakeFiles/uart.dir/home/kwon/pico-sdk/src/rp2_common/hardware_divider/divider.S.o
LOAD CMakeFiles/uart.dir/home/kwon/pico-sdk/src/rp2_common/pico_runtime/runtime.c.o
LOAD CMakeFiles/uart.dir/home/kwon/pico-sdk/src/rp2_common/pico_runtime_init/runtime_init.c.o
LOAD CMakeFiles/uart.dir/home/kwon/pico-sdk/src/rp2_common/pico_runtime_init/runtime_init_clocks.c.o
LOAD CMakeFiles/uart.dir/home/kwon/pico-sdk/src/rp2_common/pico_runtime_init/runtime_init_stack_guard.c.o
LOAD CMakeFiles/uart.dir/home/kwon/pico-sdk/src/rp2_common/pico_bit_ops/bit_ops_aeabi.S.o
LOAD CMakeFiles/uart.dir/home/kwon/pico-sdk/src/rp2_common/pico_divider/divider_hardware.S.o
LOAD CMakeFiles/uart.dir/home/kwon/pico-sdk/src/rp2_common/pico_double/double_aeabi_rp2040.S.o
LOAD CMakeFiles/uart.dir/home/kwon/pico-sdk/src/rp2_common/pico_double/double_init_rom_rp2040.c.o
LOAD CMakeFiles/uart.dir/home/kwon/pico-sdk/src/rp2_common/pico_double/double_math.c.o
LOAD CMakeFiles/uart.dir/home/kwon/pico-sdk/src/rp2_common/pico_double/double_v1_rom_shim_rp2040.S.o
LOAD CMakeFiles/uart.dir/home/kwon/pico-sdk/src/rp2_common/pico_int64_ops/pico_int64_ops_aeabi.S.o
LOAD CMakeFiles/uart.dir/home/kwon/pico-sdk/src/rp2_common/pico_float/float_aeabi_rp2040.S.o
LOAD CMakeFiles/uart.dir/home/kwon/pico-sdk/src/rp2_common/pico_float/float_init_rom_rp2040.c.o
LOAD CMakeFiles/uart.dir/home/kwon/pico-sdk/src/rp2_common/pico_float/float_math.c.o
LOAD CMakeFiles/uart.dir/home/kwon/pico-sdk/src/rp2_common/pico_float/float_v1_rom_shim_rp2040.S.o
LOAD CMakeFiles/uart.dir/home/kwon/pico-sdk/src/rp2_common/pico_malloc/malloc.c.o
LOAD CMakeFiles/uart.dir/home/kwon/pico-sdk/src/rp2_common/pico_mem_ops/mem_ops_aeabi.S.o
LOAD CMakeFiles/uart.dir/home/kwon/pico-sdk/src/rp2_common/pico_atomic/atomic.c.o
LOAD CMakeFiles/uart.dir/home/kwon/pico-sdk/src/rp2_common/pico_cxx_options/new_delete.cpp.o
LOAD CMakeFiles/uart.dir/home/kwon/pico-sdk/src/rp2_common/pico_standard_binary_info/standard_binary_info.c.o
LOAD CMakeFiles/uart.dir/home/kwon/pico-sdk/src/rp2_common/pico_printf/printf.c.o
LOAD CMakeFiles/uart.dir/home/kwon/pico-sdk/src/rp2_common/pico_crt0/crt0.S.o
LOAD CMakeFiles/uart.dir/home/kwon/pico-sdk/src/rp2_common/pico_clib_interface/newlib_interface.c.o
LOAD CMakeFiles/uart.dir/home/kwon/pico-sdk/src/rp2_common/pico_stdio/stdio.c.o
LOAD CMakeFiles/uart.dir/home/kwon/pico-sdk/src/rp2_common/pico_stdio_usb/reset_interface.c.o
LOAD CMakeFiles/uart.dir/home/kwon/pico-sdk/src/rp2_common/pico_stdio_usb/stdio_usb.c.o
LOAD CMakeFiles/uart.dir/home/kwon/pico-sdk/src/rp2_common/pico_stdio_usb/stdio_usb_descriptors.c.o
LOAD CMakeFiles/uart.dir/home/kwon/pico-sdk/src/rp2_common/pico_unique_id/unique_id.c.o
LOAD CMakeFiles/uart.dir/home/kwon/pico-sdk/src/rp2_common/hardware_flash/flash.c.o
LOAD CMakeFiles/uart.dir/home/kwon/pico-sdk/src/rp2_common/hardware_xip_cache/xip_cache.c.o
LOAD CMakeFiles/uart.dir/home/kwon/pico-sdk/lib/tinyusb/src/portable/raspberrypi/rp2040/dcd_rp2040.c.o
LOAD CMakeFiles/uart.dir/home/kwon/pico-sdk/lib/tinyusb/src/portable/raspberrypi/rp2040/rp2040_usb.c.o
LOAD CMakeFiles/uart.dir/home/kwon/pico-sdk/lib/tinyusb/src/device/usbd.c.o
LOAD CMakeFiles/uart.dir/home/kwon/pico-sdk/lib/tinyusb/src/device/usbd_control.c.o
LOAD CMakeFiles/uart.dir/home/kwon/pico-sdk/lib/tinyusb/src/class/audio/audio_device.c.o
LOAD CMakeFiles/uart.dir/home/kwon/pico-sdk/lib/tinyusb/src/class/cdc/cdc_device.c.o
LOAD CMakeFiles/uart.dir/home/kwon/pico-sdk/lib/tinyusb/src/class/dfu/dfu_device.c.o
LOAD CMakeFiles/uart.dir/home/kwon/pico-sdk/lib/tinyusb/src/class/dfu/dfu_rt_device.c.o
LOAD CMakeFiles/uart.dir/home/kwon/pico-sdk/lib/tinyusb/src/class/hid/hid_device.c.o
LOAD CMakeFiles/uart.dir/home/kwon/pico-sdk/lib/tinyusb/src/class/midi/midi_device.c.o
LOAD CMakeFiles/uart.dir/home/kwon/pico-sdk/lib/tinyusb/src/class/msc/msc_device.c.o
LOAD CMakeFiles/uart.dir/home/kwon/pico-sdk/lib/tinyusb/src/class/net/ecm_rndis_device.c.o
LOAD CMakeFiles/uart.dir/home/kwon/pico-sdk/lib/tinyusb/src/class/net/ncm_device.c.o
LOAD CMakeFiles/uart.dir/home/kwon/pico-sdk/lib/tinyusb/src/class/usbtmc/usbtmc_device.c.o
LOAD CMakeFiles/uart.dir/home/kwon/pico-sdk/lib/tinyusb/src/class/vendor/vendor_device.c.o
LOAD CMakeFiles/uart.dir/home/kwon/pico-sdk/lib/tinyusb/src/class/video/video_device.c.o
LOAD CMakeFiles/uart.dir/home/kwon/pico-sdk/lib/tinyusb/src/tusb.c.o
LOAD CMakeFiles/uart.dir/home/kwon/pico-sdk/lib/tinyusb/src/common/tusb_fifo.c.o
LOAD CMakeFiles/uart.dir/home/kwon/pico-sdk/src/rp2_common/pico_fix/rp2040_usb_device_enumeration/rp2040_usb_device_enumeration.c.o
LOAD CMakeFiles/uart.dir/home/kwon/pico-sdk/src/rp2_common/hardware_i2c/i2c.c.o
LOAD pico-sdk/src/rp2040/boot_stage2/CMakeFiles/bs2_default_library.dir/bs2_default_padded_checksummed.S.o
LOAD /usr/lib/gcc/arm-none-eabi/10.3.1/../../../arm-none-eabi/lib/thumb/v6-m/nofp/libstdc++.a
LOAD /usr/lib/gcc/arm-none-eabi/10.3.1/../../../arm-none-eabi/lib/thumb/v6-m/nofp/libm.a
START GROUP
LOAD /usr/lib/gcc/arm-none-eabi/10.3.1/thumb/v6-m/nofp/libgcc.a
LOAD /usr/lib/gcc/arm-none-eabi/10.3.1/../../../arm-none-eabi/lib/thumb/v6-m/nofp/libg.a
LOAD /usr/lib/gcc/arm-none-eabi/10.3.1/../../../arm-none-eabi/lib/thumb/v6-m/nofp/libc.a
END GROUP
START GROUP
LOAD /usr/lib/gcc/arm-none-eabi/10.3.1/thumb/v6-m/nofp/libgcc.a
LOAD /usr/lib/gcc/arm-none-eabi/10.3.1/../../../arm-none-eabi/lib/thumb/v6-m/nofp/libc.a
LOAD /usr/lib/gcc/arm-none-eabi/10.3.1/../../../arm-none-eabi/lib/thumb/v6-m/nofp/libnosys.a
END GROUP
LOAD /usr/lib/gcc/arm-none-eabi/10.3.1/thumb/v6-m/nofp/crtend.o
LOAD /usr/lib/gcc/arm-none-eabi/10.3.1/thumb/v6-m/nofp/crtn.o
OUTPUT(uart.elf elf32-littlearm)
LOAD linker stubs

.ARM.attributes
                0x0000000000000000       0x28
 .ARM.attributes
                0x0000000000000000       0x1e /usr/lib/gcc/arm-none-eabi/10.3.1/thumb/v6-m/nofp/crti.o
 .ARM.attributes
                0x000000000000001e       0x2c /usr/lib/gcc/arm-none-eabi/10.3.1/thumb/v6-m/nofp/crtbegin.o
 .ARM.attributes
                0x000000000000004a       0x2c CMakeFiles/uart.dir/src/main.cpp.o
 .ARM.attributes
                0x0000000000000076       0x2c CMakeFiles/uart.dir/home/kwon/pico-sdk/src/rp2_common/hardware_gpio/gpio.c.o
 .ARM.attributes
                0x00000000000000a2       0x2c CMakeFiles/uart.dir/home/kwon/pico-sdk/src/rp2040/pico_platform/platform.c.o
 .ARM.attributes
                0x00000000000000ce       0x2c CMakeFiles/uart.dir/home/kwon/pico-sdk/src/rp2_common/pico_platform_panic/panic.c.o
 .ARM.attributes
                0x00000000000000fa       0x2c CMakeFiles/uart.dir/home/kwon/pico-sdk/src/common/hardware_claim/claim.c.o
 .ARM.attributes
                0x0000000000000126       0x2c CMakeFiles/uart.dir/home/kwon/pico-sdk/src/rp2_common/hardware_sync/sync.c.o
 .ARM.attributes
                0x0000000000000152       0x2c CMakeFiles/uart.dir/home/kwon/pico-sdk/src/rp2_common/hardware_sync_spin_lock/sync_spin_lock.c.o
 .ARM.attributes
                0x000000000000017e       0x2c CMakeFiles/uart.dir/home/kwon/pico-sdk/src/rp2_common/hardware_irq/irq.c.o
 .ARM.attributes
                0x00000000000001aa       0x22 CMakeFiles/uart.dir/home/kwon/pico-sdk/src/rp2_common/hardware_irq/irq_handler_chain.S.o
 .ARM.attributes
                0x00000000000001cc       0x2c CMakeFiles/uart.dir/home/kwon/pico-sdk/src/common/pico_sync/lock_core.c.o
 .ARM.attributes
                0x00000000000001f8       0x2c CMakeFiles/uart.dir/home/kwon/pico-sdk/src/common/pico_sync/mutex.c.o
 .ARM.attributes
                0x0000000000000224       0x2c CMakeFiles/uart.dir/home/kwon/pico-sdk/src/common/pico_sync/critical_section.c.o
 .ARM.attributes
                0x0000000000000250       0x2c CMakeFiles/uart.dir/home/kwon/pico-sdk/src/common/pico_time/time.c.o
 .ARM.attributes
                0x000000000000027c       0x2c CMakeFiles/uart.dir/home/kwon/pico-sdk/src/rp2_common/hardware_timer/timer.c.o
 .ARM.attributes
                0x00000000000002a8       0x2c CMakeFiles/uart.dir/home/kwon/pico-sdk/src/rp2_common/hardware_uart/uart.c.o
 .ARM.attributes
                0x00000000000002d4       0x2c CMakeFiles/uart.dir/home/kwon/pico-sdk/src/rp2_common/hardware_clocks/clocks.c.o
 .ARM.attributes
                0x0000000000000300       0x2c CMakeFiles/uart.dir/home/kwon/pico-sdk/src/rp2_common/hardware_pll/pll.c.o
 .ARM.attributes
                0x000000000000032c       0x2c CMakeFiles/uart.dir/home/kwon/pico-sdk/src/rp2_common/hardware_watchdog/watchdog.c.o
 .ARM.attributes
                0x0000000000000358       0x2c CMakeFiles/uart.dir/home/kwon/pico-sdk/src/rp2_common/hardware_ticks/ticks.c.o
 .ARM.attributes
                0x0000000000000384       0x2c CMakeFiles/uart.dir/home/kwon/pico-sdk/src/rp2_common/pico_bootrom/bootrom.c.o
 .ARM.attributes
                0x00000000000003b0       0x2c CMakeFiles/uart.dir/home/kwon/pico-sdk/src/rp2_common/hardware_xosc/xosc.c.o
 .ARM.attributes
                0x00000000000003dc       0x2c CMakeFiles/uart.dir/home/kwon/pico-sdk/src/rp2_common/pico_runtime/runtime.c.o
 .ARM.attributes
                0x0000000000000408       0x2c CMakeFiles/uart.dir/home/kwon/pico-sdk/src/rp2_common/pico_runtime_init/runtime_init.c.o
 .ARM.attributes
                0x0000000000000434       0x2c CMakeFiles/uart.dir/home/kwon/pico-sdk/src/rp2_common/pico_runtime_init/runtime_init_clocks.c.o
 .ARM.attributes
                0x0000000000000460       0x22 CMakeFiles/uart.dir/home/kwon/pico-sdk/src/rp2_common/pico_bit_ops/bit_ops_aeabi.S.o
 .ARM.attributes
                0x0000000000000482       0x22 CMakeFiles/uart.dir/home/kwon/pico-sdk/src/rp2_common/pico_divider/divider_hardware.S.o
 .ARM.attributes
                0x00000000000004a4       0x22 CMakeFiles/uart.dir/home/kwon/pico-sdk/src/rp2_common/pico_double/double_aeabi_rp2040.S.o
 .ARM.attributes
                0x00000000000004c6       0x2c CMakeFiles/uart.dir/home/kwon/pico-sdk/src/rp2_common/pico_double/double_init_rom_rp2040.c.o
 .ARM.attributes
                0x00000000000004f2       0x22 CMakeFiles/uart.dir/home/kwon/pico-sdk/src/rp2_common/pico_double/double_v1_rom_shim_rp2040.S.o
 .ARM.attributes
                0x0000000000000514       0x22 CMakeFiles/uart.dir/home/kwon/pico-sdk/src/rp2_common/pico_int64_ops/pico_int64_ops_aeabi.S.o
 .ARM.attributes
                0x0000000000000536       0x22 CMakeFiles/uart.dir/home/kwon/pico-sdk/src/rp2_common/pico_float/float_aeabi_rp2040.S.o
 .ARM.attributes
                0x0000000000000558       0x2c CMakeFiles/uart.dir/home/kwon/pico-sdk/src/rp2_common/pico_float/float_init_rom_rp2040.c.o
 .ARM.attributes
                0x0000000000000584       0x22 CMakeFiles/uart.dir/home/kwon/pico-sdk/src/rp2_common/pico_mem_ops/mem_ops_aeabi.S.o
 .ARM.attributes
                0x00000000000005a6       0x32 CMakeFiles/uart.dir/home/kwon/pico-sdk/src/rp2_common/pico_standard_binary_info/standard_binary_info.c.o
 .ARM.attributes
                0x00000000000005d8       0x2c CMakeFiles/uart.dir/home/kwon/pico-sdk/src/rp2_common/pico_printf/printf.c.o
 .ARM.attributes
                0x0000000000000604       0x22 CMakeFiles/uart.dir/home/kwon/pico-sdk/src/rp2_common/pico_crt0/crt0.S.o
 .ARM.attributes
                0x0000000000000626       0x2c CMakeFiles/uart.dir/home/kwon/pico-sdk/src/rp2_common/pico_clib_interface/newlib_interface.c.o
 .ARM.attributes
                0x0000000000000652       0x2c CMakeFiles/uart.dir/home/kwon/pico-sdk/src/rp2_common/pico_stdio/stdio.c.o
 .ARM.attributes
                0x000000000000067e       0x2c CMakeFiles/uart.dir/home/kwon/pico-sdk/src/rp2_common/pico_stdio_usb/reset_interface.c.o
 .ARM.attributes
                0x00000000000006aa       0x2c CMakeFiles/uart.dir/home/kwon/pico-sdk/src/rp2_common/pico_stdio_usb/stdio_usb.c.o
 .ARM.attributes
                0x00000000000006d6       0x2c CMakeFiles/uart.dir/home/kwon/pico-sdk/src/rp2_common/pico_stdio_usb/stdio_usb_descriptors.c.o
 .ARM.attributes
                0x0000000000000702       0x2c CMakeFiles/uart.dir/home/kwon/pico-sdk/src/rp2_common/pico_unique_id/unique_id.c.o
 .ARM.attributes
                0x000000000000072e       0x2c CMakeFiles/uart.dir/home/kwon/pico-sdk/src/rp2_common/hardware_flash/flash.c.o
 .ARM.attributes
                0x000000000000075a       0x2c CMakeFiles/uart.dir/home/kwon/pico-sdk/lib/tinyusb/src/portable/raspberrypi/rp2040/dcd_rp2040.c.o
 .ARM.attributes
                0x0000000000000786       0x2c CMakeFiles/uart.dir/home/kwon/pico-sdk/lib/tinyusb/src/portable/raspberrypi/rp2040/rp2040_usb.c.o
 .ARM.attributes