Archive member included to satisfy reference by file (symbol)

/usr/lib/gcc/arm-none-eabi/13.2.1/thumb/v6-m/nofp/libgcc.a(_dvmd_tls.o)
                              CMakeFiles/pico_buzzer_pwm.dir/home/kwon/pico-sdk/src/rp2_common/pico_divider/divider_hardware.S.o (__aeabi_idiv0)
/usr/lib/gcc/arm-none-eabi/13.2.1/../../../arm-none-eabi/lib/thumb/v6-m/nofp/libg.a(libc_a-calloc.o)
                              CMakeFiles/pico_buzzer_pwm.dir/home/kwon/pico-sdk/src/rp2_common/pico_malloc/malloc.c.o (calloc)
/usr/lib/gcc/arm-none-eabi/13.2.1/../../../arm-none-eabi/lib/thumb/v6-m/nofp/libg.a(libc_a-impure.o)
                              /usr/lib/gcc/arm-none-eabi/13.2.1/../../../arm-none-eabi/lib/thumb/v6-m/nofp/libg.a(libc_a-calloc.o) (_impure_ptr)
/usr/lib/gcc/arm-none-eabi/13.2.1/../../../arm-none-eabi/lib/thumb/v6-m/nofp/libg.a(libc_a-callocr.o)
                              /usr/lib/gcc/arm-none-eabi/13.2.1/../../../arm-none-eabi/lib/thumb/v6-m/nofp/libg.a(libc_a-calloc.o) (_calloc_r)
/usr/lib/gcc/arm-none-eabi/13.2.1/../../../arm-none-eabi/lib/thumb/v6-m/nofp/libg.a(libc_a-realloc.o)
                              CMakeFiles/pico_buzzer_pwm.dir/home/kwon/pico-sdk/src/rp2_common/pico_malloc/malloc.c.o (realloc)
/usr/lib/gcc/arm-none-eabi/13.2.1/../../../arm-none-eabi/lib/thumb/v6-m/nofp/libg.a(libc_a-mallocr.o)
                              /usr/lib/gcc/arm-none-eabi/13.2.1/../../../arm-none-eabi/lib/thumb/v6-m/nofp/libg.a(libc_a-callocr.o) (_malloc_r)
/usr/lib/gcc/arm-none-eabi/13.2.1/../../../arm-none-eabi/lib/thumb/v6-m/nofp/libg.a(libc_a-freer.o)
                              /usr/lib/gcc/arm-none-eabi/13.2.1/../../../arm-none-eabi/lib/thumb/v6-m/nofp/libg.a(libc_a-mallocr.o) (_free_r)
/usr/lib/gcc/arm-none-eabi/13.2.1/../../../arm-none-eabi/lib/thumb/v6-m/nofp/libg.a(libc_a-memcmp.o)
                              CMakeFiles/pico_buzzer_pwm.dir/home/kwon/pico-sdk/src/rp2_common/pico_atomic/atomic.c.o (memcmp)
/usr/lib/gcc/arm-none-eabi/13.2.1/../../../arm-none-eabi/lib/thumb/v6-m/nofp/libg.a(libc_a-malloc.o)
                              CMakeFiles/pico_buzzer_pwm.dir/home/kwon/pico-sdk/src/rp2_common/pico_malloc/malloc.c.o (malloc)
/usr/lib/gcc/arm-none-eabi/13.2.1/../../../arm-none-eabi/lib/thumb/v6-m/nofp/libg.a(libc_a-sysconf.o)
                              /usr/lib/gcc/arm-none-eabi/13.2.1/../../../arm-none-eabi/lib/thumb/v6-m/nofp/libg.a(libc_a-mallocr.o) (sysconf)
/usr/lib/gcc/arm-none-eabi/13.2.1/../../../arm-none-eabi/lib/thumb/v6-m/nofp/libg.a(libc_a-init.o)
                              /usr/lib/gcc/arm-none-eabi/13.2.1/../../../arm-none-eabi/lib/thumb/v6-m/nofp/crt0.o (__libc_init_array)
/usr/lib/gcc/arm-none-eabi/13.2.1/../../../arm-none-eabi/lib/thumb/v6-m/nofp/libg.a(libc_a-reallocr.o)
                              /usr/lib/gcc/arm-none-eabi/13.2.1/../../../arm-none-eabi/lib/thumb/v6-m/nofp/libg.a(libc_a-realloc.o) (_realloc_r)
/usr/lib/gcc/arm-none-eabi/13.2.1/../../../arm-none-eabi/lib/thumb/v6-m/nofp/libg.a(libc_a-mktime.o)
                              CMakeFiles/pico_buzzer_pwm.dir/home/kwon/pico-sdk/src/common/pico_util/datetime.c.o (mktime)
/usr/lib/gcc/arm-none-eabi/13.2.1/../../../arm-none-eabi/lib/thumb/v6-m/nofp/libg.a(libc_a-mlock.o)
                              /usr/lib/gcc/arm-none-eabi/13.2.1/../../../arm-none-eabi/lib/thumb/v6-m/nofp/libg.a(libc_a-mallocr.o) (__malloc_lock)
/usr/lib/gcc/arm-none-eabi/13.2.1/../../../arm-none-eabi/lib/thumb/v6-m/nofp/libg.a(libc_a-findfp.o)
                              /usr/lib/gcc/arm-none-eabi/13.2.1/../../../arm-none-eabi/lib/thumb/v6-m/nofp/libg.a(libc_a-impure.o) (__sf)
/usr/lib/gcc/arm-none-eabi/13.2.1/../../../arm-none-eabi/lib/thumb/v6-m/nofp/libg.a(libc_a-tzlock.o)
                              /usr/lib/gcc/arm-none-eabi/13.2.1/../../../arm-none-eabi/lib/thumb/v6-m/nofp/libg.a(libc_a-mktime.o) (__tz_lock)
/usr/lib/gcc/arm-none-eabi/13.2.1/../../../arm-none-eabi/lib/thumb/v6-m/nofp/libg.a(libc_a-atexit.o)
                              /usr/lib/gcc/arm-none-eabi/13.2.1/../../../arm-none-eabi/lib/thumb/v6-m/nofp/crt0.o (atexit)
/usr/lib/gcc/arm-none-eabi/13.2.1/../../../arm-none-eabi/lib/thumb/v6-m/nofp/libg.a(libc_a-lcltime_r.o)
                              CMakeFiles/pico_buzzer_pwm.dir/home/kwon/pico-sdk/src/common/pico_util/datetime.c.o (localtime_r)
/usr/lib/gcc/arm-none-eabi/13.2.1/../../../arm-none-eabi/lib/thumb/v6-m/nofp/libg.a(libc_a-strlen-stub.o)
                              CMakeFiles/pico_buzzer_pwm.dir/home/kwon/pico-sdk/src/rp2_common/pico_stdio/stdio.c.o (strlen)
/usr/lib/gcc/arm-none-eabi/13.2.1/../../../arm-none-eabi/lib/thumb/v6-m/nofp/libg.a(libc_a-sbrkr.o)
                              /usr/lib/gcc/arm-none-eabi/13.2.1/../../../arm-none-eabi/lib/thumb/v6-m/nofp/libg.a(libc_a-mallocr.o) (_sbrk_r)
/usr/lib/gcc/arm-none-eabi/13.2.1/../../../arm-none-eabi/lib/thumb/v6-m/nofp/libg.a(libc_a-fini.o)
[...]
Memory Configuration

Name             Origin             Length             Attributes
FLASH            0x10000000         0x00200000         xr
RAM              0x20000000         0x00040000         xrw
SCRATCH_X        0x20040000         0x00001000         xrw
SCRATCH_Y        0x20041000         0x00001000         xrw
*default*        0x00000000         0xffffffff

Linker script and memory map

LOAD /usr/lib/gcc/arm-none-eabi/13.2.1/thumb/v6-m/nofp/crti.o
LOAD /usr/lib/gcc/arm-none-eabi/13.2.1/thumb/v6-m/nofp/crtbegin.o
LOAD /usr/lib/gcc/arm-none-eabi/13.2.1/../../../arm-none-eabi/lib/thumb/v6-m/nofp/crt0.o

.flash_begin    0x10000000        0x0
                0x10000000                        __flash_binary_start = .

.boot2          0x10000000      0x100
                0x10000000                        __boot2_start__ = .
 *(.boot2)
 .boot2         0x10000000      0x100 pico-sdk/src/rp2040/boot_stage2/CMakeFiles/bs2_default_library.dir/bs2_default_padded_checksummed.S.o
                0x10000100                        __boot2_end__ = .
                0x00000001                        ASSERT (((__boot2_end__ - __boot2_start__) == 0x100), ERROR: Pico second stage bootloader must be 256 bytes in size)

.text           0x10000100     0x6ce0
                0x10000100                        __logical_binary_start = .
 *(.vectors)
 .vectors       0x10000100       0xd4 CMakeFiles/pico_buzzer_pwm.dir/home/kwon/pico-sdk/src/rp2_common/pico_crt0/crt0.S.o
                0x10000100                __vectors
                0x10000100                __VECTOR_TABLE
                0x100001c0                isr_irq30
                0x100001c0                __unhandled_user_irq
                0x100001c0                isr_irq13
                0x100001c0                isr_irq27
                0x100001c0                isr_irq31
                0x100001c0                isr_irq5
                0x100001c0                isr_irq11
                0x100001c0                isr_irq23
                0x100001c0                isr_irq18
                0x100001c0                isr_irq28
                0x100001c0                isr_irq19
                0x100001c0                isr_irq0
                0x100001c0                isr_irq6
                0x100001c0                isr_irq22
                0x100001c0                isr_irq17
                0x100001c0                isr_irq14
                0x100001c0                __vectors_end
                0x100001c0                __default_isrs_start
                0x100001c0                isr_irq2
                0x100001c0                isr_irq10
                0x100001c0                isr_irq8
                0x100001c0                isr_irq24
                0x100001c0                isr_irq1
                0x100001c0                isr_irq7
                0x100001c0                isr_irq21
                0x100001c0                isr_irq20
                0x100001c0                isr_irq15
                0x100001c0                isr_irq25
                0x100001c0                isr_irq4
                0x100001c0                isr_irq16
                0x100001c0                isr_irq29
                0x100001c0                isr_irq26
                0x100001c0                isr_irq3
                0x100001c0                isr_irq12
                0x100001c0                isr_irq9
                0x100001c6                unhandled_user_irq_num_in_r0
                0x100001c8                isr_invalid
                0x100001ca                isr_nmi
                0x100001cc                isr_hardfault
                0x100001ce                isr_svcall
                0x100001d0                isr_pendsv
                0x100001d2                isr_systick
                0x100001d4                __default_isrs_end
 *(.binary_info_header)
 .binary_info_header
                0x100001d4       0x14 CMakeFiles/pico_buzzer_pwm.dir/home/kwon/pico-sdk/src/rp2_common/pico_crt0/crt0.S.o
                0x100001e8                        __binary_info_header_end = .
 *(.embedded_block)
                0x100001e8                        __embedded_block_end = .
 *(.reset)
 .reset         0x100001e8       0x9c CMakeFiles/pico_buzzer_pwm.dir/home/kwon/pico-sdk/src/rp2_common/pico_crt0/crt0.S.o
                0x100001e8                _entry_point
 *(.init)
 .init          0x10000284        0x4 /usr/lib/gcc/arm-none-eabi/13.2.1/thumb/v6-m/nofp/crti.o
                0x10000284                _init
 *(EXCLUDE_FILE(*libm.a: *libc.a:*lib_a-mem*.o *libgcc.a:) .text*)
 .text          0x10000288       0x98 /usr/lib/gcc/arm-none-eabi/13.2.1/thumb/v6-m/nofp/crtbegin.o
 .text._ZL12pwm_set_tonef
                0x10000320      0x2bc CMakeFiles/pico_buzzer_pwm.dir/src/main.cpp.o
 .text.startup.main
                0x100005dc      0x20c CMakeFiles/pico_buzzer_pwm.dir/src/main.cpp.o
                0x100005dc                main
 .text.gpio_set_function
                0x100007e8       0x34 CMakeFiles/pico_buzzer_pwm.dir/home/kwon/pico-sdk/src/rp2_common/hardware_gpio/gpio.c.o
                0x100007e8                gpio_set_function
 .text.gpio_set_pulls
                0x1000081c       0x28 CMakeFiles/pico_buzzer_pwm.dir/home/kwon/pico-sdk/src/rp2_common/hardware_gpio/gpio.c.o
                0x1000081c                gpio_set_pulls
 .text.rp2040_chip_version
                0x10000844        0xc CMakeFiles/pico_buzzer_pwm.dir/home/kwon/pico-sdk/src/rp2040/pico_platform/platform.c.o
                0x10000844                rp2040_chip_version
 .text.panic    0x10000850       0x30 CMakeFiles/pico_buzzer_pwm.dir/home/kwon/pico-sdk/src/rp2_common/pico_platform_panic/panic.c.o
                0x10000850                panic
 .text.hw_claim_or_assert
                0x10000880       0x44 CMakeFiles/pico_buzzer_pwm.dir/home/kwon/pico-sdk/src/common/hardware_claim/claim.c.o
                0x10000880                hw_claim_or_assert
 .text.hw_claim_unused_from_range
                0x100008c4       0x9c CMakeFiles/pico_buzzer_pwm.dir/home/kwon/pico-sdk/src/common/hardware_claim/claim.c.o
                0x100008c4                hw_claim_unused_from_range
 .text.next_striped_spin_lock_num
                0x10000960       0x18 CMakeFiles/pico_buzzer_pwm.dir/home/kwon/pico-sdk/src/rp2_common/hardware_sync/sync.c.o
                0x10000960                next_striped_spin_lock_num
 .text.spin_lock_claim_unused
                0x10000978       0x24 CMakeFiles/pico_buzzer_pwm.dir/home/kwon/pico-sdk/src/rp2_common/hardware_sync/sync.c.o
                0x10000978                spin_lock_claim_unused
 .text.spin_locks_reset
                0x1000099c       0x1c CMakeFiles/pico_buzzer_pwm.dir/home/kwon/pico-sdk/src/rp2_common/hardware_sync_spin_lock/sync_spin_lock.c.o
                0x1000099c                spin_locks_reset
 .text.runtime_init_per_core_irq_priorities
                0x100009b8       0x24 CMakeFiles/pico_buzzer_pwm.dir/home/kwon/pico-sdk/src/rp2_common/hardware_irq/irq.c.o
                0x100009b8                runtime_init_per_core_irq_priorities
 .text.irq_set_enabled
                0x100009dc       0x24 CMakeFiles/pico_buzzer_pwm.dir/home/kwon/pico-sdk/src/rp2_common/hardware_irq/irq.c.o
                0x100009dc                irq_set_enabled
 .text.irq_is_enabled
                0x10000a00       0x18 CMakeFiles/pico_buzzer_pwm.dir/home/kwon/pico-sdk/src/rp2_common/hardware_irq/irq.c.o
                0x10000a00                irq_is_enabled
 .text.irq_set_pending
                0x10000a18       0x10 CMakeFiles/pico_buzzer_pwm.dir/home/kwon/pico-sdk/src/rp2_common/hardware_irq/irq.c.o
                0x10000a18                irq_set_pending
 .text.irq_has_shared_handler
                0x10000a28       0x24 CMakeFiles/pico_buzzer_pwm.dir/home/kwon/pico-sdk/src/rp2_common/hardware_irq/irq.c.o
                0x10000a28                irq_has_shared_handler
 .text.irq_set_exclusive_handler
                0x10000a4c       0x54 CMakeFiles/pico_buzzer_pwm.dir/home/kwon/pico-sdk/src/rp2_common/hardware_irq/irq.c.o
                0x10000a4c                irq_set_exclusive_handler
 .text.irq_add_shared_handler
                0x10000aa0      0x1f4 CMakeFiles/pico_buzzer_pwm.dir/home/kwon/pico-sdk/src/rp2_common/hardware_irq/irq.c.o
                0x10000aa0                irq_add_shared_handler
 .text.irq_add_tail_to_free_list
                0x10000c94       0xb4 CMakeFiles/pico_buzzer_pwm.dir/home/kwon/pico-sdk/src/rp2_common/hardware_irq/irq.c.o
                0x10000c94                irq_add_tail_to_free_list
 .text.user_irq_claim_unused
                0x10000d48       0x2c CMakeFiles/pico_buzzer_pwm.dir/home/kwon/pico-sdk/src/rp2_common/hardware_irq/irq.c.o
                0x10000d48                user_irq_claim_unused
 .text.lock_init
                0x10000d74       0x10 CMakeFiles/pico_buzzer_pwm.dir/home/kwon/pico-sdk/src/common/pico_sync/lock_core.c.o
                0x10000d74                lock_init
 .text.runtime_init_mutex
                0x10000d84       0x50 CMakeFiles/pico_buzzer_pwm.dir/home/kwon/pico-sdk/src/common/pico_sync/mutex.c.o
                0x10000d84                runtime_init_mutex
 .text.mutex_init
                0x10000dd4       0x1c CMakeFiles/pico_buzzer_pwm.dir/home/kwon/pico-sdk/src/common/pico_sync/mutex.c.o
                0x10000dd4                mutex_init
 .text.critical_section_init
                0x10000df0       0x1c CMakeFiles/pico_buzzer_pwm.dir/home/kwon/pico-sdk/src/common/pico_sync/critical_section.c.o
                0x10000df0                critical_section_init
 .text.critical_section_init_with_lock_num
                0x10000e0c       0x14 CMakeFiles/pico_buzzer_pwm.dir/home/kwon/pico-sdk/src/common/pico_sync/critical_section.c.o
                0x10000e0c                critical_section_init_with_lock_num
 .text.sleep_until_callback
                0x10000e20       0x30 CMakeFiles/pico_buzzer_pwm.dir/home/kwon/pico-sdk/src/common/pico_time/time.c.o
 .text.alarm_pool_irq_handler
                0x10000e50      0x2fc CMakeFiles/pico_buzzer_pwm.dir/home/kwon/pico-sdk/src/common/pico_time/time.c.o
 .text.runtime_init_default_alarm_pool
                0x1000114c       0xdc CMakeFiles/pico_buzzer_pwm.dir/home/kwon/pico-sdk/src/common/pico_time/time.c.o
                0x1000114c                runtime_init_default_alarm_pool
 .text.alarm_pool_get_default
                0x10001228        0x8 CMakeFiles/pico_buzzer_pwm.dir/home/kwon/pico-sdk/src/common/pico_time/time.c.o
                0x10001228                alarm_pool_get_default
 .text.alarm_pool_add_alarm_at
                0x10001230       0xd4 CMakeFiles/pico_buzzer_pwm.dir/home/kwon/pico-sdk/src/common/pico_time/time.c.o
                0x10001230                alarm_pool_add_alarm_at
 .text.alarm_pool_add_alarm_at_force_in_context
                0x10001304       0xb0 CMakeFiles/pico_buzzer_pwm.dir/home/kwon/pico-sdk/src/common/pico_time/time.c.o
                0x10001304                alarm_pool_add_alarm_at_force_in_context
 .text.alarm_pool_cancel_alarm
                0x100013b4       0x74 CMakeFiles/pico_buzzer_pwm.dir/home/kwon/pico-sdk/src/common/pico_time/time.c.o
                0x100013b4                alarm_pool_cancel_alarm
 .text.alarm_pool_core_num
                0x10001428        0x4 CMakeFiles/pico_buzzer_pwm.dir/home/kwon/pico-sdk/src/common/pico_time/time.c.o
                0x10001428                alarm_pool_core_num
 .text.sleep_until
                0x1000142c       0xd8 CMakeFiles/pico_buzzer_pwm.dir/home/kwon/pico-sdk/src/common/pico_time/time.c.o
                0x1000142c                sleep_until
 .text.sleep_ms
                0x10001504       0x38 CMakeFiles/pico_buzzer_pwm.dir/home/kwon/pico-sdk/src/common/pico_time/time.c.o
                0x10001504                sleep_ms
 .text.best_effort_wfe_or_timeout
                0x1000153c       0xf8 CMakeFiles/pico_buzzer_pwm.dir/home/kwon/pico-sdk/src/common/pico_time/time.c.o
                0x1000153c                best_effort_wfe_or_timeout
 .text.timer_hardware_alarm_claim
                0x10001634       0x14 CMakeFiles/pico_buzzer_pwm.dir/home/kwon/pico-sdk/src/rp2_common/hardware_timer/timer.c.o
                0x10001634                timer_hardware_alarm_claim
 .text.timer_time_us_64
                0x10001648       0x10 CMakeFiles/pico_buzzer_pwm.dir/home/kwon/pico-sdk/src/rp2_common/hardware_timer/timer.c.o
                0x10001648                timer_time_us_64
 .text.time_us_64
                0x10001658       0x14 CMakeFiles/pico_buzzer_pwm.dir/home/kwon/pico-sdk/src/rp2_common/hardware_timer/timer.c.o
                0x10001658                time_us_64
 .text.busy_wait_us
                0x1000166c       0x68 CMakeFiles/pico_buzzer_pwm.dir/home/kwon/pico-sdk/src/rp2_common/hardware_timer/timer.c.o
                0x1000166c                busy_wait_us
 .text.busy_wait_until
                0x100016d4       0x20 CMakeFiles/pico_buzzer_pwm.dir/home/kwon/pico-sdk/src/rp2_common/hardware_timer/timer.c.o
                0x100016d4                busy_wait_until
 .text.uart_init
                0x100016f4      0x120 CMakeFiles/pico_buzzer_pwm.dir/home/kwon/pico-sdk/src/rp2_common/hardware_uart/uart.c.o
                0x100016f4                uart_init
 .text.uart_set_format
                0x10001814       0x78 CMakeFiles/pico_buzzer_pwm.dir/home/kwon/pico-sdk/src/rp2_common/hardware_uart/uart.c.o
                0x10001814                uart_set_format
 .text.uart_set_fifo_enabled
                0x1000188c       0x5c CMakeFiles/pico_buzzer_pwm.dir/home/kwon/pico-sdk/src/rp2_common/hardware_uart/uart.c.o
                0x1000188c                uart_set_fifo_enabled
 .text.clock_configure_int_divider
                0x100018e8       0xf4 CMakeFiles/pico_buzzer_pwm.dir/home/kwon/pico-sdk/src/rp2_common/hardware_clocks/clocks.c.o
                0x100018e8                clock_configure_int_divider
 .text.clock_configure_undivided
                0x100019dc       0xe8 CMakeFiles/pico_buzzer_pwm.dir/home/kwon/pico-sdk/src/rp2_common/hardware_clocks/clocks.c.o
                0x100019dc                clock_configure_undivided
 .text.clock_get_hz
                0x10001ac4        0xc CMakeFiles/pico_buzzer_pwm.dir/home/kwon/pico-sdk/src/rp2_common/hardware_clocks/clocks.c.o
                0x10001ac4                clock_get_hz
 .text.pll_init
                0x10001ad0       0xa4 CMakeFiles/pico_buzzer_pwm.dir/home/kwon/pico-sdk/src/rp2_common/hardware_pll/pll.c.o
                0x10001ad0                pll_init
 .text.watchdog_reboot
                0x10001b74       0x9c CMakeFiles/pico_buzzer_pwm.dir/home/kwon/pico-sdk/src/rp2_common/hardware_watchdog/watchdog.c.o
                0x10001b74                watchdog_reboot
 .text.tick_start
                0x10001c10       0x10 CMakeFiles/pico_buzzer_pwm.dir/home/kwon/pico-sdk/src/rp2_common/hardware_ticks/ticks.c.o
                0x10001c10                tick_start
 .text.rom_func_lookup
                0x10001c20       0x10 CMakeFiles/pico_buzzer_pwm.dir/home/kwon/pico-sdk/src/rp2_common/pico_bootrom/bootrom.c.o
                0x10001c20                rom_func_lookup
 .text.rom_data_lookup
                0x10001c30       0x10 CMakeFiles/pico_buzzer_pwm.dir/home/kwon/pico-sdk/src/rp2_common/pico_bootrom/bootrom.c.o
                0x10001c30                rom_data_lookup
 .text.rom_funcs_lookup
                0x10001c40       0x44 CMakeFiles/pico_buzzer_pwm.dir/home/kwon/pico-sdk/src/rp2_common/pico_bootrom/bootrom.c.o
                0x10001c40                rom_funcs_lookup
 .text.rom_reset_usb_boot_extra
                0x10001c84       0x28 CMakeFiles/pico_buzzer_pwm.dir/home/kwon/pico-sdk/src/rp2_common/pico_bootrom/bootrom.c.o
                0x10001c84                rom_reset_usb_boot_extra
 .text.xosc_init
                0x10001cac       0x28 CMakeFiles/pico_buzzer_pwm.dir/home/kwon/pico-sdk/src/rp2_common/hardware_xosc/xosc.c.o
                0x10001cac                xosc_init
 .text.first_per_core_initializer
                0x10001cd4        0x4 CMakeFiles/pico_buzzer_pwm.dir/home/kwon/pico-sdk/src/rp2_common/pico_runtime/runtime.c.o
 .text.hard_assertion_failure
                0x10001cd8        0xc CMakeFiles/pico_buzzer_pwm.dir/home/kwon/pico-sdk/src/rp2_common/pico_runtime/runtime.c.o
                0x10001cd8                hard_assertion_failure
 .text.runtime_run_initializers
                0x10001ce4       0x28 CMakeFiles/pico_buzzer_pwm.dir/home/kwon/pico-sdk/src/rp2_common/pico_runtime/runtime.c.o
                0x10001ce4                runtime_run_initializers
 .text.runtime_init_early_resets
                0x10001d0c       0x2c CMakeFiles/pico_buzzer_pwm.dir/home/kwon/pico-sdk/src/rp2_common/pico_runtime_init/runtime_init.c.o
                0x10001d0c                runtime_init_early_resets
 .text.runtime_init_usb_power_down
                0x10001d38       0x1c CMakeFiles/pico_buzzer_pwm.dir/home/kwon/pico-sdk/src/rp2_common/pico_runtime_init/runtime_init.c.o
                0x10001d38                runtime_init_usb_power_down
 .text.runtime_init_post_clock_resets
                0x10001d54       0x20 CMakeFiles/pico_buzzer_pwm.dir/home/kwon/pico-sdk/src/rp2_common/pico_runtime_init/runtime_init.c.o
                0x10001d54                runtime_init_post_clock_resets
 .text.runtime_init_rp2040_gpio_ie_disable
                0x10001d74       0x14 CMakeFiles/pico_buzzer_pwm.dir/home/kwon/pico-sdk/src/rp2_common/pico_runtime_init/runtime_init.c.o
                0x10001d74                runtime_init_rp2040_gpio_ie_disable
 .text.runtime_init_spin_locks_reset
                0x10001d88        0x8 CMakeFiles/pico_buzzer_pwm.dir/home/kwon/pico-sdk/src/rp2_common/pico_runtime_init/runtime_init.c.o
                0x10001d88                runtime_init_spin_locks_reset
 .text.runtime_init_install_ram_vector_table
                0x10001d90       0xb4 CMakeFiles/pico_buzzer_pwm.dir/home/kwon/pico-sdk/src/rp2_common/pico_runtime_init/runtime_init.c.o
                0x10001d90                runtime_init_install_ram_vector_table
 .text.runtime_init_clocks
                0x10001e44       0xd8 CMakeFiles/pico_buzzer_pwm.dir/home/kwon/pico-sdk/src/rp2_common/pico_runtime_init/runtime_init_clocks.c.o
                0x10001e44                runtime_init_clocks
 .text          0x10001f1c       0x10 CMakeFiles/pico_buzzer_pwm.dir/home/kwon/pico-sdk/src/rp2_common/pico_bit_ops/bit_ops_aeabi.S.o
 .text.__wrap___aeabi_idiv
                0x10001f2c       0x50 CMakeFiles/pico_buzzer_pwm.dir/home/kwon/pico-sdk/src/rp2_common/pico_divider/divider_hardware.S.o
                0x10001f2c                __wrap___aeabi_idivmod
                0x10001f2c                divmod_s32s32
                0x10001f2c                div_s32s32
                0x10001f2c                __wrap___aeabi_idiv
                0x10001f34                divmod_s32s32_unsafe
                0x10001f60                divmod_s32s32_savestate
 .text.__wrap___aeabi_uidiv
                0x10001f7c       0x4c CMakeFiles/pico_buzzer_pwm.dir/home/kwon/pico-sdk/src/rp2_common/pico_divider/divider_hardware.S.o
                0x10001f7c                __wrap___aeabi_uidiv
                0x10001f7c                __wrap___aeabi_uidivmod
                0x10001f7c                div_u32u32
                0x10001f7c                divmod_u32u32
                0x10001f84                divmod_u32u32_unsafe
                0x10001fac                divmod_u32u32_savestate
 .text.__wrap___aeabi_ldiv
                0x10001fc8      0x424 CMakeFiles/pico_buzzer_pwm.dir/home/kwon/pico-sdk/src/rp2_common/pico_divider/divider_hardware.S.o
                0x10001fc8                div_s64s64
                0x10001fc8                divmod_s64s64
                0x10001fc8                __wrap___aeabi_ldivmod
                0x10001ff8                div_u64u64
                0x10001ff8                divmod_u64u64
                0x10001ff8                __wrap___aeabi_uldivmod
                0x10002008                divmod_u64u64_savestate
                0x10002028                divmod_s64s64_unsafe
                0x100020b0                divmod_u64u64_unsafe
 .text.__wrap___aeabi_darithmetic
                0x100023ec       0x60 CMakeFiles/pico_buzzer_pwm.dir/home/kwon/pico-sdk/src/rp2_common/pico_double/double_aeabi_rp2040.S.o
                0x100023ec                __wrap___aeabi_drsub
                0x100023f2                __wrap___aeabi_dsub
                0x100023fc                __wrap___aeabi_dadd
                0x10002406                __wrap___aeabi_ddiv
                0x1000243a                __wrap___aeabi_dmul
 .text.__wrap___aeabi_cdcmple
                0x1000244c       0x6c CMakeFiles/pico_buzzer_pwm.dir/home/kwon/pico-sdk/src/rp2_common/pico_double/double_aeabi_rp2040.S.o
                0x1000244c                __wrap___aeabi_cdrcmple
                0x1000245c                __wrap___aeabi_cdcmple
                0x1000245c                __wrap___aeabi_cdcmpeq
 .text.__wrap___aeabi_dcmplt
                0x100024b8        0xc CMakeFiles/pico_buzzer_pwm.dir/home/kwon/pico-sdk/src/rp2_common/pico_double/double_aeabi_rp2040.S.o
                0x100024b8                __wrap___aeabi_dcmplt
 .text.__wrap___aeabi_dcmpge
                0x100024c4       0x10 CMakeFiles/pico_buzzer_pwm.dir/home/kwon/pico-sdk/src/rp2_common/pico_double/double_aeabi_rp2040.S.o
                0x100024c4                __wrap___aeabi_dcmpge
 .text.__wrap___aeabi_dcmpgt
                0x100024d4        0xa CMakeFiles/pico_buzzer_pwm.dir/home/kwon/pico-sdk/src/rp2_common/pico_double/double_aeabi_rp2040.S.o
                0x100024d4                __wrap___aeabi_dcmpgt
 .text.__wrap___aeabi_dcmpun
                0x100024de       0x18 CMakeFiles/pico_buzzer_pwm.dir/home/kwon/pico-sdk/src/rp2_common/pico_double/double_aeabi_rp2040.S.o
                0x100024de                __wrap___aeabi_dcmpun
 *fill*         0x100024f6        0x2 
 .text.__wrap___aeabi_i2d
                0x100024f8       0x38 CMakeFiles/pico_buzzer_pwm.dir/home/kwon/pico-sdk/src/rp2_common/pico_double/double_aeabi_rp2040.S.o
                0x100024f8                __wrap___aeabi_ui2d
                0x100024f8                uint2double
                0x10002500                __wrap___aeabi_i2d
                0x10002500                int2double
 .text.__wrap___aeabi_d2iz
                0x10002530       0x48 CMakeFiles/pico_buzzer_pwm.dir/home/kwon/pico-sdk/src/rp2_common/pico_double/double_aeabi_rp2040.S.o
                0x10002530                __wrap___aeabi_d2iz
                0x10002530                double2int_z
 .text.__wrap___aeabi_d2uiz
                0x10002578       0x10 CMakeFiles/pico_buzzer_pwm.dir/home/kwon/pico-sdk/src/rp2_common/pico_double/double_aeabi_rp2040.S.o
                0x10002578                double2uint_z
                0x10002578                double2uint
                0x10002578                __wrap___aeabi_d2uiz
 .text.missing_double_func_shim
                0x10002588        0xc CMakeFiles/pico_buzzer_pwm.dir/home/kwon/pico-sdk/src/rp2_common/pico_double/double_init_rom_rp2040.c.o
 .text.__aeabi_double_init
                0x10002594       0xa0 CMakeFiles/pico_buzzer_pwm.dir/home/kwon/pico-sdk/src/rp2_common/pico_double/double_init_rom_rp2040.c.o
                0x10002594                __aeabi_double_init
 .text.double_table_shim_on_use_helper
                0x10002634       0x2c CMakeFiles/pico_buzzer_pwm.dir/home/kwon/pico-sdk/src/rp2_common/pico_double/double_v1_rom_shim_rp2040.S.o
                0x10002634                double_table_shim_on_use_helper
 .text.__aeabi_lmul
                0x10002660       0x32 CMakeFiles/pico_buzzer_pwm.dir/home/kwon/pico-sdk/src/rp2_common/pico_int64_ops/pico_int64_ops_aeabi.S.o
                0x10002660                __wrap___aeabi_lmul
 *fill*         0x10002692        0x2 
 .text.__wrap___aeabi_farithmetic
                0x10002694       0x48 CMakeFiles/pico_buzzer_pwm.dir/home/kwon/pico-sdk/src/rp2_common/pico_float/float_aeabi_rp2040.S.o
                0x10002694                __wrap___aeabi_frsub
                0x1000269a                __wrap___aeabi_fsub
                0x100026a0                __wrap___aeabi_fadd
                0x100026a6                __wrap___aeabi_fdiv
                0x100026ce                __wrap___aeabi_fmul
 .text.__wrap___aeabi_cfcmple
                0x100026dc       0x50 CMakeFiles/pico_buzzer_pwm.dir/home/kwon/pico-sdk/src/rp2_common/pico_float/float_aeabi_rp2040.S.o
                0x100026dc                __wrap___aeabi_cfrcmple
                0x100026e8                __wrap___aeabi_cfcmpeq
                0x100026e8                __wrap___aeabi_cfcmple
 .text.__wrap___aeabi_fcmple
                0x1000272c       0x10 CMakeFiles/pico_buzzer_pwm.dir/home/kwon/pico-sdk/src/rp2_common/pico_float/float_aeabi_rp2040.S.o
                0x1000272c                __wrap___aeabi_fcmple
 .text.__wrap___aeabi_ui2f
                0x1000273c        0xa CMakeFiles/pico_buzzer_pwm.dir/home/kwon/pico-sdk/src/rp2_common/pico_float/float_aeabi_rp2040.S.o
                0x1000273c                uint2float
                0x1000273c                __wrap___aeabi_ui2f
 *fill*         0x10002746        0x2 
 .text.__wrap___aeabi_i2f
                0x10002748       0x44 CMakeFiles/pico_buzzer_pwm.dir/home/kwon/pico-sdk/src/rp2_common/pico_float/float_aeabi_rp2040.S.o
                0x10002748                int2float
                0x10002748                __wrap___aeabi_i2f
 .text.__wrap___aeabi_f2uiz
                0x1000278c        0xc CMakeFiles/pico_buzzer_pwm.dir/home/kwon/pico-sdk/src/rp2_common/pico_float/float_aeabi_rp2040.S.o
                0x1000278c                float2uint
                0x1000278c                float2uint_z
                0x1000278c                __wrap___aeabi_f2uiz
 .text.__wrap___aeabi_f2d
                0x10002798        0xc CMakeFiles/pico_buzzer_pwm.dir/home/kwon/pico-sdk/src/rp2_common/pico_float/float_aeabi_rp2040.S.o
                0x10002798                __wrap___aeabi_f2d
 .text.missing_float_func_shim
                0x100027a4        0xc CMakeFiles/pico_buzzer_pwm.dir/home/kwon/pico-sdk/src/rp2_common/pico_float/float_init_rom_rp2040.c.o
 .text.__aeabi_float_init
                0x100027b0       0x5c CMakeFiles/pico_buzzer_pwm.dir/home/kwon/pico-sdk/src/rp2_common/pico_float/float_init_rom_rp2040.c.o
                0x100027b0                __aeabi_float_init
 .text          0x1000280c       0x10 CMakeFiles/pico_buzzer_pwm.dir/home/kwon/pico-sdk/src/rp2_common/pico_mem_ops/mem_ops_aeabi.S.o
                0x1000280c                __aeabi_mem_init
 .text.memset   0x1000281c        0xc CMakeFiles/pico_buzzer_pwm.dir/home/kwon/pico-sdk/src/rp2_common/pico_mem_ops/mem_ops_aeabi.S.o
                0x1000281c                __wrap_memset
 .text.memcpy   0x10002828        0xc CMakeFiles/pico_buzzer_pwm.dir/home/kwon/pico-sdk/src/rp2_common/pico_mem_ops/mem_ops_aeabi.S.o
                0x10002828                __wrap___aeabi_memcpy
                0x10002828                __wrap_memcpy
 .text._out_null
                0x10002834        0x4 CMakeFiles/pico_buzzer_pwm.dir/home/kwon/pico-sdk/src/rp2_common/pico_printf/printf.c.o
 .text._out_rev
                0x10002838       0xac CMakeFiles/pico_buzzer_pwm.dir/home/kwon/pico-sdk/src/rp2_common/pico_printf/printf.c.o
 .text._ntoa_format
                0x100028e4      0x250 CMakeFiles/pico_buzzer_pwm.dir/home/kwon/pico-sdk/src/rp2_common/pico_printf/printf.c.o
 .text._out_char
                0x10002b34       0x10 CMakeFiles/pico_buzzer_pwm.dir/home/kwon/pico-sdk/src/rp2_common/pico_printf/printf.c.o
 .text._out_fct
                0x10002b44       0x10 CMakeFiles/pico_buzzer_pwm.dir/home/kwon/pico-sdk/src/rp2_common/pico_printf/printf.c.o
 .text._etoa    0x10002b54      0x464 CMakeFiles/pico_buzzer_pwm.dir/home/kwon/pico-sdk/src/rp2_common/pico_printf/printf.c.o
 .text._ftoa    0x10002fb8      0x3c0 CMakeFiles/pico_buzzer_pwm.dir/home/kwon/pico-sdk/src/rp2_common/pico_printf/printf.c.o
 .text._vsnprintf
                0x10003378      0xbc8 CMakeFiles/pico_buzzer_pwm.dir/home/kwon/pico-sdk/src/rp2_common/pico_printf/printf.c.o
 .text.vfctprintf
                0x10003f40       0x20 CMakeFiles/pico_buzzer_pwm.dir/home/kwon/pico-sdk/src/rp2_common/pico_printf/printf.c.o
                0x10003f40                vfctprintf
 .text.weak_raw_vprintf
                0x10003f60       0x30 CMakeFiles/pico_buzzer_pwm.dir/home/kwon/pico-sdk/src/rp2_common/pico_printf/printf.c.o
                0x10003f60                weak_raw_vprintf
 .text._exit    0x10003f90        0x4 CMakeFiles/pico_buzzer_pwm.dir/home/kwon/pico-sdk/src/rp2_common/pico_clib_interface/newlib_interface.c.o
                0x10003f90                _exit
 .text.exit     0x10003f94        0x8 CMakeFiles/pico_buzzer_pwm.dir/home/kwon/pico-sdk/src/rp2_common/pico_clib_interface/newlib_interface.c.o
                0x10003f94                exit
 .text.runtime_init
                0x10003f9c       0x2c CMakeFiles/pico_buzzer_pwm.dir/home/kwon/pico-sdk/src/rp2_common/pico_clib_interface/newlib_interface.c.o
                0x10003f9c                runtime_init
 .text.stdio_out_chars_no_crlf
                0x10003fc8       0x10 CMakeFiles/pico_buzzer_pwm.dir/home/kwon/pico-sdk/src/rp2_common/pico_stdio/stdio.c.o
 .text.stdio_out_chars_crlf
                0x10003fd8       0x94 CMakeFiles/pico_buzzer_pwm.dir/home/kwon/pico-sdk/src/rp2_common/pico_stdio/stdio.c.o
 .text.stdio_buffered_printer
                0x1000406c       0x64 CMakeFiles/pico_buzzer_pwm.dir/home/kwon/pico-sdk/src/rp2_common/pico_stdio/stdio.c.o
 .text.stdio_put_string
                0x100040d0      0x100 CMakeFiles/pico_buzzer_pwm.dir/home/kwon/pico-sdk/src/rp2_common/pico_stdio/stdio.c.o
                0x100040d0                stdio_put_string
 .text.stdio_set_driver_enabled
                0x100041d0       0x30 CMakeFiles/pico_buzzer_pwm.dir/home/kwon/pico-sdk/src/rp2_common/pico_stdio/stdio.c.o
                0x100041d0                stdio_set_driver_enabled
 .text.stdio_init_all
                0x10004200        0x8 CMakeFiles/pico_buzzer_pwm.dir/home/kwon/pico-sdk/src/rp2_common/pico_stdio/stdio.c.o
                0x10004200                stdio_init_all
 .text.__wrap_putchar
                0x10004208       0x98 CMakeFiles/pico_buzzer_pwm.dir/home/kwon/pico-sdk/src/rp2_common/pico_stdio/stdio.c.o
                0x10004208                stdio_putchar
                0x10004208                __wrap_putchar
 .text.__wrap_puts
                0x100042a0       0x3c CMakeFiles/pico_buzzer_pwm.dir/home/kwon/pico-sdk/src/rp2_common/pico_stdio/stdio.c.o
                0x100042a0                __wrap_puts
                0x100042a0                stdio_puts
 .text.__wrap_vprintf
                0x100042dc       0xd4 CMakeFiles/pico_buzzer_pwm.dir/home/kwon/pico-sdk/src/rp2_common/pico_stdio/stdio.c.o
                0x100042dc                __wrap_vprintf
                0x100042dc                stdio_vprintf
 .text.__wrap_printf
                0x100043b0       0x18 CMakeFiles/pico_buzzer_pwm.dir/home/kwon/pico-sdk/src/rp2_common/pico_stdio/stdio.c.o
                0x100043b0                stdio_printf
                0x100043b0                __wrap_printf
 .text.resetd_init
                0x100043c8        0x4 CMakeFiles/pico_buzzer_pwm.dir/home/kwon/pico-sdk/src/rp2_common/pico_stdio_usb/reset_interface.c.o
 .text.resetd_reset
                0x100043cc        0xc CMakeFiles/pico_buzzer_pwm.dir/home/kwon/pico-sdk/src/rp2_common/pico_stdio_usb/reset_interface.c.o
 .text.resetd_open
                0x100043d8       0x28 CMakeFiles/pico_buzzer_pwm.dir/home/kwon/pico-sdk/src/rp2_common/pico_stdio_usb/reset_interface.c.o
 .text.resetd_xfer_cb
                0x10004400        0x4 CMakeFiles/pico_buzzer_pwm.dir/home/kwon/pico-sdk/src/rp2_common/pico_stdio_usb/reset_interface.c.o
 .text.resetd_control_xfer_cb
                0x10004404       0x5c CMakeFiles/pico_buzzer_pwm.dir/home/kwon/pico-sdk/src/rp2_common/pico_stdio_usb/reset_interface.c.o
 .text.tud_descriptor_bos_cb
                0x10004460        0x8 CMakeFiles/pico_buzzer_pwm.dir/home/kwon/pico-sdk/src/rp2_common/pico_stdio_usb/reset_interface.c.o
                0x10004460                tud_descriptor_bos_cb
 .text.tud_vendor_control_xfer_cb
                0x10004468       0x34 CMakeFiles/pico_buzzer_pwm.dir/home/kwon/pico-sdk/src/rp2_common/pico_stdio_usb/reset_interface.c.o
                0x10004468                tud_vendor_control_xfer_cb
 .text.usbd_app_driver_get_cb
                0x1000449c        0xc CMakeFiles/pico_buzzer_pwm.dir/home/kwon/pico-sdk/src/rp2_common/pico_stdio_usb/reset_interface.c.o
                0x1000449c                usbd_app_driver_get_cb
 .text.tud_cdc_line_coding_cb
                0x100044a8       0x2c CMakeFiles/pico_buzzer_pwm.dir/home/kwon/pico-sdk/src/rp2_common/pico_stdio_usb/reset_interface.c.o
                0x100044a8                tud_cdc_line_coding_cb
 .text.stdio_usb_set_chars_available_callback
                0x100044d4       0x14 CMakeFiles/pico_buzzer_pwm.dir/home/kwon/pico-sdk/src/rp2_common/pico_stdio_usb/stdio_usb.c.o
                0x100044d4                stdio_usb_set_chars_available_callback
 .text.usb_irq  0x100044e8       0x10 CMakeFiles/pico_buzzer_pwm.dir/home/kwon/pico-sdk/src/rp2_common/pico_stdio_usb/stdio_usb.c.o
 .text.timer_task
                0x100044f8       0x64 CMakeFiles/pico_buzzer_pwm.dir/home/kwon/pico-sdk/src/rp2_common/pico_stdio_usb/stdio_usb.c.o
 .text.stdio_usb_in_chars
                0x1000455c       0x90 CMakeFiles/pico_buzzer_pwm.dir/home/kwon/pico-sdk/src/rp2_common/pico_stdio_usb/stdio_usb.c.o
                0x1000455c                stdio_usb_in_chars
 .text.stdio_usb_out_flush
                0x100045ec       0x50 CMakeFiles/pico_buzzer_pwm.dir/home/kwon/pico-sdk/src/rp2_common/pico_stdio_usb/stdio_usb.c.o
 .text.stdio_usb_out_chars
                0x1000463c      0x104 CMakeFiles/pico_buzzer_pwm.dir/home/kwon/pico-sdk/src/rp2_common/pico_stdio_usb/stdio_usb.c.o
 .text.low_priority_worker_irq
                0x10004740       0xcc CMakeFiles/pico_buzzer_pwm.dir/home/kwon/pico-sdk/src/rp2_common/pico_stdio_usb/stdio_usb.c.o
 .text.stdio_usb_init
                0x1000480c       0xec CMakeFiles/pico_buzzer_pwm.dir/home/kwon/pico-sdk/src/rp2_common/pico_stdio_usb/stdio_usb.c.o
                0x1000480c                stdio_usb_init
 .text.tud_descriptor_device_cb
                0x100048f8        0x8 CMakeFiles/pico_buzzer_pwm.dir/home/kwon/pico-sdk/src/rp2_common/pico_stdio_usb/stdio_usb_descriptors.c.o
                0x100048f8                tud_descriptor_device_cb
 .text.tud_descriptor_configuration_cb
                0x10004900        0x8 CMakeFiles/pico_buzzer_pwm.dir/home/kwon/pico-sdk/src/rp2_common/pico_stdio_usb/stdio_usb_descriptors.c.o
                0x10004900                tud_descriptor_configuration_cb
 .text.tud_descriptor_string_cb
                0x10004908       0x78 CMakeFiles/pico_buzzer_pwm.dir/home/kwon/pico-sdk/src/rp2_common/pico_stdio_usb/stdio_usb_descriptors.c.o
                0x10004908                tud_descriptor_string_cb
 .text.startup._retrieve_unique_id_on_boot
                0x10004980       0x10 CMakeFiles/pico_buzzer_pwm.dir/home/kwon/pico-sdk/src/rp2_common/pico_unique_id/unique_id.c.o
 .text.pico_get_unique_board_id_string
                0x10004990      0x1a8 CMakeFiles/pico_buzzer_pwm.dir/home/kwon/pico-sdk/src/rp2_common/pico_unique_id/unique_id.c.o
                0x10004990                pico_get_unique_board_id_string
 .text.flash_get_unique_id
                0x10004b38       0x3c CMakeFiles/pico_buzzer_pwm.dir/home/kwon/pico-sdk/src/rp2_common/hardware_flash/flash.c.o
                0x10004b38                flash_get_unique_id
 .text.dcd_init
                0x10004b74       0x90 CMakeFiles/pico_buzzer_pwm.dir/home/kwon/pico-sdk/lib/tinyusb/src/portable/raspberrypi/rp2040/dcd_rp2040.c.o
                0x10004b74                dcd_init
 .text.dcd_int_enable
                0x10004c04        0xc CMakeFiles/pico_buzzer_pwm.dir/home/kwon/pico-sdk/lib/tinyusb/src/portable/raspberrypi/rp2040/dcd_rp2040.c.o
                0x10004c04                dcd_int_enable
 .text.dcd_set_address
                0x10004c10       0x14 CMakeFiles/pico_buzzer_pwm.dir/home/kwon/pico-sdk/lib/tinyusb/src/portable/raspberrypi/rp2040/dcd_rp2040.c.o
                0x10004c10                dcd_set_address
 .text.dcd_sof_enable
                0x10004c24       0x1c CMakeFiles/pico_buzzer_pwm.dir/home/kwon/pico-sdk/lib/tinyusb/src/portable/raspberrypi/rp2040/dcd_rp2040.c.o
                0x10004c24                dcd_sof_enable
 .text.dcd_edpt0_status_complete
                0x10004c40       0x1c CMakeFiles/pico_buzzer_pwm.dir/home/kwon/pico-sdk/lib/tinyusb/src/portable/raspberrypi/rp2040/dcd_rp2040.c.o
                0x10004c40                dcd_edpt0_status_complete
 .text.dcd_edpt_open
                0x10004c5c      0x114 CMakeFiles/pico_buzzer_pwm.dir/home/kwon/pico-sdk/lib/tinyusb/src/portable/raspberrypi/rp2040/dcd_rp2040.c.o
                0x10004c5c                dcd_edpt_open
 .text.dcd_edpt_close_all
                0x10004d70        0x8 CMakeFiles/pico_buzzer_pwm.dir/home/kwon/pico-sdk/lib/tinyusb/src/portable/raspberrypi/rp2040/dcd_rp2040.c.o
                0x10004d70                dcd_edpt_close_all
 .text.dcd_edpt_xfer
                0x10004d78       0x24 CMakeFiles/pico_buzzer_pwm.dir/home/kwon/pico-sdk/lib/tinyusb/src/portable/raspberrypi/rp2040/dcd_rp2040.c.o
                0x10004d78                dcd_edpt_xfer
 .text.dcd_edpt_stall
                0x10004d9c       0x34 CMakeFiles/pico_buzzer_pwm.dir/home/kwon/pico-sdk/lib/tinyusb/src/portable/raspberrypi/rp2040/dcd_rp2040.c.o
                0x10004d9c                dcd_edpt_stall
 .text.dcd_edpt_clear_stall
                0x10004dd0       0x30 CMakeFiles/pico_buzzer_pwm.dir/home/kwon/pico-sdk/lib/tinyusb/src/portable/raspberrypi/rp2040/dcd_rp2040.c.o
                0x10004dd0                dcd_edpt_clear_stall
 .text.rp2040_usb_init
                0x10004e00       0x40 CMakeFiles/pico_buzzer_pwm.dir/home/kwon/pico-sdk/lib/tinyusb/src/portable/raspberrypi/rp2040/rp2040_usb.c.o
                0x10004e00                rp2040_usb_init
 .text.hw_endpoint_xfer_start
                0x10004e40       0x40 CMakeFiles/pico_buzzer_pwm.dir/home/kwon/pico-sdk/lib/tinyusb/src/portable/raspberrypi/rp2040/rp2040_usb.c.o
                0x10004e40                hw_endpoint_xfer_start
 .text.tud_event_hook_cb
                0x10004e80        0x4 CMakeFiles/pico_buzzer_pwm.dir/home/kwon/pico-sdk/lib/tinyusb/src/device/usbd.c.o
                0x10004e80                tud_event_hook_cb
 .text.tud_sof_cb
                0x10004e84        0x4 CMakeFiles/pico_buzzer_pwm.dir/home/kwon/pico-sdk/lib/tinyusb/src/device/usbd.c.o
                0x10004e84                tud_sof_cb
 .text.tud_descriptor_device_qualifier_cb
                0x10004e88        0x4 CMakeFiles/pico_buzzer_pwm.dir/home/kwon/pico-sdk/lib/tinyusb/src/device/usbd.c.o
                0x10004e88                tud_descriptor_device_qualifier_cb
 .text.tud_descriptor_other_speed_configuration_cb
                0x10004e8c        0x4 CMakeFiles/pico_buzzer_pwm.dir/home/kwon/pico-sdk/lib/tinyusb/src/device/usbd.c.o
                0x10004e8c                tud_descriptor_other_speed_configuration_cb
 .text.tud_mount_cb
                0x10004e90        0x4 CMakeFiles/pico_buzzer_pwm.dir/home/kwon/pico-sdk/lib/tinyusb/src/device/usbd.c.o
                0x10004e90                tud_mount_cb
 .text.tud_umount_cb
                0x10004e94        0x4 CMakeFiles/pico_buzzer_pwm.dir/home/kwon/pico-sdk/lib/tinyusb/src/device/usbd.c.o
                0x10004e94                tud_umount_cb
 .text.tud_suspend_cb
                0x10004e98        0x4 CMakeFiles/pico_buzzer_pwm.dir/home/kwon/pico-sdk/lib/tinyusb/src/device/usbd.c.o
                0x10004e98                tud_suspend_cb
 .text.tud_resume_cb
                0x10004e9c        0x4 CMakeFiles/pico_buzzer_pwm.dir/home/kwon/pico-sdk/lib/tinyusb/src/device/usbd.c.o
                0x10004e9c                tud_resume_cb
 .text.tud_mounted
                0x10004ea0       0x10 CMakeFiles/pico_buzzer_pwm.dir/home/kwon/pico-sdk/lib/tinyusb/src/device/usbd.c.o
                0x10004ea0                tud_mounted
 .text.tud_suspended
                0x10004eb0       0x10 CMakeFiles/pico_buzzer_pwm.dir/home/kwon/pico-sdk/lib/tinyusb/src/device/usbd.c.o
                0x10004eb0                tud_suspended
 .text.tud_rhport_init
                0x10004ec0       0xfc CMakeFiles/pico_buzzer_pwm.dir/home/kwon/pico-sdk/lib/tinyusb/src/device/usbd.c.o
                0x10004ec0                tud_rhport_init
 .text.tud_task_ext
                0x10004fbc      0x800 CMakeFiles/pico_buzzer_pwm.dir/home/kwon/pico-sdk/lib/tinyusb/src/device/usbd.c.o
                0x10004fbc                tud_task_ext
 .text.usbd_open_edpt_pair
                0x100057bc       0x9c CMakeFiles/pico_buzzer_pwm.dir/home/kwon/pico-sdk/lib/tinyusb/src/device/usbd.c.o
                0x100057bc                usbd_open_edpt_pair
 .text.usbd_edpt_open
                0x10005858       0x34 CMakeFiles/pico_buzzer_pwm.dir/home/kwon/pico-sdk/lib/tinyusb/src/device/usbd.c.o
                0x10005858                usbd_edpt_open
 .text.usbd_edpt_claim
                0x1000588c       0x28 CMakeFiles/pico_buzzer_pwm.dir/home/kwon/pico-sdk/lib/tinyusb/src/device/usbd.c.o
                0x1000588c                usbd_edpt_claim
 .text.usbd_edpt_release
                0x100058b4       0x28 CMakeFiles/pico_buzzer_pwm.dir/home/kwon/pico-sdk/lib/tinyusb/src/device/usbd.c.o
                0x100058b4                usbd_edpt_release
 .text.usbd_edpt_xfer
                0x100058dc       0x4c CMakeFiles/pico_buzzer_pwm.dir/home/kwon/pico-sdk/lib/tinyusb/src/device/usbd.c.o
                0x100058dc                usbd_edpt_xfer
 .text.tud_control_status
                0x10005928       0x2c CMakeFiles/pico_buzzer_pwm.dir/home/kwon/pico-sdk/lib/tinyusb/src/device/usbd_control.c.o
                0x10005928                tud_control_status
 .text.tud_control_xfer
                0x10005954       0xac CMakeFiles/pico_buzzer_pwm.dir/home/kwon/pico-sdk/lib/tinyusb/src/device/usbd_control.c.o
                0x10005954                tud_control_xfer
 .text.usbd_control_reset
                0x10005a00       0x14 CMakeFiles/pico_buzzer_pwm.dir/home/kwon/pico-sdk/lib/tinyusb/src/device/usbd_control.c.o
                0x10005a00                usbd_control_reset
 .text.usbd_control_set_complete_callback
                0x10005a14        0xc CMakeFiles/pico_buzzer_pwm.dir/home/kwon/pico-sdk/lib/tinyusb/src/device/usbd_control.c.o
                0x10005a14                usbd_control_set_complete_callback
 .text.usbd_control_set_request
                0x10005a20       0x1c CMakeFiles/pico_buzzer_pwm.dir/home/kwon/pico-sdk/lib/tinyusb/src/device/usbd_control.c.o
                0x10005a20                usbd_control_set_request
 .text.usbd_control_xfer_cb
                0x10005a3c       0xec CMakeFiles/pico_buzzer_pwm.dir/home/kwon/pico-sdk/lib/tinyusb/src/device/usbd_control.c.o
                0x10005a3c                usbd_control_xfer_cb
 .text._prep_out_transaction.isra.0
                0x10005b28       0x6c CMakeFiles/pico_buzzer_pwm.dir/home/kwon/pico-sdk/lib/tinyusb/src/class/cdc/cdc_device.c.o
 .text.tud_cdc_n_connected
                0x10005b94       0x2c CMakeFiles/pico_buzzer_pwm.dir/home/kwon/pico-sdk/lib/tinyusb/src/class/cdc/cdc_device.c.o
                0x10005b94                tud_cdc_n_connected
 .text.tud_cdc_n_available
                0x10005bc0       0x14 CMakeFiles/pico_buzzer_pwm.dir/home/kwon/pico-sdk/lib/tinyusb/src/class/cdc/cdc_device.c.o
                0x10005bc0                tud_cdc_n_available
 .text.tud_cdc_n_read
                0x10005bd4       0x94 CMakeFiles/pico_buzzer_pwm.dir/home/kwon/pico-sdk/lib/tinyusb/src/class/cdc/cdc_device.c.o
                0x10005bd4                tud_cdc_n_read
 .text.tud_cdc_n_write_flush
                0x10005c68       0x74 CMakeFiles/pico_buzzer_pwm.dir/home/kwon/pico-sdk/lib/tinyusb/src/class/cdc/cdc_device.c.o
                0x10005c68                tud_cdc_n_write_flush
 .text.tud_cdc_n_write
                0x10005cdc       0x40 CMakeFiles/pico_buzzer_pwm.dir/home/kwon/pico-sdk/lib/tinyusb/src/class/cdc/cdc_device.c.o
                0x10005cdc                tud_cdc_n_write
 .text.tud_cdc_n_write_available
                0x10005d1c       0x14 CMakeFiles/pico_buzzer_pwm.dir/home/kwon/pico-sdk/lib/tinyusb/src/class/cdc/cdc_device.c.o
                0x10005d1c                tud_cdc_n_write_available
 .text.cdcd_init
                0x10005d30       0x70 CMakeFiles/pico_buzzer_pwm.dir/home/kwon/pico-sdk/lib/tinyusb/src/class/cdc/cdc_device.c.o
                0x10005d30                cdcd_init
 .text.cdcd_deinit
                0x10005da0       0x34 CMakeFiles/pico_buzzer_pwm.dir/home/kwon/pico-sdk/lib/tinyusb/src/class/cdc/cdc_device.c.o
                0x10005da0                cdcd_deinit
 .text.cdcd_reset
                0x10005dd4       0x4c CMakeFiles/pico_buzzer_pwm.dir/home/kwon/pico-sdk/lib/tinyusb/src/class/cdc/cdc_device.c.o
                0x10005dd4                cdcd_reset
 .text.cdcd_open
                0x10005e20       0xa8 CMakeFiles/pico_buzzer_pwm.dir/home/kwon/pico-sdk/lib/tinyusb/src/class/cdc/cdc_device.c.o
                0x10005e20                cdcd_open
 .text.cdcd_control_xfer_cb
                0x10005ec8       0xe8 CMakeFiles/pico_buzzer_pwm.dir/home/kwon/pico-sdk/lib/tinyusb/src/class/cdc/cdc_device.c.o
                0x10005ec8                cdcd_control_xfer_cb
 .text.cdcd_xfer_cb
                0x10005fb0      0x100 CMakeFiles/pico_buzzer_pwm.dir/home/kwon/pico-sdk/lib/tinyusb/src/class/cdc/cdc_device.c.o
                0x10005fb0                cdcd_xfer_cb
 .text.vendord_init
                0x100060b0       0x5c CMakeFiles/pico_buzzer_pwm.dir/home/kwon/pico-sdk/lib/tinyusb/src/class/vendor/vendor_device.c.o
                0x100060b0                vendord_init
 .text.vendord_deinit
                0x1000610c       0x1c CMakeFiles/pico_buzzer_pwm.dir/home/kwon/pico-sdk/lib/tinyusb/src/class/vendor/vendor_device.c.o
                0x1000610c                vendord_deinit
 .text.vendord_reset
                0x10006128       0x28 CMakeFiles/pico_buzzer_pwm.dir/home/kwon/pico-sdk/lib/tinyusb/src/class/vendor/vendor_device.c.o
                0x10006128                vendord_reset
 .text.vendord_open
                0x10006150      0x128 CMakeFiles/pico_buzzer_pwm.dir/home/kwon/pico-sdk/lib/tinyusb/src/class/vendor/vendor_device.c.o
                0x10006150                vendord_open
 .text.vendord_xfer_cb
                0x10006278       0x9c CMakeFiles/pico_buzzer_pwm.dir/home/kwon/pico-sdk/lib/tinyusb/src/class/vendor/vendor_device.c.o
                0x10006278                vendord_xfer_cb
 .text.tusb_rhport_init
                0x10006314       0x48 CMakeFiles/pico_buzzer_pwm.dir/home/kwon/pico-sdk/lib/tinyusb/src/tusb.c.o
                0x10006314                tusb_rhport_init
 .text.tu_edpt_claim
                0x1000635c       0x50 CMakeFiles/pico_buzzer_pwm.dir/home/kwon/pico-sdk/lib/tinyusb/src/tusb.c.o
                0x1000635c                tu_edpt_claim
 .text.tu_edpt_release
                0x100063ac       0x38 CMakeFiles/pico_buzzer_pwm.dir/home/kwon/pico-sdk/lib/tinyusb/src/tusb.c.o
                0x100063ac                tu_edpt_release
 .text.tu_edpt_validate
                0x100063e4       0x7c CMakeFiles/pico_buzzer_pwm.dir/home/kwon/pico-sdk/lib/tinyusb/src/tusb.c.o
                0x100063e4                tu_edpt_validate
 .text.tu_edpt_bind_driver
                0x10006460       0x34 CMakeFiles/pico_buzzer_pwm.dir/home/kwon/pico-sdk/lib/tinyusb/src/tusb.c.o
                0x10006460                tu_edpt_bind_driver
 .text.tu_edpt_stream_init
                0x10006494       0x6c CMakeFiles/pico_buzzer_pwm.dir/home/kwon/pico-sdk/lib/tinyusb/src/tusb.c.o
                0x10006494                tu_edpt_stream_init
 .text.tu_edpt_stream_deinit
                0x10006500        0x4 CMakeFiles/pico_buzzer_pwm.dir/home/kwon/pico-sdk/lib/tinyusb/src/tusb.c.o
                0x10006500                tu_edpt_stream_deinit
 .text.tu_edpt_stream_write_zlp_if_needed
                0x10006504       0x68 CMakeFiles/pico_buzzer_pwm.dir/home/kwon/pico-sdk/lib/tinyusb/src/tusb.c.o
                0x10006504                tu_edpt_stream_write_zlp_if_needed
 .text.tu_edpt_stream_write_xfer
                0x1000656c       0x64 CMakeFiles/pico_buzzer_pwm.dir/home/kwon/pico-sdk/lib/tinyusb/src/tusb.c.o
                0x1000656c                tu_edpt_stream_write_xfer
 .text.tu_edpt_stream_read_xfer
                0x100065d0       0xdc CMakeFiles/pico_buzzer_pwm.dir/home/kwon/pico-sdk/lib/tinyusb/src/tusb.c.o
                0x100065d0                tu_edpt_stream_read_xfer
 .text.tu_fifo_config
                0x100066ac       0x6c CMakeFiles/pico_buzzer_pwm.dir/home/kwon/pico-sdk/lib/tinyusb/src/common/tusb_fifo.c.o
                0x100066ac                tu_fifo_config
 .text.tu_fifo_count
                0x10006718       0x2c CMakeFiles/pico_buzzer_pwm.dir/home/kwon/pico-sdk/lib/tinyusb/src/common/tusb_fifo.c.o
                0x10006718                tu_fifo_count
 .text.tu_fifo_empty
                0x10006744       0x10 CMakeFiles/pico_buzzer_pwm.dir/home/kwon/pico-sdk/lib/tinyusb/src/common/tusb_fifo.c.o
                0x10006744                tu_fifo_empty
 .text.tu_fifo_remaining
                0x10006754       0x2c CMakeFiles/pico_buzzer_pwm.dir/home/kwon/pico-sdk/lib/tinyusb/src/common/tusb_fifo.c.o
                0x10006754                tu_fifo_remaining
 .text.tu_fifo_read
                0x10006780       0x9c CMakeFiles/pico_buzzer_pwm.dir/home/kwon/pico-sdk/lib/tinyusb/src/common/tusb_fifo.c.o
                0x10006780                tu_fifo_read
 .text.tu_fifo_read_n
                0x1000681c       0xe8 CMakeFiles/pico_buzzer_pwm.dir/home/kwon/pico-sdk/lib/tinyusb/src/common/tusb_fifo.c.o
                0x1000681c                tu_fifo_read_n
 .text.tu_fifo_write
                0x10006904       0xa8 CMakeFiles/pico_buzzer_pwm.dir/home/kwon/pico-sdk/lib/tinyusb/src/common/tusb_fifo.c.o
                0x10006904                tu_fifo_write
 .text.tu_fifo_write_n
                0x100069ac      0x178 CMakeFiles/pico_buzzer_pwm.dir/home/kwon/pico-sdk/lib/tinyusb/src/common/tusb_fifo.c.o
                0x100069ac                tu_fifo_write_n
 .text.tu_fifo_clear
                0x10006b24       0x40 CMakeFiles/pico_buzzer_pwm.dir/home/kwon/pico-sdk/lib/tinyusb/src/common/tusb_fifo.c.o
                0x10006b24                tu_fifo_clear
 .text.tu_fifo_set_overwritable
                0x10006b64       0x48 CMakeFiles/pico_buzzer_pwm.dir/home/kwon/pico-sdk/lib/tinyusb/src/common/tusb_fifo.c.o
                0x10006b64                tu_fifo_set_overwritable
 .text          0x10006bac       0x10 /usr/lib/gcc/arm-none-eabi/13.2.1/../../../arm-none-eabi/lib/thumb/v6-m/nofp/libg.a(libc_a-atexit.o)
                0x10006bac                atexit
 .text          0x10006bbc       0x5c /usr/lib/gcc/arm-none-eabi/13.2.1/../../../arm-none-eabi/lib/thumb/v6-m/nofp/libg.a(libc_a-strlen-stub.o)
                0x10006bbc                strlen
 .text          0x10006c18       0x28 /usr/lib/gcc/arm-none-eabi/13.2.1/../../../arm-none-eabi/lib/thumb/v6-m/nofp/libg.a(libc_a-fini.o)
                0x10006c18                __libc_fini_array
 .text          0x10006c40       0x78 /usr/lib/gcc/arm-none-eabi/13.2.1/../../../arm-none-eabi/lib/thumb/v6-m/nofp/libg.a(libc_a-__atexit.o)
                0x10006c40                __register_exitproc
 .text.startup  0x10006cb8       0x18 /usr/lib/gcc/arm-none-eabi/13.2.1/../../../arm-none-eabi/lib/thumb/v6-m/nofp/libg.a(libc_a-__call_atexit.o)
 *(.fini)
 .fini          0x10006cd0        0x4 /usr/lib/gcc/arm-none-eabi/13.2.1/thumb/v6-m/nofp/crti.o
                0x10006cd0                _fini
 *fill*         0x10006cd4        0x4 
 .fini.__stub   0x10006cd8       0xc0 linker stubs
 *crtbegin.o(.ctors)
 *crtbegin?.o(.ctors)
 *(EXCLUDE_FILE(*crtend.o *crtend?.o) .ctors)
 *(SORT_BY_NAME(.ctors.*))
 *(.ctors)
 *crtbegin.o(.dtors)
 *crtbegin?.o(.dtors)
 *(EXCLUDE_FILE(*crtend.o *crtend?.o) .dtors)
 *(SORT_BY_NAME(.dtors.*))
 *(.dtors)
                0x10006d98                        . = ALIGN (0x4)
                0x10006d98                        PROVIDE (__preinit_array_start = .)
 *(SORT_BY_NAME(.preinit_array.*))
 .preinit_array.00100
                0x10006d98        0x4 CMakeFiles/pico_buzzer_pwm.dir/home/kwon/pico-sdk/src/rp2_common/pico_runtime_init/runtime_init.c.o
                0x10006d98                __pre_init_runtime_init_early_resets
 .preinit_array.00101
                0x10006d9c        0x4 CMakeFiles/pico_buzzer_pwm.dir/home/kwon/pico-sdk/src/rp2_common/pico_runtime_init/runtime_init.c.o
                0x10006d9c                __pre_init_runtime_init_usb_power_down
 .preinit_array.00275
                0x10006da0        0x4 CMakeFiles/pico_buzzer_pwm.dir/home/kwon/pico-sdk/src/rp2_common/pico_bit_ops/bit_ops_aeabi.S.o
 .preinit_array.00300
                0x10006da4        0x4 CMakeFiles/pico_buzzer_pwm.dir/home/kwon/pico-sdk/src/rp2_common/pico_mem_ops/mem_ops_aeabi.S.o
 .preinit_array.00350
                0x10006da8        0x4 CMakeFiles/pico_buzzer_pwm.dir/home/kwon/pico-sdk/src/rp2_common/pico_double/double_aeabi_rp2040.S.o
 .preinit_array.00350
                0x10006dac        0x4 CMakeFiles/pico_buzzer_pwm.dir/home/kwon/pico-sdk/src/rp2_common/pico_float/float_aeabi_rp2040.S.o
 .preinit_array.00500
                0x10006db0        0x4 CMakeFiles/pico_buzzer_pwm.dir/home/kwon/pico-sdk/src/rp2_common/pico_runtime_init/runtime_init.c.o
                0x10006db0                __pre_init_runtime_init_clocks
 .preinit_array.00600
                0x10006db4        0x4 CMakeFiles/pico_buzzer_pwm.dir/home/kwon/pico-sdk/src/rp2_common/pico_runtime_init/runtime_init.c.o
                0x10006db4                __pre_init_runtime_init_post_clock_resets
 .preinit_array.00700
                0x10006db8        0x4 CMakeFiles/pico_buzzer_pwm.dir/home/kwon/pico-sdk/src/rp2_common/pico_runtime_init/runtime_init.c.o
                0x10006db8                __pre_init_runtime_init_rp2040_gpio_ie_disable
 .preinit_array.01000
                0x10006dbc        0x4 CMakeFiles/pico_buzzer_pwm.dir/home/kwon/pico-sdk/src/rp2_common/pico_runtime_init/runtime_init.c.o
                0x10006dbc                __pre_init_runtime_init_spin_locks_reset
 .preinit_array.01100
                0x10006dc0        0x4 CMakeFiles/pico_buzzer_pwm.dir/home/kwon/pico-sdk/src/common/pico_sync/mutex.c.o
                0x10006dc0                __pre_init_runtime_init_mutex
 .preinit_array.10080
                0x10006dc4        0x4 CMakeFiles/pico_buzzer_pwm.dir/home/kwon/pico-sdk/src/rp2_common/pico_runtime_init/runtime_init.c.o
                0x10006dc4                __pre_init_runtime_init_install_ram_vector_table
 .preinit_array.11000
                0x10006dc8        0x4 CMakeFiles/pico_buzzer_pwm.dir/home/kwon/pico-sdk/src/common/pico_time/time.c.o
                0x10006dc8                __pre_init_runtime_init_default_alarm_pool
 .preinit_array.YYYYY
                0x10006dcc        0x4 CMakeFiles/pico_buzzer_pwm.dir/home/kwon/pico-sdk/src/rp2_common/pico_runtime/runtime.c.o
                0x10006dcc                __pre_init_first_per_core_initializer
 .preinit_array.ZZZZZ.01200
                0x10006dd0        0x4 CMakeFiles/pico_buzzer_pwm.dir/home/kwon/pico-sdk/src/rp2_common/hardware_irq/irq.c.o
                0x10006dd0                __pre_init_runtime_init_per_core_irq_priorities
 *(.preinit_array)
                0x10006dd4                        PROVIDE (__preinit_array_end = .)
                0x10006dd4                        . = ALIGN (0x4)
                0x10006dd4                        PROVIDE (__init_array_start = .)
 *(SORT_BY_NAME(.init_array.*))
 .init_array.00000
                0x10006dd4        0x4 /usr/lib/gcc/arm-none-eabi/13.2.1/../../../arm-none-eabi/lib/thumb/v6-m/nofp/libg.a(libc_a-__call_atexit.o)
 .init_array.01000
                0x10006dd8        0x4 CMakeFiles/pico_buzzer_pwm.dir/home/kwon/pico-sdk/src/rp2_common/pico_unique_id/unique_id.c.o
 *(.init_array)
 .init_array    0x10006ddc        0x4 /usr/lib/gcc/arm-none-eabi/13.2.1/thumb/v6-m/nofp/crtbegin.o
                0x10006de0                        PROVIDE (__init_array_end = .)
                0x10006de0                        . = ALIGN (0x4)
                0x10006de0                        PROVIDE (__fini_array_start = .)
 *(SORT_BY_NAME(.fini_array.*))
 *(.fini_array)
                0x10006de0                        PROVIDE (__fini_array_end = .)
 *(.eh_frame*)
 .eh_frame      0x10006de0        0x0 /usr/lib/gcc/arm-none-eabi/13.2.1/thumb/v6-m/nofp/crtbegin.o
                0x10006de0                        . = ALIGN (0x4)

.glue_7         0x10006de0        0x0
 .glue_7        0x10006de0        0x0 linker stubs

.glue_7t        0x10006de0        0x0
 .glue_7t       0x10006de0        0x0 linker stubs

.vfp11_veneer   0x10006de0        0x0
 .vfp11_veneer  0x10006de0        0x0 linker stubs

.v4_bx          0x10006de0        0x0
 .v4_bx         0x10006de0        0x0 linker stubs

.iplt           0x10006de0        0x0
 .iplt          0x10006de0        0x0 /usr/lib/gcc/arm-none-eabi/13.2.1/thumb/v6-m/nofp/crtbegin.o

.rodata         0x10006de0      0x794
 *(EXCLUDE_FILE(*libm.a: *libc.a:*lib_a-mem*.o *libgcc.a:) .rodata*)
 .rodata._ZL12pwm_set_tonef.str1.4
                0x10006de0      0x2d8 CMakeFiles/pico_buzzer_pwm.dir/src/main.cpp.o
                                 0x32 (size before relaxing)
 .rodata.main.str1.4
                0x100070b8      0x11c CMakeFiles/pico_buzzer_pwm.dir/src/main.cpp.o
 .rodata.main   0x100070b8       0x14 CMakeFiles/pico_buzzer_pwm.dir/src/main.cpp.o
 .rodata.panic.str1.4
                0x100070cc       0x12 CMakeFiles/pico_buzzer_pwm.dir/home/kwon/pico-sdk/src/rp2_common/pico_platform_panic/panic.c.o
 .rodata.spin_lock_claim_unused.str1.4
                0x100070cc       0x1b CMakeFiles/pico_buzzer_pwm.dir/home/kwon/pico-sdk/src/rp2_common/hardware_sync/sync.c.o
 .rodata.user_irq_claim_unused.str1.4
                0x100070cc       0x1b CMakeFiles/pico_buzzer_pwm.dir/home/kwon/pico-sdk/src/rp2_common/hardware_irq/irq.c.o
 .rodata.timer_hardware_alarm_claim.str1.4
                0x100070cc       0x22 CMakeFiles/pico_buzzer_pwm.dir/home/kwon/pico-sdk/src/rp2_common/hardware_timer/timer.c.o
 .rodata.hard_assertion_failure.str1.4
                0x100070cc        0xc CMakeFiles/pico_buzzer_pwm.dir/home/kwon/pico-sdk/src/rp2_common/pico_runtime/runtime.c.o
 .rodata.missing_double_func_shim.str1.4
                0x100070cc       0x18 CMakeFiles/pico_buzzer_pwm.dir/home/kwon/pico-sdk/src/rp2_common/pico_double/double_init_rom_rp2040.c.o
 .rodata.missing_float_func_shim.str1.4
                0x100070cc        0x1 CMakeFiles/pico_buzzer_pwm.dir/home/kwon/pico-sdk/src/rp2_common/pico_float/float_init_rom_rp2040.c.o
 .rodata.str1.4
                0x100070cc       0x44 CMakeFiles/pico_buzzer_pwm.dir/home/kwon/pico-sdk/src/rp2_common/pico_standard_binary_info/standard_binary_info.c.o
 .rodata.__bi_84
                0x100070cc        0xc CMakeFiles/pico_buzzer_pwm.dir/home/kwon/pico-sdk/src/rp2_common/pico_standard_binary_info/standard_binary_info.c.o
 .rodata.__bi_78
                0x100070d8        0xc CMakeFiles/pico_buzzer_pwm.dir/home/kwon/pico-sdk/src/rp2_common/pico_standard_binary_info/standard_binary_info.c.o
 .rodata.__bi_54
                0x100070e4        0xc CMakeFiles/pico_buzzer_pwm.dir/home/kwon/pico-sdk/src/rp2_common/pico_standard_binary_info/standard_binary_info.c.o
 .rodata.__bi_48
                0x100070f0        0xc CMakeFiles/pico_buzzer_pwm.dir/home/kwon/pico-sdk/src/rp2_common/pico_standard_binary_info/standard_binary_info.c.o
 .rodata.__bi_42
                0x100070fc        0xc CMakeFiles/pico_buzzer_pwm.dir/home/kwon/pico-sdk/src/rp2_common/pico_standard_binary_info/standard_binary_info.c.o
 .rodata.__bi_34
                0x10007108        0xc CMakeFiles/pico_buzzer_pwm.dir/home/kwon/pico-sdk/src/rp2_common/pico_standard_binary_info/standard_binary_info.c.o
 .rodata.__bi_26
                0x10007114        0xc CMakeFiles/pico_buzzer_pwm.dir/home/kwon/pico-sdk/src/rp2_common/pico_standard_binary_info/standard_binary_info.c.o
 .rodata._ftoa.str1.4
                0x10007120       0x15 CMakeFiles/pico_buzzer_pwm.dir/home/kwon/pico-sdk/src/rp2_common/pico_printf/printf.c.o
 .rodata._vsnprintf
                0x10007120      0x19c CMakeFiles/pico_buzzer_pwm.dir/home/kwon/pico-sdk/src/rp2_common/pico_printf/printf.c.o
 *fill*         0x100072bc        0x4 
 .rodata.pow10.0
                0x100072c0       0x50 CMakeFiles/pico_buzzer_pwm.dir/home/kwon/pico-sdk/src/rp2_common/pico_printf/printf.c.o
 .rodata.crlf_str.0
                0x10007310        0x2 CMakeFiles/pico_buzzer_pwm.dir/home/kwon/pico-sdk/src/rp2_common/pico_stdio/stdio.c.o
 *fill*         0x10007312        0x2 
 .rodata._resetd_driver
                0x10007314       0x20 CMakeFiles/pico_buzzer_pwm.dir/home/kwon/pico-sdk/src/rp2_common/pico_stdio_usb/reset_interface.c.o
 .rodata.desc_ms_os_20
                0x10007334       0xa6 CMakeFiles/pico_buzzer_pwm.dir/home/kwon/pico-sdk/src/rp2_common/pico_stdio_usb/reset_interface.c.o
 *fill*         0x100073da        0x2 
 .rodata.desc_bos
                0x100073dc       0x21 CMakeFiles/pico_buzzer_pwm.dir/home/kwon/pico-sdk/src/rp2_common/pico_stdio_usb/reset_interface.c.o
                0x100073dc                desc_bos
 .rodata.str1.4
                0x100073fd       0x13 CMakeFiles/pico_buzzer_pwm.dir/home/kwon/pico-sdk/src/rp2_common/pico_stdio_usb/stdio_usb.c.o
 *fill*         0x100073fd        0x3 
 .rodata.__bi_202.0
                0x10007400        0xc CMakeFiles/pico_buzzer_pwm.dir/home/kwon/pico-sdk/src/rp2_common/pico_stdio_usb/stdio_usb.c.o
 .rodata.str1.4
                0x1000740c       0x2a CMakeFiles/pico_buzzer_pwm.dir/home/kwon/pico-sdk/src/rp2_common/pico_stdio_usb/stdio_usb_descriptors.c.o
 .rodata.usbd_desc_str
                0x1000740c       0x18 CMakeFiles/pico_buzzer_pwm.dir/home/kwon/pico-sdk/src/rp2_common/pico_stdio_usb/stdio_usb_descriptors.c.o
 .rodata.usbd_desc_cfg
                0x10007424       0x54 CMakeFiles/pico_buzzer_pwm.dir/home/kwon/pico-sdk/src/rp2_common/pico_stdio_usb/stdio_usb_descriptors.c.o
 .rodata.usbd_desc_device
                0x10007478       0x12 CMakeFiles/pico_buzzer_pwm.dir/home/kwon/pico-sdk/src/rp2_common/pico_stdio_usb/stdio_usb_descriptors.c.o
 .rodata.str1.4
                0x1000748a       0x14 CMakeFiles/pico_buzzer_pwm.dir/home/kwon/pico-sdk/lib/tinyusb/src/portable/raspberrypi/rp2040/dcd_rp2040.c.o
 .rodata.str1.4
                0x1000748a       0x48 CMakeFiles/pico_buzzer_pwm.dir/home/kwon/pico-sdk/lib/tinyusb/src/portable/raspberrypi/rp2040/rp2040_usb.c.o
 *fill*         0x1000748a        0x2 
 .rodata.tud_task_ext
                0x1000748c       0x8c CMakeFiles/pico_buzzer_pwm.dir/home/kwon/pico-sdk/lib/tinyusb/src/device/usbd.c.o
 .rodata        0x10007518       0x1c CMakeFiles/pico_buzzer_pwm.dir/home/kwon/pico-sdk/lib/tinyusb/src/device/usbd.c.o
 .rodata._usbd_driver
                0x10007534       0x40 CMakeFiles/pico_buzzer_pwm.dir/home/kwon/pico-sdk/lib/tinyusb/src/device/usbd.c.o
                0x10007574                        . = ALIGN (0x4)
 *(SORT_BY_ALIGNMENT(SORT_BY_NAME(.flashdata*)))
                0x10007574                        . = ALIGN (0x4)

.ARM.extab
 *(.ARM.extab* .gnu.linkonce.armextab.*)
                0x10007574                        __exidx_start = .

.ARM.exidx
 *(.ARM.exidx* .gnu.linkonce.armexidx.*)
                0x10007574                        __exidx_end = .
                0x10007574                        . = ALIGN (0x4)
                0x10007574                        __binary_info_start = .

.binary_info    0x10007574       0x20
 *(.binary_info.keep.*)
 .binary_info.keep.__bi_ptr84
                0x10007574        0x4 CMakeFiles/pico_buzzer_pwm.dir/home/kwon/pico-sdk/src/rp2_common/pico_standard_binary_info/standard_binary_info.c.o
 .binary_info.keep.__bi_ptr78
                0x10007578        0x4 CMakeFiles/pico_buzzer_pwm.dir/home/kwon/pico-sdk/src/rp2_common/pico_standard_binary_info/standard_binary_info.c.o
 .binary_info.keep.__bi_ptr54
                0x1000757c        0x4 CMakeFiles/pico_buzzer_pwm.dir/home/kwon/pico-sdk/src/rp2_common/pico_standard_binary_info/standard_binary_info.c.o
 .binary_info.keep.__bi_ptr48
                0x10007580        0x4 CMakeFiles/pico_buzzer_pwm.dir/home/kwon/pico-sdk/src/rp2_common/pico_standard_binary_info/standard_binary_info.c.o
 .binary_info.keep.__bi_ptr42
                0x10007584        0x4 CMakeFiles/pico_buzzer_pwm.dir/home/kwon/pico-sdk/src/rp2_common/pico_standard_binary_info/standard_binary_info.c.o
 .binary_info.keep.__bi_ptr34
                0x10007588        0x4 CMakeFiles/pico_buzzer_pwm.dir/home/kwon/pico-sdk/src/rp2_common/pico_standard_binary_info/standard_binary_info.c.o
 .binary_info.keep.__bi_ptr26
                0x1000758c        0x4 CMakeFiles/pico_buzzer_pwm.dir/home/kwon/pico-sdk/src/rp2_common/pico_standard_binary_info/standard_binary_info.c.o
 *(.binary_info.*)
 .binary_info.__bi_ptr202
                0x10007590        0x4 CMakeFiles/pico_buzzer_pwm.dir/home/kwon/pico-sdk/src/rp2_common/pico_stdio_usb/stdio_usb.c.o
                0x10007594                        __binary_info_end = .
                0x10007594                        . = ALIGN (0x4)

.ram_vector_table
                0x20000000       0xc0
 *(.ram_vector_table)
 .ram_vector_table
                0x20000000       0xc0 CMakeFiles/pico_buzzer_pwm.dir/home/kwon/pico-sdk/src/rp2_common/pico_runtime_init/runtime_init.c.o
                0x20000000                ram_vector_table

.uninitialized_data
                0x200000c0        0x0
                0x200000c0                        . = ALIGN (0x4)
 *(.uninitialized_data*)

.data           0x200000c0      0xfb0 load address 0x10007594
                0x200000c0                        __data_start__ = .
 *(vtable)
 *(.time_critical*)
 .time_critical.mutex_try_enter
                0x200000c0       0x40 CMakeFiles/pico_buzzer_pwm.dir/home/kwon/pico-sdk/src/common/pico_sync/mutex.c.o
                0x200000c0                mutex_try_enter
 .time_critical.mutex_try_enter_block_until
                0x20000100       0x9c CMakeFiles/pico_buzzer_pwm.dir/home/kwon/pico-sdk/src/common/pico_sync/mutex.c.o
                0x20000100                mutex_try_enter_block_until
 .time_critical.mutex_enter_timeout_ms
                0x2000019c       0x90 CMakeFiles/pico_buzzer_pwm.dir/home/kwon/pico-sdk/src/common/pico_sync/mutex.c.o
                0x2000019c                mutex_enter_timeout_ms
 .time_critical.mutex_exit
                0x2000022c       0x28 CMakeFiles/pico_buzzer_pwm.dir/home/kwon/pico-sdk/src/common/pico_sync/mutex.c.o
                0x2000022c                mutex_exit
 .time_critical.flash_init_boot2_copyout
                0x20000254       0x30 CMakeFiles/pico_buzzer_pwm.dir/home/kwon/pico-sdk/src/rp2_common/hardware_flash/flash.c.o
 .time_critical.flash_enable_xip_via_boot2
                0x20000284        0xc CMakeFiles/pico_buzzer_pwm.dir/home/kwon/pico-sdk/src/rp2_common/hardware_flash/flash.c.o
 .time_critical.flash_save_hardware_state
                0x20000290       0x20 CMakeFiles/pico_buzzer_pwm.dir/home/kwon/pico-sdk/src/rp2_common/hardware_flash/flash.c.o
 .time_critical.flash_restore_hardware_state
                0x200002b0       0x20 CMakeFiles/pico_buzzer_pwm.dir/home/kwon/pico-sdk/src/rp2_common/hardware_flash/flash.c.o
 .time_critical.flash_cs_force
                0x200002d0       0x38 CMakeFiles/pico_buzzer_pwm.dir/home/kwon/pico-sdk/src/rp2_common/hardware_flash/flash.c.o
 .time_critical.flash_do_cmd
                0x20000308       0xd0 CMakeFiles/pico_buzzer_pwm.dir/home/kwon/pico-sdk/src/rp2_common/hardware_flash/flash.c.o
                0x20000308                flash_do_cmd
 .time_critical.reset_non_control_endpoints
                0x200003d8       0x68 CMakeFiles/pico_buzzer_pwm.dir/home/kwon/pico-sdk/lib/tinyusb/src/portable/raspberrypi/rp2040/dcd_rp2040.c.o
 .time_critical.hw_handle_buff_status
                0x20000440       0xa0 CMakeFiles/pico_buzzer_pwm.dir/home/kwon/pico-sdk/lib/tinyusb/src/portable/raspberrypi/rp2040/dcd_rp2040.c.o
 .time_critical.dcd_rp2040_irq
                0x200004e0      0x544 CMakeFiles/pico_buzzer_pwm.dir/home/kwon/pico-sdk/lib/tinyusb/src/portable/raspberrypi/rp2040/dcd_rp2040.c.o
 .time_critical.prepare_ep_buffer
                0x20000a24       0xe0 CMakeFiles/pico_buzzer_pwm.dir/home/kwon/pico-sdk/lib/tinyusb/src/portable/raspberrypi/rp2040/rp2040_usb.c.o
 .time_critical.sync_ep_buffer
                0x20000b04       0xa8 CMakeFiles/pico_buzzer_pwm.dir/home/kwon/pico-sdk/lib/tinyusb/src/portable/raspberrypi/rp2040/rp2040_usb.c.o
 .time_critical._hw_endpoint_xfer_sync
                0x20000bac       0x28 CMakeFiles/pico_buzzer_pwm.dir/home/kwon/pico-sdk/lib/tinyusb/src/portable/raspberrypi/rp2040/rp2040_usb.c.o
 .time_critical.e15_is_bulkin_ep
                0x20000bd4       0x28 CMakeFiles/pico_buzzer_pwm.dir/home/kwon/pico-sdk/lib/tinyusb/src/portable/raspberrypi/rp2040/rp2040_usb.c.o
 .time_critical.e15_is_critical_frame_period
                0x20000bfc       0x34 CMakeFiles/pico_buzzer_pwm.dir/home/kwon/pico-sdk/lib/tinyusb/src/portable/raspberrypi/rp2040/rp2040_usb.c.o
 .time_critical.hw_endpoint_reset_transfer
                0x20000c30        0xc CMakeFiles/pico_buzzer_pwm.dir/home/kwon/pico-sdk/lib/tinyusb/src/portable/raspberrypi/rp2040/rp2040_usb.c.o
                0x20000c30                hw_endpoint_reset_transfer
 .time_critical._hw_endpoint_buffer_control_update32
                0x20000c3c       0x50 CMakeFiles/pico_buzzer_pwm.dir/home/kwon/pico-sdk/lib/tinyusb/src/portable/raspberrypi/rp2040/rp2040_usb.c.o
                0x20000c3c                _hw_endpoint_buffer_control_update32
 .time_critical.hw_endpoint_start_next_buffer
                0x20000c8c       0x6c CMakeFiles/pico_buzzer_pwm.dir/home/kwon/pico-sdk/lib/tinyusb/src/portable/raspberrypi/rp2040/rp2040_usb.c.o
                0x20000c8c                hw_endpoint_start_next_buffer
 .time_critical.hw_endpoint_xfer_continue
                0x20000cf8       0x40 CMakeFiles/pico_buzzer_pwm.dir/home/kwon/pico-sdk/lib/tinyusb/src/portable/raspberrypi/rp2040/rp2040_usb.c.o
                0x20000cf8                hw_endpoint_xfer_continue
 .time_critical.tinyusb
                0x20000d38      0x1e4 CMakeFiles/pico_buzzer_pwm.dir/home/kwon/pico-sdk/lib/tinyusb/src/device/usbd.c.o
                0x20000d38                dcd_event_handler
 *(.text*)
 .text          0x20000f1c        0x4 /usr/lib/gcc/arm-none-eabi/13.2.1/thumb/v6-m/nofp/libgcc.a(_dvmd_tls.o)
                0x20000f1c                __aeabi_ldiv0
                0x20000f1c                __aeabi_idiv0
 .text.__stub   0x20000f20       0x80 linker stubs
                0x20000fa0                        . = ALIGN (0x4)
 *(.rodata*)
                0x20000fa0                        . = ALIGN (0x4)
 *(.data*)
 .data.striped_spin_lock_num
                0x20000fa0        0x1 CMakeFiles/pico_buzzer_pwm.dir/home/kwon/pico-sdk/src/rp2_common/hardware_sync/sync.c.o
 *fill*         0x20000fa1        0x3 
 .data          0x20000fa4       0x48 CMakeFiles/pico_buzzer_pwm.dir/home/kwon/pico-sdk/src/rp2_common/hardware_irq/irq_handler_chain.S.o
                0x20000fa4                irq_handler_chain_slots
                0x20000fd4                irq_handler_chain_first_slot
                0x20000fde                irq_handler_chain_remove_tail
 .data.default_alarm_pool
                0x20000fec       0x18 CMakeFiles/pico_buzzer_pwm.dir/home/kwon/pico-sdk/src/common/pico_time/time.c.o
 *fill*         0x20001004        0xc 
 .data.aeabi_bits_funcs
                0x20001010       0x10 CMakeFiles/pico_buzzer_pwm.dir/home/kwon/pico-sdk/src/rp2_common/pico_bit_ops/bit_ops_aeabi.S.o
                0x20001010                aeabi_bits_funcs
                0x20001020                aeabi_bits_funcs_end
 .data.aeabi_mem_funcs
                0x20001020       0x10 CMakeFiles/pico_buzzer_pwm.dir/home/kwon/pico-sdk/src/rp2_common/pico_mem_ops/mem_ops_aeabi.S.o
                0x20001020                aeabi_mem_funcs
                0x20001030                aeabi_mem_funcs_end
 .data.stdio_usb
                0x20001030       0x18 CMakeFiles/pico_buzzer_pwm.dir/home/kwon/pico-sdk/src/rp2_common/pico_stdio_usb/stdio_usb.c.o
                0x20001030                stdio_usb
 .data._usbd_qdef
                0x20001048       0x1c CMakeFiles/pico_buzzer_pwm.dir/home/kwon/pico-sdk/lib/tinyusb/src/device/usbd.c.o
                0x20001048                _usbd_qdef
 .data._usbd_rhport
                0x20001064        0x1 CMakeFiles/pico_buzzer_pwm.dir/home/kwon/pico-sdk/lib/tinyusb/src/device/usbd.c.o
                0x20001068                        . = ALIGN (0x4)
 *fill*         0x20001065        0x3 
 *(.after_data.*)
                0x20001068                        . = ALIGN (0x4)
                0x20001068                        PROVIDE (__mutex_array_start = .)
 *(SORT_BY_NAME(.mutex_array.*))
 *(.mutex_array)
 .mutex_array   0x20001068        0x8 CMakeFiles/pico_buzzer_pwm.dir/home/kwon/pico-sdk/src/rp2_common/pico_stdio/stdio.c.o
                0x20001070                        PROVIDE (__mutex_array_end = .)
                0x20001070                        . = ALIGN (0x4)
 *(.jcr)
                0x20001070                        . = ALIGN (0x4)

.tm_clone_table
                0x20001070        0x0 load address 0x10008544
 .tm_clone_table
                0x20001070        0x0 /usr/lib/gcc/arm-none-eabi/13.2.1/thumb/v6-m/nofp/crtbegin.o
 .tm_clone_table
                0x20001070        0x0 /usr/lib/gcc/arm-none-eabi/13.2.1/thumb/v6-m/nofp/crtend.o

.igot.plt       0x20001070        0x0 load address 0x10008544
 .igot.plt      0x20001070        0x0 /usr/lib/gcc/arm-none-eabi/13.2.1/thumb/v6-m/nofp/crtbegin.o

.tdata          0x20001070        0x0 load address 0x10008544
                0x20001070                        . = ALIGN (0x4)
 *(.tdata .tdata.* .gnu.linkonce.td.*)
                0x20001070                        __tdata_end = .
                0x20001070                        PROVIDE (__data_end__ = .)
                0x10007594                        __etext = LOADADDR (.data)

.tbss           0x20001070        0x0 load address 0x10008544
                0x20001070                        . = ALIGN (0x4)
                0x20001070                        __bss_start__ = .
                0x20001070                        __tls_base = .
 *(.tbss .tbss.* .gnu.linkonce.tb.*)
 *(.tcommon)
                0x20001070                        __tls_end = .

.bss            0x20001070     0x10a0 load address 0x10008544
                0x20001070                        . = ALIGN (0x4)
                0x20001070                        __tbss_end = .
 *(SORT_BY_ALIGNMENT(SORT_BY_NAME(.bss*)))
 .bss.default_alarm_pool_entries
                0x20001070      0x180 CMakeFiles/pico_buzzer_pwm.dir/home/kwon/pico-sdk/src/common/pico_time/time.c.o
 .bss.last_avail_time.1
                0x200011f0        0x8 CMakeFiles/pico_buzzer_pwm.dir/home/kwon/pico-sdk/src/rp2_common/pico_stdio_usb/stdio_usb.c.o
 .bss.sd_table  0x200011f8      0x100 CMakeFiles/pico_buzzer_pwm.dir/home/kwon/pico-sdk/src/rp2_common/pico_double/double_init_rom_rp2040.c.o
                0x200011f8                sd_table
 .bss           0x200012f8       0x1c /usr/lib/gcc/arm-none-eabi/13.2.1/thumb/v6-m/nofp/crtbegin.o
 .bss           0x20001314      0x190 /usr/lib/gcc/arm-none-eabi/13.2.1/../../../arm-none-eabi/lib/thumb/v6-m/nofp/libg.a(libc_a-__atexit.o)
                0x20001314                __atexit0
 .bss           0x200014a4        0x4 /usr/lib/gcc/arm-none-eabi/13.2.1/../../../arm-none-eabi/lib/thumb/v6-m/nofp/libg.a(libc_a-__call_atexit.o)
                0x200014a4                __atexit
 .bss._ZL6g_chan
                0x200014a8        0x4 CMakeFiles/pico_buzzer_pwm.dir/src/main.cpp.o
 .bss._ZL7g_slice
                0x200014ac        0x4 CMakeFiles/pico_buzzer_pwm.dir/src/main.cpp.o
 .bss._app_driver
                0x200014b0        0x4 CMakeFiles/pico_buzzer_pwm.dir/home/kwon/pico-sdk/lib/tinyusb/src/device/usbd.c.o
 .bss._cdcd_epbuf
                0x200014b4       0x80 CMakeFiles/pico_buzzer_pwm.dir/home/kwon/pico-sdk/lib/tinyusb/src/class/cdc/cdc_device.c.o
 .bss._cdcd_fifo_cfg
                0x20001534        0x1 CMakeFiles/pico_buzzer_pwm.dir/home/kwon/pico-sdk/lib/tinyusb/src/class/cdc/cdc_device.c.o
 *fill*         0x20001535        0x3 
 .bss._cdcd_itf
                0x20001538       0xc8 CMakeFiles/pico_buzzer_pwm.dir/home/kwon/pico-sdk/lib/tinyusb/src/class/cdc/cdc_device.c.o
 .bss._ctrl_epbuf
                0x20001600       0x40 CMakeFiles/pico_buzzer_pwm.dir/home/kwon/pico-sdk/lib/tinyusb/src/device/usbd_control.c.o
 .bss._ctrl_xfer
                0x20001640       0x14 CMakeFiles/pico_buzzer_pwm.dir/home/kwon/pico-sdk/lib/tinyusb/src/device/usbd_control.c.o
 .bss._tusb_rhport_role
                0x20001654        0x2 CMakeFiles/pico_buzzer_pwm.dir/home/kwon/pico-sdk/lib/tinyusb/src/tusb.c.o
                0x20001654                _tusb_rhport_role
 *fill*         0x20001656        0x2 
 .bss._ubsd_mutexdef
                0x20001658        0x8 CMakeFiles/pico_buzzer_pwm.dir/home/kwon/pico-sdk/lib/tinyusb/src/device/usbd.c.o
 .bss._usbd_dev
                0x20001660       0x54 CMakeFiles/pico_buzzer_pwm.dir/home/kwon/pico-sdk/lib/tinyusb/src/device/usbd.c.o
 .bss._usbd_mutex
                0x200016b4        0x4 CMakeFiles/pico_buzzer_pwm.dir/home/kwon/pico-sdk/lib/tinyusb/src/device/usbd.c.o
 .bss._usbd_q   0x200016b8        0x4 CMakeFiles/pico_buzzer_pwm.dir/home/kwon/pico-sdk/lib/tinyusb/src/device/usbd.c.o
 .bss._usbd_qdef_buf
                0x200016bc       0xc0 CMakeFiles/pico_buzzer_pwm.dir/home/kwon/pico-sdk/lib/tinyusb/src/device/usbd.c.o
                0x200016bc                _usbd_qdef_buf
 .bss._vendord_epbuf
                0x2000177c       0x80 CMakeFiles/pico_buzzer_pwm.dir/home/kwon/pico-sdk/lib/tinyusb/src/class/vendor/vendor_device.c.o
 .bss._vendord_itf
                0x200017fc      0x24c CMakeFiles/pico_buzzer_pwm.dir/home/kwon/pico-sdk/lib/tinyusb/src/class/vendor/vendor_device.c.o
 .bss.boot2_copyout
                0x20001a48      0x100 CMakeFiles/pico_buzzer_pwm.dir/home/kwon/pico-sdk/src/rp2_common/hardware_flash/flash.c.o
 .bss.chars_available_callback
                0x20001b48        0x4 CMakeFiles/pico_buzzer_pwm.dir/home/kwon/pico-sdk/src/rp2_common/pico_stdio_usb/stdio_usb.c.o
 .bss.chars_available_param
                0x20001b4c        0x4 CMakeFiles/pico_buzzer_pwm.dir/home/kwon/pico-sdk/src/rp2_common/pico_stdio_usb/stdio_usb.c.o
 .bss.claimed   0x20001b50        0x4 CMakeFiles/pico_buzzer_pwm.dir/home/kwon/pico-sdk/src/rp2_common/hardware_sync/sync.c.o
 .bss.claimed   0x20001b54        0x1 CMakeFiles/pico_buzzer_pwm.dir/home/kwon/pico-sdk/src/rp2_common/hardware_timer/timer.c.o
 *fill*         0x20001b55        0x3 
 .bss.configured_freq
                0x20001b58       0x28 CMakeFiles/pico_buzzer_pwm.dir/home/kwon/pico-sdk/src/rp2_common/hardware_clocks/clocks.c.o
 .bss.desc_str.0
                0x20001b80       0x28 CMakeFiles/pico_buzzer_pwm.dir/home/kwon/pico-sdk/src/rp2_common/pico_stdio_usb/stdio_usb_descriptors.c.o
 .bss.drivers   0x20001ba8        0x4 CMakeFiles/pico_buzzer_pwm.dir/home/kwon/pico-sdk/src/rp2_common/pico_stdio/stdio.c.o
 .bss.e15_last_sof
                0x20001bac        0x4 CMakeFiles/pico_buzzer_pwm.dir/home/kwon/pico-sdk/lib/tinyusb/src/portable/raspberrypi/rp2040/rp2040_usb.c.o
                0x20001bac                e15_last_sof
 .bss.filter    0x20001bb0        0x4 CMakeFiles/pico_buzzer_pwm.dir/home/kwon/pico-sdk/src/rp2_common/pico_stdio/stdio.c.o
 .bss.hw_endpoints
                0x20001bb4      0x400 CMakeFiles/pico_buzzer_pwm.dir/home/kwon/pico-sdk/lib/tinyusb/src/portable/raspberrypi/rp2040/dcd_rp2040.c.o
 .bss.lazy_vsnprintf
                0x20001fb4        0x4 CMakeFiles/pico_buzzer_pwm.dir/home/kwon/pico-sdk/src/rp2_common/pico_printf/printf.c.o
 .bss.load_value
                0x20001fb8        0x4 CMakeFiles/pico_buzzer_pwm.dir/home/kwon/pico-sdk/src/rp2_common/hardware_watchdog/watchdog.c.o
 .bss.next_buffer_ptr
                0x20001fbc        0x4 CMakeFiles/pico_buzzer_pwm.dir/home/kwon/pico-sdk/lib/tinyusb/src/portable/raspberrypi/rp2040/dcd_rp2040.c.o
 .bss.one_shot_timer_crit_sec
                0x20001fc0        0x8 CMakeFiles/pico_buzzer_pwm.dir/home/kwon/pico-sdk/src/rp2_common/pico_stdio_usb/stdio_usb.c.o
 .bss.pools     0x20001fc8       0x10 CMakeFiles/pico_buzzer_pwm.dir/home/kwon/pico-sdk/src/common/pico_time/time.c.o
 .bss.retrieved_id
                0x20001fd8        0x8 CMakeFiles/pico_buzzer_pwm.dir/home/kwon/pico-sdk/src/rp2_common/pico_unique_id/unique_id.c.o
 .bss.sf_clz_func
                0x20001fe0        0x4 CMakeFiles/pico_buzzer_pwm.dir/home/kwon/pico-sdk/src/rp2_common/pico_double/double_init_rom_rp2040.c.o
                0x20001fe0                sf_clz_func
 .bss.sf_table  0x20001fe4      0x100 CMakeFiles/pico_buzzer_pwm.dir/home/kwon/pico-sdk/src/rp2_common/pico_float/float_init_rom_rp2040.c.o
                0x20001fe4                sf_table
 .bss.sleep_notifier
                0x200020e4        0x4 CMakeFiles/pico_buzzer_pwm.dir/home/kwon/pico-sdk/src/common/pico_time/time.c.o
 .bss.stdio_usb_mutex
                0x200020e8        0x8 CMakeFiles/pico_buzzer_pwm.dir/home/kwon/pico-sdk/src/rp2_common/pico_stdio_usb/stdio_usb.c.o
 .bss.uart_char_to_line_feed
                0x200020f0        0x4 CMakeFiles/pico_buzzer_pwm.dir/home/kwon/pico-sdk/src/rp2_common/hardware_uart/uart.c.o
                0x200020f0                uart_char_to_line_feed
 .bss.usbd_serial_str
                0x200020f4       0x11 CMakeFiles/pico_buzzer_pwm.dir/home/kwon/pico-sdk/src/rp2_common/pico_stdio_usb/stdio_usb_descriptors.c.o
 .bss._app_driver_count
                0x20002105        0x1 CMakeFiles/pico_buzzer_pwm.dir/home/kwon/pico-sdk/lib/tinyusb/src/device/usbd.c.o
 .bss._sof_enable
                0x20002106        0x1 CMakeFiles/pico_buzzer_pwm.dir/home/kwon/pico-sdk/lib/tinyusb/src/portable/raspberrypi/rp2040/dcd_rp2040.c.o
 .bss._usbd_queued_setup
                0x20002107        0x1 CMakeFiles/pico_buzzer_pwm.dir/home/kwon/pico-sdk/lib/tinyusb/src/device/usbd.c.o
 .bss.boot2_copyout_valid
                0x20002108        0x1 CMakeFiles/pico_buzzer_pwm.dir/home/kwon/pico-sdk/src/rp2_common/hardware_flash/flash.c.o
 .bss.irq_handler_chain_free_slot_head
                0x20002109        0x1 CMakeFiles/pico_buzzer_pwm.dir/home/kwon/pico-sdk/src/rp2_common/hardware_irq/irq.c.o
 .bss.itf_num   0x2000210a        0x1 CMakeFiles/pico_buzzer_pwm.dir/home/kwon/pico-sdk/src/rp2_common/pico_stdio_usb/reset_interface.c.o
 .bss.low_priority_irq_num
                0x2000210b        0x1 CMakeFiles/pico_buzzer_pwm.dir/home/kwon/pico-sdk/src/rp2_common/pico_stdio_usb/stdio_usb.c.o
 .bss.one_shot_timer_pending
                0x2000210c        0x1 CMakeFiles/pico_buzzer_pwm.dir/home/kwon/pico-sdk/src/rp2_common/pico_stdio_usb/stdio_usb.c.o
 .bss.user_irq_claimed
                0x2000210d        0x1 CMakeFiles/pico_buzzer_pwm.dir/home/kwon/pico-sdk/src/rp2_common/hardware_irq/irq.c.o
 *(COMMON)
                0x20002110                        . = ALIGN (0x4)
 *fill*         0x2000210e        0x2 
                0x20002110                        __bss_end__ = .

.heap           0x20002110      0x800 load address 0x10008544
                0x20002110                        __end__ = .
                0x20002110                        end = __end__
 *(.heap*)
 .heap          0x20002110      0x800 CMakeFiles/pico_buzzer_pwm.dir/home/kwon/pico-sdk/src/rp2_common/pico_crt0/crt0.S.o
                0x20040000                        __HeapLimit = (ORIGIN (RAM) + LENGTH (RAM))

.scratch_x      0x20040000        0x0 load address 0x10008544
                0x20040000                        __scratch_x_start__ = .
 *(.scratch_x.*)
                0x20040000                        . = ALIGN (0x4)
                0x20040000                        __scratch_x_end__ = .
                0x10008544                        __scratch_x_source__ = LOADADDR (.scratch_x)

.scratch_y      0x20041000        0x0 load address 0x10008544
                0x20041000                        __scratch_y_start__ = .
 *(.scratch_y.*)
                0x20041000                        . = ALIGN (0x4)
                0x20041000                        __scratch_y_end__ = .
                0x10008544                        __scratch_y_source__ = LOADADDR (.scratch_y)

.stack1_dummy
 *(.stack1*)

.stack_dummy    0x20041000      0x800
 *(.stack*)
 .stack         0x20041000      0x800 CMakeFiles/pico_buzzer_pwm.dir/home/kwon/pico-sdk/src/rp2_common/pico_crt0/crt0.S.o

.rel.dyn        0x20041800        0x0
 .rel.iplt      0x20041800        0x0 /usr/lib/gcc/arm-none-eabi/13.2.1/thumb/v6-m/nofp/crtbegin.o

.flash_end      0x10008544        0x0
 *(.embedded_end_block*)
                0x10008544                        PROVIDE (__flash_binary_end = .)
                0x20040000                        __StackLimit = (ORIGIN (RAM) + LENGTH (RAM))
                0x20041000                        __StackOneTop = (ORIGIN (SCRATCH_X) + LENGTH (SCRATCH_X))
                0x20042000                        __StackTop = (ORIGIN (SCRATCH_Y) + LENGTH (SCRATCH_Y))
                0x20041000                        __StackOneBottom = (__StackOneTop - SIZEOF (.stack1_dummy))
                0x20041800                        __StackBottom = (__StackTop - SIZEOF (.stack_dummy))
                0x20042000                        PROVIDE (__stack = __StackTop)
                [!provide]                        PROVIDE (__heap_start = __end__)
                [!provide]                        PROVIDE (__heap_end = __HeapLimit)
                [!provide]                        PROVIDE (__tls_align = MAX (ALIGNOF (.tdata), ALIGNOF (.tbss)))
                [!provide]                        PROVIDE (__tls_size_align = (((__tls_size + __tls_align) - 0x1) & ~ ((__tls_align - 0x1))))
                [!provide]                        PROVIDE (__arm32_tls_tcb_offset = MAX (0x8, __tls_align))
                [!provide]                        PROVIDE (_end = __end__)
                [!provide]                        PROVIDE (__llvm_libc_heap_limit = __HeapLimit)
                0x00000001                        ASSERT ((__StackLimit >= __HeapLimit), region RAM overflowed)
                0x00000001                        ASSERT (((__binary_info_header_end - __logical_binary_start) <= 0x100), Binary info must be in first 256 bytes of the binary)
LOAD CMakeFiles/pico_buzzer_pwm.dir/src/main.cpp.o
LOAD CMakeFiles/pico_buzzer_pwm.dir/home/kwon/pico-sdk/src/rp2_common/pico_stdlib/stdlib.c.o
LOAD CMakeFiles/pico_buzzer_pwm.dir/home/kwon/pico-sdk/src/rp2_common/hardware_gpio/gpio.c.o
LOAD CMakeFiles/pico_buzzer_pwm.dir/home/kwon/pico-sdk/src/rp2040/pico_platform/platform.c.o
LOAD CMakeFiles/pico_buzzer_pwm.dir/home/kwon/pico-sdk/src/rp2_common/pico_platform_common/common.c.o
LOAD CMakeFiles/pico_buzzer_pwm.dir/home/kwon/pico-sdk/src/rp2_common/pico_platform_panic/panic.c.o
LOAD CMakeFiles/pico_buzzer_pwm.dir/home/kwon/pico-sdk/src/common/hardware_claim/claim.c.o
LOAD CMakeFiles/pico_buzzer_pwm.dir/home/kwon/pico-sdk/src/rp2_common/hardware_sync/sync.c.o
LOAD CMakeFiles/pico_buzzer_pwm.dir/home/kwon/pico-sdk/src/rp2_common/hardware_sync_spin_lock/sync_spin_lock.c.o
LOAD CMakeFiles/pico_buzzer_pwm.dir/home/kwon/pico-sdk/src/rp2_common/hardware_irq/irq.c.o
LOAD CMakeFiles/pico_buzzer_pwm.dir/home/kwon/pico-sdk/src/rp2_common/hardware_irq/irq_handler_chain.S.o
LOAD CMakeFiles/pico_buzzer_pwm.dir/home/kwon/pico-sdk/src/common/pico_sync/sem.c.o
LOAD CMakeFiles/pico_buzzer_pwm.dir/home/kwon/pico-sdk/src/common/pico_sync/lock_core.c.o
LOAD CMakeFiles/pico_buzzer_pwm.dir/home/kwon/pico-sdk/src/common/pico_sync/mutex.c.o
LOAD CMakeFiles/pico_buzzer_pwm.dir/home/kwon/pico-sdk/src/common/pico_sync/critical_section.c.o
LOAD CMakeFiles/pico_buzzer_pwm.dir/home/kwon/pico-sdk/src/common/pico_time/time.c.o
LOAD CMakeFiles/pico_buzzer_pwm.dir/home/kwon/pico-sdk/src/common/pico_time/timeout_helper.c.o
LOAD CMakeFiles/pico_buzzer_pwm.dir/home/kwon/pico-sdk/src/rp2_common/hardware_timer/timer.c.o
LOAD CMakeFiles/pico_buzzer_pwm.dir/home/kwon/pico-sdk/src/common/pico_util/datetime.c.o
LOAD CMakeFiles/pico_buzzer_pwm.dir/home/kwon/pico-sdk/src/common/pico_util/pheap.c.o
LOAD CMakeFiles/pico_buzzer_pwm.dir/home/kwon/pico-sdk/src/common/pico_util/queue.c.o
LOAD CMakeFiles/pico_buzzer_pwm.dir/home/kwon/pico-sdk/src/rp2_common/hardware_uart/uart.c.o
LOAD CMakeFiles/pico_buzzer_pwm.dir/home/kwon/pico-sdk/src/rp2_common/hardware_clocks/clocks.c.o
LOAD CMakeFiles/pico_buzzer_pwm.dir/home/kwon/pico-sdk/src/rp2_common/hardware_pll/pll.c.o
LOAD CMakeFiles/pico_buzzer_pwm.dir/home/kwon/pico-sdk/src/rp2_common/hardware_vreg/vreg.c.o
LOAD CMakeFiles/pico_buzzer_pwm.dir/home/kwon/pico-sdk/src/rp2_common/hardware_watchdog/watchdog.c.o
LOAD CMakeFiles/pico_buzzer_pwm.dir/home/kwon/pico-sdk/src/rp2_common/hardware_ticks/ticks.c.o
LOAD CMakeFiles/pico_buzzer_pwm.dir/home/kwon/pico-sdk/src/rp2_common/pico_bootrom/bootrom.c.o
LOAD CMakeFiles/pico_buzzer_pwm.dir/home/kwon/pico-sdk/src/rp2_common/pico_bootrom/bootrom_lock.c.o
LOAD CMakeFiles/pico_buzzer_pwm.dir/home/kwon/pico-sdk/src/rp2_common/hardware_boot_lock/boot_lock.c.o
LOAD CMakeFiles/pico_buzzer_pwm.dir/home/kwon/pico-sdk/src/rp2_common/pico_flash/flash.c.o
LOAD CMakeFiles/pico_buzzer_pwm.dir/home/kwon/pico-sdk/src/rp2_common/hardware_xosc/xosc.c.o
LOAD CMakeFiles/pico_buzzer_pwm.dir/home/kwon/pico-sdk/src/rp2_common/hardware_divider/divider.S.o
LOAD CMakeFiles/pico_buzzer_pwm.dir/home/kwon/pico-sdk/src/rp2_common/pico_runtime/runtime.c.o
LOAD CMakeFiles/pico_buzzer_pwm.dir/home/kwon/pico-sdk/src/rp2_common/pico_runtime_init/runtime_init.c.o
LOAD CMakeFiles/pico_buzzer_pwm.dir/home/kwon/pico-sdk/src/rp2_common/pico_runtime_init/runtime_init_clocks.c.o
LOAD CMakeFiles/pico_buzzer_pwm.dir/home/kwon/pico-sdk/src/rp2_common/pico_runtime_init/runtime_init_stack_guard.c.o
LOAD CMakeFiles/pico_buzzer_pwm.dir/home/kwon/pico-sdk/src/rp2_common/pico_bit_ops/bit_ops_aeabi.S.o
LOAD CMakeFiles/pico_buzzer_pwm.dir/home/kwon/pico-sdk/src/rp2_common/pico_divider/divider_hardware.S.o
LOAD CMakeFiles/pico_buzzer_pwm.dir/home/kwon/pico-sdk/src/rp2_common/pico_double/double_aeabi_rp2040.S.o
LOAD CMakeFiles/pico_buzzer_pwm.dir/home/kwon/pico-sdk/src/rp2_common/pico_double/double_init_rom_rp2040.c.o
LOAD CMakeFiles/pico_buzzer_pwm.dir/home/kwon/pico-sdk/src/rp2_common/pico_double/double_math.c.o
LOAD CMakeFiles/pico_buzzer_pwm.dir/home/kwon/pico-sdk/src/rp2_common/pico_double/double_v1_rom_shim_rp2040.S.o
LOAD CMakeFiles/pico_buzzer_pwm.dir/home/kwon/pico-sdk/src/rp2_common/pico_int64_ops/pico_int64_ops_aeabi.S.o
LOAD CMakeFiles/pico_buzzer_pwm.dir/home/kwon/pico-sdk/src/rp2_common/pico_float/float_aeabi_rp2040.S.o
LOAD CMakeFiles/pico_buzzer_pwm.dir/home/kwon/pico-sdk/src/rp2_common/pico_float/float_init_rom_rp2040.c.o
LOAD CMakeFiles/pico_buzzer_pwm.dir/home/kwon/pico-sdk/src/rp2_common/pico_float/float_math.c.o
LOAD CMakeFiles/pico_buzzer_pwm.dir/home/kwon/pico-sdk/src/rp2_common/pico_float/float_v1_rom_shim_rp2040.S.o
LOAD CMakeFiles/pico_buzzer_pwm.dir/home/kwon/pico-sdk/src/rp2_common/pico_malloc/malloc.c.o
LOAD CMakeFiles/pico_buzzer_pwm.dir/home/kwon/pico-sdk/src/rp2_common/pico_mem_ops/mem_ops_aeabi.S.o
LOAD CMakeFiles/pico_buzzer_pwm.dir/home/kwon/pico-sdk/src/rp2_common/pico_atomic/atomic.c.o
LOAD CMakeFiles/pico_buzzer_pwm.dir/home/kwon/pico-sdk/src/rp2_common/pico_cxx_options/new_delete.cpp.o
LOAD CMakeFiles/pico_buzzer_pwm.dir/home/kwon/pico-sdk/src/rp2_common/pico_standard_binary_info/standard_binary_info.c.o
LOAD CMakeFiles/pico_buzzer_pwm.dir/home/kwon/pico-sdk/src/rp2_common/pico_printf/printf.c.o
LOAD CMakeFiles/pico_buzzer_pwm.dir/home/kwon/pico-sdk/src/rp2_common/pico_crt0/crt0.S.o
LOAD CMakeFiles/pico_buzzer_pwm.dir/home/kwon/pico-sdk/src/rp2_common/pico_clib_interface/newlib_interface.c.o
LOAD CMakeFiles/pico_buzzer_pwm.dir/home/kwon/pico-sdk/src/rp2_common/pico_stdio/stdio.c.o
LOAD CMakeFiles/pico_buzzer_pwm.dir/home/kwon/pico-sdk/src/rp2_common/pico_stdio_usb/reset_interface.c.o
LOAD CMakeFiles/pico_buzzer_pwm.dir/home/kwon/pico-sdk/src/rp2_common/pico_stdio_usb/stdio_usb.c.o
LOAD CMakeFiles/pico_buzzer_pwm.dir/home/kwon/pico-sdk/src/rp2_common/pico_stdio_usb/stdio_usb_descriptors.c.o
LOAD CMakeFiles/pico_buzzer_pwm.dir/home/kwon/pico-sdk/src/rp2_common/pico_unique_id/unique_id.c.o
LOAD CMakeFiles/pico_buzzer_pwm.dir/home/kwon/pico-sdk/src/rp2_common/hardware_flash/flash.c.o
LOAD CMakeFiles/pico_buzzer_pwm.dir/home/kwon/pico-sdk/src/rp2_common/hardware_xip_cache/xip_cache.c.o
LOAD CMakeFiles/pico_buzzer_pwm.dir/home/kwon/pico-sdk/lib/tinyusb/src/portable/raspberrypi/rp2040/dcd_rp2040.c.o
LOAD CMakeFiles/pico_buzzer_pwm.dir/home/kwon/pico-sdk/lib/tinyusb/src/portable/raspberrypi/rp2040/rp2040_usb.c.o
LOAD CMakeFiles/pico_buzzer_pwm.dir/home/kwon/pico-sdk/lib/tinyusb/src/device/usbd.c.o
LOAD CMakeFiles/pico_buzzer_pwm.dir/home/kwon/pico-sdk/lib/tinyusb/src/device/usbd_control.c.o
LOAD CMakeFiles/pico_buzzer_pwm.dir/home/kwon/pico-sdk/lib/tinyusb/src/class/audio/audio_device.c.o
LOAD CMakeFiles/pico_buzzer_pwm.dir/home/kwon/pico-sdk/lib/tinyusb/src/class/cdc/cdc_device.c.o
LOAD CMakeFiles/pico_buzzer_pwm.dir/home/kwon/pico-sdk/lib/tinyusb/src/class/dfu/dfu_device.c.o